11-27 19:27:47.713  1231  4033 I TetherStatsReporting:   [26] iface=wlan0 uid=10019 set=DEFAULT tag=0x0 rxBytes=80506 rxPackets=120 txBytes=37694 txPackets=133 operations=0
11-27 19:27:47.713  1231  4033 I TetherStatsReporting:   [27] iface=wlan0 uid=10019 set=FOREGROUND tag=0x0 rxBytes=0 rxPackets=0 txBytes=0 txPackets=0 operations=0
11-27 19:27:47.713  1231  4033 I TetherStatsReporting:   [28] iface=wlan0 uid=10024 set=DEFAULT tag=0x0 rxBytes=24181 rxPackets=21 txBytes=1628 txPackets=15 operations=0
11-27 19:27:47.713  1231  4033 I TetherStatsReporting:   [29] iface=wlan0 uid=10024 set=FOREGROUND tag=0x0 rxBytes=0 rxPackets=0 txBytes=0 txPackets=0 operations=0
11-27 19:27:47.713  1231  4033 I TetherStatsReporting:   [30] iface=wlan0 uid=10028 set=DEFAULT tag=0x0 rxBytes=1055 rxPackets=8 txBytes=1539 txPackets=17 operations=0
11-27 19:27:47.713  1231  4033 I TetherStatsReporting:   [31] iface=wlan0 uid=10028 set=FOREGROUND tag=0x0 rxBytes=0 rxPackets=0 txBytes=0 txPackets=0 operations=0
11-27 19:27:47.713  1231  4033 I TetherStatsReporting:   [32] iface=wlan0 uid=10042 set=DEFAULT tag=0x0 rxBytes=35563 rxPackets=69 txBytes=17894 txPackets=89 operations=0
11-27 19:27:47.713  1231  4033 I TetherStatsReporting:   [33] iface=wlan0 uid=10042 set=FOREGROUND tag=0x0 rxBytes=0 rxPackets=0 txBytes=0 txPackets=0 operations=0
11-27 19:27:47.713  1231  4033 I TetherStatsReporting:   [34] iface=wlan0 uid=10044 set=DEFAULT tag=0x0 rxBytes=60 rxPackets=1 txBytes=164 txPackets=3 operations=0
11-27 19:27:47.713  1231  4033 I TetherStatsReporting:   [35] iface=wlan0 uid
11-27 19:27:47.713  1231  4033 I TetherStatsReporting: combining tether stats
11-27 19:27:47.714  4813  4839 D QtiTetherService/IpaWrapper: getStats(false)
11-27 19:27:47.728  1231  4033 D NtpTrustedTime: currentTimeMillis() cache hit
11-27 19:27:47.729  1231  4035 D NtpTrustedTime: currentTimeMillis() cache hit
11-27 19:27:47.729  1231  4035 D NtpTrustedTime: currentTimeMillis() cache hit
11-27 19:27:47.756  1231  1441 W GpsLocationProvider: inject location, lat: 51.53245657698058, lon: 9.934538830006119
11-27 19:27:47.786 19128 19601 D com.tenforwardconsulting.bgloc.DistanceFilterLocationProvider: Entering stationary region
11-27 19:27:48.063  1231  1441 W GpsLocationProvider: inject location, lat: 51.53244821696146, lon: 9.934528443098143
11-27 19:27:48.364  1231  1441 W GpsLocationProvider: inject location, lat: 51.532435699955215, lon: 9.934533036825545
11-27 19:27:48.670  1231  1441 W GpsLocationProvider: inject location, lat: 51.53244802350881, lon: 9.934538126796424
11-27 19:27:48.750   579   579 I MSM-irqbalance: Decided to move IRQ128 from CPU1 to CPU3
11-27 19:27:48.983  1231  1441 W GpsLocationProvider: inject location, lat: 51.5324565046371, lon: 9.934548415053795
11-27 19:27:49.180   358   358 W auditd  : type=1400 "ipacm""/dev/socket/ipacm_log_file"
11-27 19:27:49.180   358   358 W auditd  : type=1400 "ipacm""/dev/socket/ipacm_log_file"
11-27 19:27:49.180   358   358 W auditd  : type=1400 "ipacm""/dev/socket/ipacm_log_file"
11-27 19:27:49.181   358   358 W auditd  : type=1400 "ipacm""/dev/socket/ipacm_log_file"
11-27 19:27:49.289  1231  1441 W GpsLocationProvider: inject location, lat: 51.53245554219972, lon: 9.934535116501575
11-27 19:27:49.586  1231  1441 W GpsLocationProvider: inject location, lat: 51.532444332347275, lon: 9.934527897292128
11-27 19:27:49.893  1231  1441 W GpsLocationProvider: inject location, lat: 51.53243393305102, lon: 9.934536241896025
11-27 19:27:50.205  1231  1441 W GpsLocationProvider: inject location, lat: 51.53244526428032, lon: 9.934543269058992
11-27 19:27:50.503  1231  1441 W GpsLocationProvider: inject location, lat: 51.5324585715926, lon: 9.93454410165534
11-27 19:27:50.822  1231  1441 W GpsLocationProvider: inject location, lat: 51.53244802462148, lon: 9.93453594450038
11-27 19:27:51.131  1231  1441 W GpsLocationProvider: inject location, lat: 51.53246041251427, lon: 9.93453101318319
11-27 19:27:51.412  1231  1441 W GpsLocationProvider: inject location, lat: 51.532467132939594, lon: 9.934542528983656
11-27 19:27:51.725  1231  1441 W GpsLocationProvider: inject location, lat: 51.53247992165628, lon: 9.93454630078724
11-27 19:27:51.769  1231  1231 I DeviceIdleController: updateChargingLocked: charging=true
11-27 19:27:51.769  1231  1231 I DeviceIdleController: becomeActiveLocked, reason = charging
11-27 19:27:52.035  1231  1441 W GpsLocationProvider: inject location, lat: 51.53249215416557, lon: 9.934551605831398
11-27 19:27:52.328  1231  1441 W GpsLocationProvider: inject location, lat: 51.53250168006629, lon: 9.934560935086047
11-27 19:27:52.632  1231  1441 W GpsLocationProvider: inject location, lat: 51.532512440630306, lon: 9.934553061837741
11-27 19:27:52.941  1231  1441 W GpsLocationProvider: inject location, lat: 51.53249948664917, lon: 9.934556219708819
11-27 19:27:52.979  1231  5239 I ActivityManager: Process com.instagram.android (pid 15259) has died
11-27 19:27:52.979  1231  1441 V ActivityManager: killProcessGroupAsync took 0 ms for PID 15259 on thread 14
11-27 19:27:52.981   399   399 E lowmemorykiller: Error writing /proc/14088/oom_score_adj; errno=22
11-27 19:27:52.990  1231  4877 D ConnectivityService: ConnectivityService NetworkRequestInfo binderDied(NetworkRequest [ id=5, legacyType=-1, [ Capabilities: INTERNET&NOT_RESTRICTED&TRUSTED&NOT_VPN] ], android.os.BinderProxy@793b3ed)
11-27 19:27:52.990  1231  4044 D ConnectivityService: releasing NetworkRequest NetworkRequest [ id=5, legacyType=-1, [ Capabilities: INTERNET&NOT_RESTRICTED&TRUSTED&NOT_VPN] ]
11-27 19:27:53.000  1231  4667 I ActivityManager: Process com.android.vending (pid 14088) has died
11-27 19:27:53.000  1231  4044 D ConnectivityService: sending notification RELEASED for NetworkRequest [ id=5, legacyType=-1, [ Capabilities: INTERNET&NOT_RESTRICTED&TRUSTED&NOT_VPN] ]
11-27 19:27:53.001  1231  1441 V ActivityManager: killProcessGroupAsync took 0 ms for PID 14088 on thread 14
11-27 19:27:53.006  1231  4044 E ConnectivityService: RemoteException caught trying to send a callback msg for NetworkRequest [ id=5, legacyType=-1, [ Capabilities: INTERNET&NOT_RESTRICTED&TRUSTED&NOT_VPN] ]
11-27 19:27:53.011  1231  4667 E JavaBinder: !!! FAILED BINDER TRANSACTION !!!  (parcel size = 76)
11-27 19:27:53.034  1231  5240 I ActivityManager: Process com.google.process.gapps (pid 5061) has died
11-27 19:27:53.049  1231  5239 I ActivityManager: Process com.android.cellbroadcastreceiver (pid 18595) has died
11-27 19:27:53.069  1231  5105 I ActivityManager: Process com.android.defcontainer (pid 18642) has died
11-27 19:27:53.415 15142 15142 I MemoryTrimmer: Trimming objects from memory, since app is in the background.
11-27 19:27:53.740  1231  1441 V ActivityManager: killProcessGroupAsync took 0 ms for PID 5061 on thread 14
11-27 19:27:53.740  1231  1441 V ActivityManager: killProcessGroupAsync took 0 ms for PID 18595 on thread 14
11-27 19:27:53.740  1231  1441 V ActivityManager: killProcessGroupAsync took 0 ms for PID 18642 on thread 14
11-27 19:27:53.740  1231  1441 W GpsLocationProvider: inject location, lat: 51.53249654657388, lon: 9.934542804639785
11-27 19:27:53.750   579   579 I MSM-irqbalance: Decided to move IRQ65 from CPU1 to CPU3
11-27 19:27:53.851  1231  1441 W GpsLocationProvider: inject location, lat: 51.53250299045245, lon: 9.934531131842098
11-27 19:27:54.149  1231  1441 W GpsLocationProvider: inject location, lat: 51.5325153429244, lon: 9.934526112458304
11-27 19:27:54.454  1231  1441 W GpsLocationProvider: inject location, lat: 51.53252843419243, lon: 9.934528641584286
11-27 19:27:54.689  1231  5239 I ActivityManager: Process com.google.android.googlequicksearchbox:search (pid 15142) has died
11-27 19:27:54.698  1231  4043 D WifiService: Client connection lost with reason: 4
11-27 19:27:54.700  1231  5105 I ActivityManager: Process com.tinder (pid 15709) has died
11-27 19:27:54.700  1231  1441 V ActivityManager: killProcessGroupAsync took 8 ms for PID 15142 on thread 14
11-27 19:27:54.700  1231  1441 V ActivityManager: killProcessGroupAsync took 0 ms for PID 15709 on thread 14
11-27 19:27:54.709  1231  4866 I ActivityManager: Process com.android.settings (pid 18582) has died
11-27 19:27:54.709  1231  1441 V ActivityManager: killProcessGroupAsync took 0 ms for PID 18582 on thread 14
11-27 19:27:54.709  1231  1299 D GraphicsStats: Buffer count: 5
11-27 19:27:54.709  1231  3998 W InputDispatcher: channel 'a50bbc2 com.android.settings/com.android.settings.Settings (server)' ~ Consumer closed input channel or an error occurred.  events=0x9
11-27 19:27:54.709  1231  3998 E InputDispatcher: channel 'a50bbc2 com.android.settings/com.android.settings.Settings (server)' ~ Channel is unrecoverably broken and will be disposed!
11-27 19:27:54.716  1231  5241 I WindowState: WIN DEATH: Window{ca172cb u0 com.android.settings/com.android.settings.SubSettings}
11-27 19:27:54.720  1231  3998 W InputDispatcher: channel '88cc1f5 com.android.settings/com.android.settings.SubSettings (server)' ~ Consumer closed input channel or an error occurred.  events=0x9
11-27 19:27:54.720  1231  3998 E InputDispatcher: channel '88cc1f5 com.android.settings/com.android.settings.SubSettings (server)' ~ Channel is unrecoverably broken and will be disposed!
11-27 19:27:54.735  1231  5239 I WindowState: WIN DEATH: Window{88cc1f5 u0 com.android.settings/com.android.settings.SubSettings}
11-27 19:27:54.735  1231  5239 W InputDispatcher: Attempted to unregister already unregistered input channel '88cc1f5 com.android.settings/com.android.settings.SubSettings (server)'
11-27 19:27:54.737  1231  1295 I WindowState: WIN DEATH: Window{a50bbc2 u0 com.android.settings/com.android.settings.Settings}
11-27 19:27:54.737  1231  1295 W InputDispatcher: Attempted to unregister already unregistered input channel 'a50bbc2 com.android.settings/com.android.settings.Settings (server)'
11-27 19:27:54.765  1231  1441 W GpsLocationProvider: inject location, lat: 51.53252499605028, lon: 9.934541524012452
11-27 19:27:55.060  1231  1441 W GpsLocationProvider: inject location, lat: 51.53251843484533, lon: 9.934553131267359
11-27 19:27:55.365  1231  1441 W GpsLocationProvider: inject location, lat: 51.5325314515244, lon: 9.934556019838448
11-27 19:27:55.687  1231  1441 W GpsLocationProvider: inject location, lat: 51.53253868175785, lon: 9.934567222583699
11-27 19:27:55.970  1231  1441 W GpsLocationProvider: inject location, lat: 51.532525361962975, lon: 9.934566621882933
11-27 19:27:56.139  1231  4242 I ActivityManager: Process com.android.packageinstaller (pid 18734) has died
11-27 19:27:56.139  1231  4667 D GraphicsStats: Buffer count: 4
11-27 19:27:56.139  1231  5241 I WindowState: WIN DEATH: Window{1fbfc75 u0 com.android.packageinstaller/com.android.packageinstaller.permission.ui.ManagePermissionsActivity}
11-27 19:27:56.139  1231  1441 V ActivityManager: killProcessGroupAsync took 0 ms for PID 18734 on thread 14
11-27 19:27:56.195  4655  4665 I art     : Background sticky concurrent mark sweep GC freed 301475(12MB) AllocSpace objects, 2(40KB) LOS objects, 29% free, 30MB/43MB, paused 1.145ms total 208.225ms
11-27 19:27:56.274  1231  1441 W GpsLocationProvider: inject location, lat: 51.53251202922764, lon: 9.934566748158224
11-27 19:27:56.592  1231  1441 W GpsLocationProvider: inject location, lat: 51.53250376150031, lon: 9.934577208677409
11-27 19:27:56.880  1231  1441 W GpsLocationProvider: inject location, lat: 51.532492637582536, lon: 9.934569857743437
11-27 19:27:57.193  1231  1441 W GpsLocationProvider: inject location, lat: 51.53250482115454, lon: 9.93457527423217
11-27 19:27:57.490  1231  1441 W GpsLocationProvider: inject location, lat: 51.532516124719535, lon: 9.934582345808742
11-27 19:27:57.721  1231  5239 I ActivityManager: Process com.qualcomm.telephony (pid 5598) has died
11-27 19:27:57.721  1231  1441 V ActivityManager: killProcessGroupAsync took 0 ms for PID 5598 on thread 14
11-27 19:27:57.801  1231  1441 W GpsLocationProvider: inject location, lat: 51.532520631813235, lon: 9.934594894270134
11-27 19:27:57.886  1231  5239 W ActivityManager: Scheduling restart of crashed service com.qualcomm.simcontacts/.SimContactsService in 1000ms
11-27 19:27:57.893  1231  4866 I ActivityManager: Process com.android.engineeringmode (pid 7240) has died
11-27 19:27:57.894  1231  1441 V ActivityManager: killProcessGroupAsync took 0 ms for PID 7240 on thread 14
11-27 19:27:57.900  1231  4866 W ActivityManager: Scheduling restart of crashed service com.android.engineeringmode/.nvbackup.NVBackupStatusService in 10967ms
11-27 19:27:57.903  1231  5105 I ActivityManager: Process com.qualcomm.qti.modemtestmode (pid 7255) has died
11-27 19:27:57.903  1231  5105 W ActivityManager: Scheduling restart of crashed service com.qualcomm.qti.modemtestmode/.MbnSystemService in 20964ms
11-27 19:27:57.906  1231  1295 I ActivityManager: Process org.telegram.messenger (pid 5324) has died
11-27 19:27:57.906  1231  1441 V ActivityManager: killProcessGroupAsync took 1 ms for PID 7255 on thread 14
11-27 19:27:57.906  1231  1295 W ActivityManager: Scheduling restart of crashed service org.telegram.messenger/.NotificationsService in 30961ms
11-27 19:27:57.906  1231  1441 V ActivityManager: killProcessGroupAsync took 0 ms for PID 5324 on thread 14
11-27 19:27:57.936 19128 19601 D com.tenforwardconsulting.bgloc.DistanceFilterLocationProvider: Exiting stationary region
11-27 19:27:57.983 19128 19601 I com.tenforwardconsulting.bgloc.DistanceFilterLocationProvider: Fetching last best location: radius=1.0 minTime=1480271272983
11-27 19:27:57.991 19128 19601 D com.tenforwardconsulting.bgloc.DistanceFilterLocationProvider: Test provider=passive lat=51.532525 lon=9.9345182 acy=3.772 v=0.34229663m/s time=1480271277787
11-27 19:27:57.997 19128 19601 D com.tenforwardconsulting.bgloc.DistanceFilterLocationProvider: Test provider=gps lat=51.53252499892733 lon=9.934518161807192 acy=3.7724934 v=0.34229663m/s time=1480271277787
11-27 19:27:58.003 19128 19601 D com.tenforwardconsulting.bgloc.DistanceFilterLocationProvider: Test provider=network lat=51.532520631813235 lon=9.934594894270134 acy=1.9727144 v=0.64194053m/s time=1480271277635
11-27 19:27:58.008 19128 19601 D com.tenforwardconsulting.bgloc.DistanceFilterLocationProvider: Best result found provider=network lat=51.532520631813235 lon=9.934594894270134 acy=1.9727144 v=0.64194053m/s time=1480271277635
11-27 19:27:58.014 19128 19601 I com.tenforwardconsulting.bgloc.DistanceFilterLocationProvider: Exited stationary: lat=51.532520631813235 long=9.934594894270134 acy=1.9727144}'
11-27 19:27:58.023 19128 19601 I com.tenforwardconsulting.bgloc.DistanceFilterLocationProvider: Setting pace: true
11-27 19:27:58.036  1231  4648 I ActivityManager: Process com.google.android.apps.messaging:rcs (pid 7770) has died
11-27 19:27:58.036  1231  1441 V ActivityManager: killProcessGroupAsync took 0 ms for PID 7770 on thread 14
11-27 19:27:58.036  1231  4648 W ActivityManager: Scheduling restart of crashed service com.google.android.apps.messaging/com.google.android.rcs.service.service.JibeService in 40831ms
11-27 19:27:58.039  1231  4866 E LocationManagerService: request location: pid=19128, uid=10565, provider=passive, package=de.fpo.greencity
11-27 19:27:58.040  1231  4877 E LocationManagerService: request location: pid=19128, uid=10565, provider=gps, package=de.fpo.greencity
11-27 19:27:58.041  1231  5238 E LocationManagerService: request location: pid=19128, uid=10565, provider=network, package=de.fpo.greencity
11-27 19:27:58.069  1231  4667 I ActivityManager: Process com.whatsapp (pid 5029) has died
11-27 19:27:58.070  1231  4667 W ActivityManager: Scheduling restart of crashed service com.whatsapp/.ExternalMediaManager in 50798ms
11-27 19:27:58.070  1231  1441 V ActivityManager: killProcessGroupAsync took 0 ms for PID 5029 on thread 14
11-27 19:27:58.098 19128 19601 D com.tenforwardconsulting.bgloc.DistanceFilterLocationProvider: Location change: Location[network 51,532507,9,934594 acc=4 et=+15m13s388ms alt=157.64500427246094 vel=0.49110106 mock {Bundle[mParcelledData.dataSize=456]}] isMoving=true
11-27 19:27:58.108  1231  1441 W GpsLocationProvider: inject location, lat: 51.532507328967036, lon: 9.934593993126466
11-27 19:27:58.113 19128 19601 D com.tenforwardconsulting.bgloc.DistanceFilterLocationProvider: Location change: Location[network 51,532507,9,934594 acc=4 et=+15m13s388ms alt=157.64500427246094 vel=0.49110106 mock {Bundle[mParcelledData.dataSize=456]}] isMoving=true
11-27 19:27:58.126 19128 19601 D com.tenforwardconsulting.bgloc.DistanceFilterLocationProvider: Location change: Location[gps 51,532538,9,934521 acc=4 et=+15m13s388ms alt=161.32168579101563 vel=0.118162416 mock] isMoving=true
11-27 19:27:58.139 19128 19601 I com.tenforwardconsulting.bgloc.DistanceFilterLocationProvider: Setting pace: true
11-27 19:27:58.159  1231  4843 D GraphicsStats: Buffer count: 3
11-27 19:27:58.160  1231  4877 I ActivityManager: Process com.android.launcher3 (pid 4875) has died
11-27 19:27:58.160  1231  5105 I WindowState: WIN DEATH: Window{aba8c4 u0 com.android.launcher3/com.android.launcher3.Launcher}
11-27 19:27:58.160  1231  1441 V ActivityManager: killProcessGroupAsync took 0 ms for PID 4875 on thread 14
11-27 19:27:58.177  1231  4242 E LocationManagerService: request location: pid=19128, uid=10565, provider=gps, package=de.fpo.greencity
11-27 19:27:58.179 19128 19601 D com.marianhello.bgloc.LocationService: New location BGLocation[gps 51,532538,9,934521 id=null acc=4 t=1480271277921 et=+15m13s388ms alt=161.32168579101563 vel=0.118162416 mock locprov=0]
11-27 19:27:58.221  1231  4043 D WifiService: Client connection lost with reason: 4
11-27 19:27:58.232  1231  4877 V BoostFramework: BoostFramework() : mPerf = com.qualcomm.qti.Performance@de4e245
11-27 19:27:58.240 19128 19601 D com.marianhello.bgloc.LocationService: Persisted location: BGLocation[gps 51,532538,9,934521 id=272 acc=4 t=1480271277921 et=+15m13s388ms alt=161.32168579101563 vel=0.118162416 mock locprov=0]
11-27 19:27:58.272 19128 19212 D com.tenforwardconsulting.cordova.BackgroundGeolocationPlugin: Sending location to webview
11-27 19:27:58.273 19128 19601 D com.tenforwardconsulting.bgloc.DistanceFilterLocationProvider: Location change: Location[gps 51,532538,9,934521 acc=4 et=+15m13s388ms alt=161.32168579101563 vel=0.118162416 mock {Bundle[mParcelledData.dataSize=456]}] isMoving=true
11-27 19:27:58.407 19128 19601 D com.tenforwardconsulting.bgloc.DistanceFilterLocationProvider: Location change: Location[gps 51,532529,9,934531 acc=3 et=+15m13s694ms alt=157.36865234375 vel=0.17590418 mock] isMoving=true
11-27 19:27:58.421  1231  1441 W GpsLocationProvider: inject location, lat: 51.532518280003124, lon: 9.934586387037761
11-27 19:27:58.427 19128 19601 D com.marianhello.bgloc.LocationService: New location BGLocation[gps 51,532529,9,934531 id=null acc=3 t=1480271278344 et=+15m13s694ms alt=157.36865234375 vel=0.17590418 mock locprov=0]
11-27 19:27:58.462 19128 19601 D com.marianhello.bgloc.LocationService: Persisted location: BGLocation[gps 51,532529,9,934531 id=273 acc=3 t=1480271278344 et=+15m13s694ms alt=157.36865234375 vel=0.17590418 mock locprov=0]
11-27 19:27:58.480 19128 19212 D com.tenforwardconsulting.cordova.BackgroundGeolocationPlugin: Sending location to webview
11-27 19:27:58.535  1231  4877 I ActivityManager: Start proc 19666:com.android.launcher3/1000 for activity
11-27 19:27:58.536  1231  5240 I ActivityManager: Process android.process.media (pid 4234) has died
11-27 19:27:58.536  1231  1441 V ActivityManager: killProcessGroupAsync took 1 ms for PID 4234 on thread 14
11-27 19:27:58.537  1231  5240 W ActivityManager: Scheduling restart of crashed service com.android.providers.media/.MtpService in 1783254ms
11-27 19:27:58.540  1231  4866 I ActivityManager: Process net.oneplus.odm (pid 6329) has died
11-27 19:27:58.540  1231  1441 V ActivityManager: killProcessGroupAsync took 0 ms for PID 6329 on thread 14
11-27 19:27:58.540  1231  4866 W ActivityManager: Scheduling restart of crashed service net.oneplus.odm/.DeviceManagerService in 50327ms
11-27 19:27:58.540  1231  4866 W ActivityManager: Scheduling restart of crashed service net.oneplus.odm/.insight.OneplusAnalyticsJobService in 60327ms
11-27 19:27:58.697 19666 19666 W System  : ClassLoader referenced unknown path: /system/app/Launcher3/lib/arm64
11-27 19:27:58.707  1231  1441 W GpsLocationProvider: inject location, lat: 51.532531378890006, lon: 9.934588876403023
11-27 19:27:58.751   579   579 I MSM-irqbalance: Decided to move IRQ216 from CPU1 to CPU0
11-27 19:27:58.941  1231  1447 I ActivityManager: Start proc 19679:com.qualcomm.telephony/1000 for service com.qualcomm.simcontacts/.SimContactsService
11-27 19:27:58.973  1231  1299 I ActivityManager: Process android.process.acore (pid 5130) has died
11-27 19:27:58.975  1231  1441 V ActivityManager: killProcessGroupAsync took 0 ms for PID 5130 on thread 14
11-27 19:27:58.987  1231  5241 D CountryDetector: No listener is left
11-27 19:27:58.995   399   399 E lowmemorykiller: Error writing /proc/6139/oom_score_adj; errno=22
11-27 19:27:59.003  1231  4242 I ActivityManager: Process com.android.dialer (pid 6139) has died
11-27 19:27:59.004  1231  4242 W ActivityManager: Scheduling restart of crashed service com.android.dialer/com.oneplus.dialer.OPDialerPersistService in 69864ms
11-27 19:27:59.039  1231  1441 V ActivityManager: killProcessGroupAsync took 0 ms for PID 6139 on thread 14
11-27 19:27:59.039  1231  1441 W GpsLocationProvider: inject location, lat: 51.532520282962224, lon: 9.93458148328707
11-27 19:27:59.041  1231  4877 I ActivityManager: Process net.oneplus.odm.provider (pid 5416) has died
11-27 19:27:59.041  1231  1441 V ActivityManager: killProcessGroupAsync took 0 ms for PID 5416 on thread 14
11-27 19:27:59.052 19679 19679 W System  : ClassLoader referenced unknown path: /system/app/SimContacts/lib/arm64
11-27 19:27:59.075 19679 19679 D SimContactsService: service onCreate!
11-27 19:27:59.101 19679 19679 D SimContactsService: service onStart!
11-27 19:27:59.101 19679 19679 D SimContactsService: service onStart! intent is null
11-27 19:27:59.139  1231  5240 I ActivityManager: Process com.qualcomm.telephony (pid 19679) has died
11-27 19:27:59.140  1231  5240 W ActivityManager: Scheduling restart of crashed service com.qualcomm.simcontacts/.SimContactsService in 79728ms
11-27 19:27:59.142  1231  1441 V ActivityManager: killProcessGroupAsync took 1 ms for PID 19679 on thread 14
11-27 19:27:59.340  1231  5105 D GraphicsStats: Buffer count: 2
11-27 19:27:59.340  1231  4648 I ActivityManager: Process com.lexa.fakegps (pid 18184) has died
11-27 19:27:59.341  1231  1441 V ActivityManager: killProcessGroupAsync took 0 ms for PID 18184 on thread 14
11-27 19:27:59.341  1231  4648 W ActivityManager: Scheduling restart of crashed service com.lexa.fakegps/.FakeGPSService in 89526ms
11-27 19:27:59.382  1231  5238 I ActivityManager: Process com.google.android.inputmethod.latin (pid 4636) has died
11-27 19:27:59.385  1231  1441 V ActivityManager: killProcessGroupAsync took 0 ms for PID 4636 on thread 14
11-27 19:27:59.393  1231  5238 W ActivityManager: Scheduling restart of crashed service com.google.android.inputmethod.latin/com.android.inputmethod.latin.LatinIME in 99474ms
11-27 19:27:59.442  1231  1231 W InputMethodManagerService: Session failed to close due to remote exception
11-27 19:27:59.442  1231  1231 W InputMethodManagerService: android.os.DeadObjectException
11-27 19:27:59.442  1231  1231 W InputMethodManagerService: 	at android.os.BinderProxy.transactNative(Native Method)
11-27 19:27:59.442  1231  1231 W InputMethodManagerService: 	at android.os.BinderProxy.transact(Binder.java:527)
11-27 19:27:59.442  1231  1231 W InputMethodManagerService: 	at com.android.internal.view.IInputMethodSession$Stub$Proxy.finishSession(IInputMethodSession.java:305)
11-27 19:27:59.442  1231  1231 W InputMethodManagerService: 	at com.android.server.InputMethodManagerService.finishSessionLocked(InputMethodManagerService.java:1706)
11-27 19:27:59.442  1231  1231 W InputMethodManagerService: 	at com.android.server.InputMethodManagerService.clearClientSessionLocked(InputMethodManagerService.java:1697)
11-27 19:27:59.442  1231  1231 W InputMethodManagerService: 	at com.android.server.InputMethodManagerService.clearCurMethodLocked(InputMethodManagerService.java:1723)
11-27 19:27:59.442  1231  1231 W InputMethodManagerService: 	at com.android.server.InputMethodManagerService.onServiceDisconnected(InputMethodManagerService.java:1742)
11-27 19:27:59.442  1231  1231 W InputMethodManagerService: 	at android.app.LoadedApk$ServiceDispatcher.doDeath(LoadedApk.java:1256)
11-27 19:27:59.442  1231  1231 W InputMethodManagerService: 	at android.app.LoadedApk$ServiceDispatcher$RunConnection.run(LoadedApk.java:1270)
11-27 19:27:59.442  1231  1231 W InputMethodManagerService: 	at android.os.Handler.handleCallback(Handler.java:739)
11-27 19:27:59.442  1231  1231 W InputMethodManagerService: 	at android.os.Handler.dispatchMessage(Handler.java:95)
11-27 19:27:59.442  1231  1231 W InputMethodManagerService: 	at android.os.Looper.loop(Looper.java:152)
11-27 19:27:59.442  1231  1231 W InputMethodManagerService: 	at com.android.server.SystemServer.run(SystemServer.java:286)
11-27 19:27:59.442  1231  1231 W InputMethodManagerService: 	at com.android.server.SystemServer.main(SystemServer.java:171)
11-27 19:27:59.442  1231  1231 W InputMethodManagerService: 	at java.lang.reflect.Method.invoke(Native Method)
11-27 19:27:59.442  1231  1231 W InputMethodManagerService: 	at com.android.internal.os.ZygoteInit$MethodAndArgsCaller.run(ZygoteInit.java:726)
11-27 19:27:59.442  1231  1231 W InputMethodManagerService: 	at com.android.internal.os.ZygoteInit.main(ZygoteInit.java:616)
11-27 19:27:59.449  1231  1231 W InputMethodManagerService: Session failed to close due to remote exception
11-27 19:27:59.449  1231  1231 W InputMethodManagerService: android.os.DeadObjectException
11-27 19:27:59.449  1231  1231 W InputMethodManagerService: 	at android.os.BinderProxy.transactNative(Native Method)
11-27 19:27:59.449  1231  1231 W InputMethodManagerService: 	at android.os.BinderProxy.transact(Binder.java:527)
11-27 19:27:59.449  1231  1231 W InputMethodManagerService: 	at com.android.internal.view.IInputMethodSession$Stub$Proxy.finishSession(IInputMethodSession.java:305)
11-27 19:27:59.449  1231  1231 W InputMethodManagerService: 	at com.android.server.InputMethodManagerService.finishSessionLocked(InputMethodManagerService.java:1706)
11-27 19:27:59.449  1231  1231 W InputMethodManagerService: 	at com.android.server.InputMethodManagerService.clearClientSessionLocked(InputMethodManagerService.java:1697)
11-27 19:27:59.449  1231  1231 W InputMethodManagerService: 	at com.android.server.InputMethodManagerService.clearCurMethodLocked(InputMethodManagerService.java:1723)
11-27 19:27:59.449  1231  1231 W InputMethodManagerService: 	at com.android.server.InputMethodManagerService.onServiceDisconnected(InputMethodManagerService.java:1742)
11-27 19:27:59.449  1231  1231 W InputMethodManagerService: 	at android.app.LoadedApk$ServiceDispatcher.doDeath(LoadedApk.java:1256)
11-27 19:27:59.449  1231  1231 W InputMethodManagerService: 	at android.app.LoadedApk$ServiceDispatcher$RunConnection.run(LoadedApk.java:1270)
11-27 19:27:59.449  1231  1231 W InputMethodManagerService: 	at android.os.Handler.handleCallback(Handler.java:739)
11-27 19:27:59.449  1231  1231 W InputMethodManagerService: 	at android.os.Handler.dispatchMessage(Handler.java:95)
11-27 19:27:59.449  1231  1231 W InputMethodManagerService: 	at android.os.Looper.loop(Looper.java:152)
11-27 19:27:59.449  1231  1231 W InputMethodManagerService: 	at com.android.server.SystemServer.run(SystemServer.java:286)
11-27 19:27:59.449  1231  1231 W InputMethodManagerService: 	at com.android.server.SystemServer.main(SystemServer.java:171)
11-27 19:27:59.449  1231  1231 W InputMethodManagerService: 	at java.lang.reflect.Method.invoke(Native Method)
11-27 19:27:59.449  1231  1231 W InputMethodManagerService: 	at com.android.internal.os.ZygoteInit$MethodAndArgsCaller.run(ZygoteInit.java:726)
11-27 19:27:59.449  1231  1231 W InputMethodManagerService: 	at com.android.internal.os.ZygoteInit.main(ZygoteInit.java:616)
11-27 19:28:00.005  1231  3996 V AlarmManager: Triggering alarm #0: Alarm{8cc31d8 type 3 when 915292 android}operation =Intent { act=android.intent.action.TIME_TICK flg=0x50000000 }
11-27 19:28:00.158  4555  4555 I chatty  : uid=1010(wifi) /system/bin/wpa_supplicant expire 38 lines
11-27 19:28:00.442  1231  1299 I ActivityManager: Process com.google.android.gms.persistent (pid 4655) has died
11-27 19:28:00.442  1231  4043 D WifiService: Client connection lost with reason: 4
11-27 19:28:00.442  1231  1441 V ActivityManager: killProcessGroupAsync took 0 ms for PID 4655 on thread 14
11-27 19:28:00.445  1231  1299 W ActivityManager: Scheduling restart of crashed service com.google.android.gms/.gcm.GcmService in 108422ms
11-27 19:28:00.445  1231  1299 W ActivityManager: Scheduling restart of crashed service com.google.android.gms/.auth.setup.devicesignals.LockScreenService in 118422ms
11-27 19:28:00.446  1231  1299 W ActivityManager: Scheduling restart of crashed service com.google.android.gms/com.google.location.nearby.direct.service.NearbyDirectService in 128422ms
11-27 19:28:00.446  1231  1299 W ActivityManager: Scheduling restart of crashed service com.google.android.gms/com.google.android.location.network.NetworkLocationService in 128422ms
11-27 19:28:00.446  1231  1299 W ActivityManager: Scheduling restart of crashed service com.google.android.gms/com.google.android.location.fused.FusedLocationService in 138421ms
11-27 19:28:00.446  1231  1299 W ActivityManager: Scheduling restart of crashed service com.google.android.gms/.fitness.service.recording.FitRecordingBroker in 148421ms
11-27 19:28:00.446  1231  1299 W ActivityManager: Scheduling restart of crashed service com.google.android.gms/.auth.account.authenticator.GoogleAccountAuthenticatorService in 158421ms
11-27 19:28:00.446  1231  1299 W ActivityManager: Scheduling restart of crashed service com.google.android.gms/com.google.android.location.places.service.PlaceDetectionService in 168421ms
11-27 19:28:00.446  1231  1299 W ActivityManager: Scheduling restart of crashed service com.google.android.gms/.clearcut.service.ClearcutLoggerService in 178421ms
11-27 19:28:00.446  1231  1299 W ActivityManager: Scheduling restart of crashed service com.google.android.gms/com.google.android.location.geofencer.service.GeofenceProviderService in 188421ms
11-27 19:28:00.446  1231  1299 W ActivityManager: Scheduling restart of crashed service com.google.android.gms/com.google.android.location.internal.PendingIntentCallbackService in 198421ms
11-27 19:28:00.446  1231  1299 W ActivityManager: Scheduling restart of crashed service com.google.android.gms/com.google.android.location.internal.GoogleLocationManagerService in 198421ms
11-27 19:28:00.446  1231  1299 W ActivityManager: Scheduling restart of crashed service com.google.android.gms/com.google.android.location.internal.server.HardwareArProviderService in 208421ms
11-27 19:28:00.447  1231  1299 W ActivityManager: Scheduling restart of crashed service com.google.android.gms/.common.stats.GmsCoreStatsService in 218421ms
11-27 19:28:00.447  1231  1299 W ActivityManager: Scheduling restart of crashed service com.google.android.gms/com.google.android.location.fused.service.FusedProviderService in 228421ms
11-27 19:28:00.447  1231  1299 W ActivityManager: Scheduling restart of crashed service com.google.android.gms/com.google.android.location.reporting.service.DispatchingService in 238421ms
11-27 19:28:00.447  1231  1299 W ActivityManager: Scheduling restart of crashed service com.google.android.gms/com.google.android.location.geocode.GeocodeService in 238420ms
11-27 19:28:00.447  1231  1299 W ActivityManager: Scheduling restart of crashed service com.google.android.gms/.auth.trustagent.GoogleTrustAgent in 248420ms
11-27 19:28:00.447  1231  1299 W ActivityManager: Scheduling restart of crashed service com.google.android.gms/.nearby.messages.service.NearbyMessagesService in 258420ms
11-27 19:28:00.447  1231  1299 W ActivityManager: Scheduling restart of crashed service com.google.android.gms/.nearby.discovery.service.ScreenOnListenerService in 268420ms
11-27 19:28:00.447  1231  1299 W ActivityManager: Scheduling restart of crashed service com.google.android.gms/.deviceconnection.service.DeviceConnectionServiceBroker in 278420ms
11-27 19:28:00.447  1231  1299 W ActivityManager: Scheduling restart of crashed service com.google.android.gms/com.google.android.contextmanager.service.ContextManagerService in 288420ms
11-27 19:28:00.447  1231  1299 W ActivityManager: Scheduling restart of crashed service com.google.android.gms/com.google.android.location.internal.server.GoogleLocationService in 298420ms
11-27 19:28:00.450  1231  4110 D RttService: ClientHandler got{ what=69636 when=-7ms target=Handler (com.android.server.wifi.RttService$RttServiceImpl$ClientHandler) {63dd50b} arg1=4 obj=com.android.internal.util.AsyncChannel@729da83 }
11-27 19:28:00.450  1231  4110 D RttService: Client connection lost with reason: 4
11-27 19:28:00.458  1231  4110 D RttService: closing client android.os.Messenger@1b82400
11-27 19:28:00.488  1231  4880 D GpsStatusListenerHelper: Remote Listener died: android.location.IGpsStatusListener$Stub$Proxy@b313931
11-27 19:28:00.498  1231  1231 E GNPProxy: GNP Service Disconnected
11-27 19:28:00.503  1231  7401 V GNPProxy: handleMessage what - 0
11-27 19:28:00.521  1231  1231 W GNPProxy: Remote service GNP will be reconnected when ready
11-27 19:28:00.521  1231  7401 V GNPProxy: handleMessage what - 6
11-27 19:28:00.697  7013  7013 W RocketImpressions: ClearcutLogger connection suspended: 1
11-27 19:28:00.701  1231  1295 I ActivityManager: Start proc 19703:com.google.android.gms.persistent/u0a12 for service com.google.android.gms/.clearcut.service.ClearcutLoggerService
11-27 19:28:01.234  1231  4843 I ActivityManager: Start proc 19716:com.google.process.gapps/u0a12 for content provider com.google.android.gsf/.gservices.GservicesProvider
11-27 19:28:01.287 19716 19716 W System  : ClassLoader referenced unknown path: /system/priv-app/GoogleServicesFramework/lib/arm64
11-27 19:28:01.326 19716 19716 I GservicesProvider: Gservices pushing to system: true; secure/global: true
11-27 19:28:01.370  1231  5238 I ActivityManager: Process com.google.android.gms (pid 7013) has died
11-27 19:28:01.371  1231  1441 V ActivityManager: killProcessGroupAsync took 0 ms for PID 7013 on thread 14
11-27 19:28:01.372  1231  5238 W ActivityManager: Scheduling restart of crashed service com.google.android.gms/.security.snet.SafetyNetClientService in 107496ms
11-27 19:28:01.372  1231  5238 W ActivityManager: Scheduling restart of crashed service com.google.android.gms/.cast.service.CastPersistentService in 117496ms
11-27 19:28:01.374  1231  4043 D WifiService: Client connection lost with reason: 4
11-27 19:28:01.392  1231  4830 D ConnectivityService: ConnectivityService NetworkRequestInfo binderDied(NetworkRequest [ id=4, legacyType=-1, [ Capabilities: INTERNET&NOT_RESTRICTED&TRUSTED&NOT_VPN] ], android.os.BinderProxy@22cf1c)
11-27 19:28:01.393  1231  4044 D ConnectivityService: releasing NetworkRequest NetworkRequest [ id=4, legacyType=-1, [ Capabilities: INTERNET&NOT_RESTRICTED&TRUSTED&NOT_VPN] ]
11-27 19:28:01.400  1231  4044 D ConnectivityService: sending notification RELEASED for NetworkRequest [ id=4, legacyType=-1, [ Capabilities: INTERNET&NOT_RESTRICTED&TRUSTED&NOT_VPN] ]
11-27 19:28:01.403  1231  1295 E WifiService: Multicaster binderDied
11-27 19:28:01.447  1231  4044 E ConnectivityService: RemoteException caught trying to send a callback msg for NetworkRequest [ id=4, legacyType=-1, [ Capabilities: INTERNET&NOT_RESTRICTED&TRUSTED&NOT_VPN] ]
11-27 19:28:01.523  1231  7401 V GNPProxy: handleMessage what - 8
11-27 19:28:01.528  1231  4667 I ActivityManager: Process com.fitbit.FitbitMobile (pid 4591) has died
11-27 19:28:01.528  1231  4667 W ActivityManager: Scheduling restart of crashed service com.fitbit.FitbitMobile/com.fitbit.dncs.observers.AllAppNotificationListenerService in 127339ms
11-27 19:28:01.528  1231  1441 V ActivityManager: killProcessGroupAsync took 0 ms for PID 4591 on thread 14
11-27 19:28:01.530  1231  4880 I ActivityManager: Process com.google.android.googlequicksearchbox:interactor (pid 4607) has died
11-27 19:28:01.530  1231  1441 V ActivityManager: killProcessGroupAsync took 0 ms for PID 4607 on thread 14
11-27 19:28:01.530  1231  4880 W ActivityManager: Scheduling restart of crashed service com.google.android.googlequicksearchbox/com.google.android.voiceinteraction.GsaVoiceInteractionService in 137337ms
11-27 19:28:01.532  1231  1231 V NotificationListeners: notification listener connection lost: ComponentInfo{com.fitbit.FitbitMobile/com.fitbit.dncs.observers.AllAppNotificationListenerService}
11-27 19:28:01.558  1231  7401 W GNPProxy: Reconnect GNP retry #1
11-27 19:28:01.670 19716 19716 I GoogleHttpClient: GMS http client unavailable, use old client
11-27 19:28:01.696 19716 19716 I DpmTcmClient: RegisterTcmMonitor from: org.apache.http.impl.conn.TcmIdleTimerMonitor
11-27 19:28:01.749  1231  4877 I ActivityManager: Process com.qualcomm.qcrilmsgtunnel (pid 5310) has died
11-27 19:28:01.750  1231  4877 W ActivityManager: Scheduling restart of crashed service com.qualcomm.qcrilmsgtunnel/.QcrilMsgTunnelService in 147117ms
11-27 19:28:01.754  1231  1441 V ActivityManager: killProcessGroupAsync took 4 ms for PID 5310 on thread 14
11-27 19:28:01.780  1231  5240 I ActivityManager: Process com.qti.service.colorservice (pid 6018) has died
11-27 19:28:01.780  1231  1441 V ActivityManager: killProcessGroupAsync took 0 ms for PID 6018 on thread 14
11-27 19:28:01.781  1231  5240 W ActivityManager: Scheduling restart of crashed service com.qti.service.colorservice/.ColorServiceApp in 157087ms
11-27 19:28:01.790  4834  4834 I chatty  : uid=1001(radio) com.android.phone expire 23 lines
11-27 19:28:01.946  1231  5046 E         : qsap_get_mode: ioctl Get Mode = 2 
11-27 19:28:01.946  1231  5046 D QCLDR-  : HOSTAPD Disabled
11-27 19:28:01.989  1231  4877 I ActivityManager: Process com.android.smspush (pid 5288) has died
11-27 19:28:01.989  1231  1441 V ActivityManager: killProcessGroupAsync took 0 ms for PID 5288 on thread 14
11-27 19:28:01.989  1231  4877 W ActivityManager: Scheduling restart of crashed service com.android.smspush/.WapPushManager in 166878ms
11-27 19:28:02.097 19703 19703 W linker  : /data/app/com.google.android.gms-2/lib/arm64/libgmscore.so: unused DT entry: type 0x7ffffffd arg 0x885
11-27 19:28:02.180 19703 19703 W linker  : /data/app/com.google.android.gms-2/lib/arm64/libconscrypt_gmscore_jni.so: unused DT entry: type 0x1d arg 0x80
11-27 19:28:02.180 19703 19703 W linker  : /data/app/com.google.android.gms-2/lib/arm64/libconscrypt_gmscore_jni.so: unused DT entry: type 0x7ffffffd arg 0x169
11-27 19:28:02.187 19703 19703 V JNIHelp : Registering com/google/android/gms/org/conscrypt/NativeCrypto's 235 native methods...
11-27 19:28:02.241 19703 19703 I art     : Rejecting re-init on previously-failed class java.lang.Class<com.google.android.gms.org.conscrypt.OpenSSLExtendedSessionImpl>
11-27 19:28:02.242 19703 19703 I art     : Rejecting re-init on previously-failed class java.lang.Class<com.google.android.gms.org.conscrypt.OpenSSLExtendedSessionImpl>
11-27 19:28:02.398 19703 19703 I ProviderInstaller: Installed default security provider GmsCore_OpenSSL
11-27 19:28:03.129 19703 19703 I NetworkScheduler: Using standalone scheduling engine
11-27 19:28:03.262 19703 19745 W ContentTaskController: Invalid newTask was provided to startTracking.
11-27 19:28:03.262 19703 19745 W ContentTaskController: Invalid newTask was provided to startTracking.
11-27 19:28:03.262 19703 19745 W ContentTaskController: Invalid newTask was provided to startTracking.
11-27 19:28:03.262 19703 19745 W ContentTaskController: Invalid newTask was provided to startTracking.
11-27 19:28:03.262 19703 19745 W ContentTaskController: Invalid newTask was provided to startTracking.
11-27 19:28:03.262 19703 19745 W ContentTaskController: Invalid newTask was provided to startTracking.
11-27 19:28:03.262 19703 19745 W ContentTaskController: Invalid newTask was provided to startTracking.
11-27 19:28:03.262 19703 19745 W ContentTaskController: Invalid newTask was provided to startTracking.
11-27 19:28:03.262 19703 19745 W ContentTaskController: Invalid newTask was provided to startTracking.
11-27 19:28:03.262 19703 19745 W ContentTaskController: Invalid newTask was provided to startTracking.
11-27 19:28:03.262 19703 19745 W ContentTaskController: Invalid newTask was provided to startTracking.
11-27 19:28:03.262 19703 19745 W ContentTaskController: Invalid newTask was provided to startTracking.
11-27 19:28:03.262 19703 19745 W ContentTaskController: Invalid newTask was provided to startTracking.
11-27 19:28:03.262 19703 19745 W ContentTaskController: Invalid newTask was provided to startTracking.
11-27 19:28:03.262 19703 19745 W ContentTaskController: Invalid newTask was provided to startTracking.
11-27 19:28:03.262 19703 19745 W ContentTaskController: Invalid newTask was provided to startTracking.
11-27 19:28:03.262 19703 19745 W ContentTaskController: Invalid newTask was provided to startTracking.
11-27 19:28:03.262 19703 19745 W ContentTaskController: Invalid newTask was provided to startTracking.
11-27 19:28:03.262 19703 19745 W ContentTaskController: Invalid newTask was provided to startTracking.
11-27 19:28:03.262 19703 19745 W ContentTaskController: Invalid newTask was provided to startTracking.
11-27 19:28:03.262 19703 19745 W ContentTaskController: Invalid newTask was provided to startTracking.
11-27 19:28:03.262 19703 19745 W ContentTaskController: Invalid newTask was provided to startTracking.
11-27 19:28:03.262 19703 19745 W ContentTaskController: Invalid newTask was provided to startTracking.
11-27 19:28:03.262 19703 19745 W ContentTaskController: Invalid newTask was provided to startTracking.
11-27 19:28:03.262 19703 19745 W ContentTaskController: Invalid newTask was provided to startTracking.
11-27 19:28:03.262 19703 19745 W ContentTaskController: Invalid newTask was provided to startTracking.
11-27 19:28:03.262 19703 19745 W ContentTaskController: Invalid newTask was provided to startTracking.
11-27 19:28:03.262 19703 19745 W ContentTaskController: Invalid newTask was provided to startTracking.
11-27 19:28:03.262 19703 19745 W ContentTaskController: Invalid newTask was provided to startTracking.
11-27 19:28:03.262 19703 19745 W ContentTaskController: Invalid newTask was provided to startTracking.
11-27 19:28:03.262 19703 19745 W ContentTaskController: Invalid newTask was provided to startTracking.
11-27 19:28:03.262 19703 19745 W ContentTaskController: Invalid newTask was provided to startTracking.
11-27 19:28:03.262 19703 19745 W ContentTaskController: Invalid newTask was provided to startTracking.
11-27 19:28:03.262 19703 19745 W ContentTaskController: Invalid newTask was provided to startTracking.
11-27 19:28:03.262 19703 19745 W ContentTaskController: Invalid newTask was provided to startTracking.
11-27 19:28:03.262 19703 19745 W ContentTaskController: Invalid newTask was provided to startTracking.
11-27 19:28:03.262 19703 19745 W ContentTaskController: Invalid newTask was provided to startTracking.
11-27 19:28:03.262 19703 19745 W ContentTaskController: Invalid newTask was provided to startTracking.
11-27 19:28:03.262 19703 19745 W ContentTaskController: Invalid newTask was provided to startTracking.
11-27 19:28:03.262 19703 19745 W ContentTaskController: Invalid newTask was provided to startTracking.
11-27 19:28:03.262 19703 19745 W ContentTaskController: Invalid newTask was provided to startTracking.
11-27 19:28:03.262 19703 19745 W ContentTaskController: Invalid newTask was provided to startTracking.
11-27 19:28:03.262 19703 19745 W ContentTaskController: Invalid newTask was provided to startTracking.
11-27 19:28:03.262 19703 19745 W ContentTaskController: Invalid newTask was provided to startTracking.
11-27 19:28:03.262 19703 19745 W ContentTaskController: Invalid newTask was provided to startTracking.
11-27 19:28:03.262 19703 19745 W ContentTaskController: Invalid newTask was provided to startTracking.
11-27 19:28:03.262 19703 19745 W ContentTaskController: Invalid newTask was provided to startTracking.
11-27 19:28:03.262 19703 19745 W ContentTaskController: Invalid newTask was provided to startTracking.
11-27 19:28:03.262 19703 19745 W ContentTaskController: Invalid newTask was provided to startTracking.
11-27 19:28:03.262 19703 19745 W ContentTaskController: Invalid newTask was provided to startTracking.
11-27 19:28:03.262 19703 19745 W ContentTaskController: Invalid newTask was provided to startTracking.
11-27 19:28:03.262 19703 19745 W ContentTaskController: Invalid newTask was provided to startTracking.
11-27 19:28:03.262 19703 19745 W ContentTaskController: Invalid newTask was provided to startTracking.
11-27 19:28:03.262 19703 19745 W ContentTaskController: Invalid newTask was provided to startTracking.
11-27 19:28:03.296  1231  4043 D WifiService: New client listening to asynchronous messages
11-27 19:28:03.380 19703 19703 W InstanceID/Rpc: Found 10012
11-27 19:28:03.554  1231  1299 D GraphicsStats: Buffer count: 1
11-27 19:28:03.554  1231  4830 I ActivityManager: Process de.fpo.greencity (pid 19128) has died
11-27 19:28:03.554  1231  1441 V ActivityManager: killProcessGroupAsync took 0 ms for PID 19128 on thread 14
11-27 19:28:03.555  1231  5240 D ConnectivityService: ConnectivityService NetworkRequestInfo binderDied(NetworkRequest [ id=9, legacyType=-1, [ Capabilities: INTERNET&NOT_RESTRICTED&TRUSTED] ], android.os.BinderProxy@6e1109b)
11-27 19:28:03.555  1231  4044 D ConnectivityService: releasing NetworkRequest NetworkRequest [ id=9, legacyType=-1, [ Capabilities: INTERNET&NOT_RESTRICTED&TRUSTED] ]
11-27 19:28:03.556  1231  4830 W ActivityManager: Scheduling restart of crashed service de.fpo.greencity/com.marianhello.bgloc.LocationService in 175312ms
11-27 19:28:03.556  1231  4044 D ConnectivityService: sending notification RELEASED for NetworkRequest [ id=9, legacyType=-1, [ Capabilities: INTERNET&NOT_RESTRICTED&TRUSTED] ]
11-27 19:28:03.577  1231  4830 W ActivityManager: Force removing ActivityRecord{8ec7417 u0 de.fpo.greencity/.MainActivity t12465}: app died, no saved state
11-27 19:28:03.593  1231  5242 I WindowState: WIN DEATH: Window{c1cc283 u0 de.fpo.greencity/de.fpo.greencity.MainActivity}
11-27 19:28:03.595  1231  4044 E ConnectivityService: RemoteException caught trying to send a callback msg for NetworkRequest [ id=9, legacyType=-1, [ Capabilities: INTERNET&NOT_RESTRICTED&TRUSTED] ]
11-27 19:28:03.598  1231  3998 W InputDispatcher: channel 'c1cc283 de.fpo.greencity/de.fpo.greencity.MainActivity (server)' ~ Consumer closed input channel or an error occurred.  events=0x9
11-27 19:28:03.599  1231  3998 E InputDispatcher: channel 'c1cc283 de.fpo.greencity/de.fpo.greencity.MainActivity (server)' ~ Channel is unrecoverably broken and will be disposed!
11-27 19:28:03.599  1231  5242 W InputDispatcher: Attempted to unregister already unregistered input channel 'c1cc283 de.fpo.greencity/de.fpo.greencity.MainActivity (server)'
11-27 19:28:03.709 19703 19713 I art     : Background sticky concurrent mark sweep GC freed 38817(2MB) AllocSpace objects, 3(160KB) LOS objects, 23% free, 19MB/25MB, paused 469us total 179.361ms
11-27 19:28:03.762   579   579 I MSM-irqbalance: Decided to move IRQ224 from CPU3 to CPU0
11-27 19:28:03.766  1231  1231 I DeviceIdleController: updateChargingLocked: charging=true
11-27 19:28:03.766  1231  1231 I DeviceIdleController: becomeActiveLocked, reason = charging
11-27 19:28:03.960  1231  3996 V AlarmManager: Triggering alarm #0: Alarm{f984e14 type 3 when 904465 com.google.android.gms}operation =Intent { cmp=com.google.android.gms/.lockbox.LockboxAlarmReceiver }
11-27 19:28:03.961  1231  3996 V AlarmManager: Triggering alarm #1: Alarm{31b86bd type 2 when 904556 com.google.android.gms}operation =Intent { act=com.google.android.gms.gcm.ACTION_CHECK_QUEUE }
11-27 19:28:03.961  1231  3996 V AlarmManager: Triggering alarm #2: Alarm{8f424b2 type 3 when 919251 android}operation =Intent { act=android.content.jobscheduler.JOB_DELAY_EXPIRED }
11-27 19:28:04.051 19703 19751 I GCM     : GCM config loaded
11-27 19:28:04.061 19666 19666 V Launcher: LauncherAppState inited
11-27 19:28:04.076  1231  1620 D BluetoothManagerService: Message: 20
11-27 19:28:04.077  1231  1620 D BluetoothManagerService: Added callback: android.bluetooth.IBluetoothManagerCallback$Stub$Proxy@f98c0e5:true
11-27 19:28:04.097 19666 19666 D Launcher.Model: Old launcher provider: content://com.android.launcher2.settings/favorites?notify=true
11-27 19:28:04.097 19666 19666 D Launcher.Model: Old launcher provider does not exist.
11-27 19:28:04.150 19703 19775 W linker  : /data/app/com.google.android.gms-2/lib/arm64/libleveldbjni.so: unused DT entry: type 0x7ffffffd arg 0xe40
11-27 19:28:04.152  1231  3996 V AlarmManager: Triggering alarm #0: Alarm{f5375e0 type 3 when 919435 android}operation =Intent { act=android.content.jobscheduler.JOB_DELAY_EXPIRED }
11-27 19:28:04.207   358   358 W auditd  : type=1400 "Binder_1""socket:[207230]""sockfs"
11-27 19:28:04.207   358   358 W auditd  : type=1400 "Binder_1""socket:[207230]""sockfs"
11-27 19:28:04.214 19666 19780 W art     : No such thread id for suspend: 12
11-27 19:28:04.313 19703 19703 I art     : Rejecting re-init on previously-failed class java.lang.Class<ajxj>
11-27 19:28:04.313 19703 19703 I art     : Rejecting re-init on previously-failed class java.lang.Class<ajxj>
