--------- beginning of system
11-27 19:13:03.911   357   364 I Ext4Crypt: ext4 crypto complete called on /data
11-27 19:13:03.911   357   364 I Ext4Crypt: No master key, so not ext4enc
11-27 19:13:03.912  1231  4010 I chatty  : uid=1000(system) CryptdConnector expire 1 line
11-27 19:13:03.912  1231  1231 I chatty  : uid=1000 system_server expire 2 lines
11-27 19:13:03.913  1231  4006 I chatty  : uid=1000(system) MountService expire 19 lines
11-27 19:13:03.915  1231  4009 I chatty  : uid=1000(system) VoldConnector expire 1 line
11-27 19:13:03.917  1231  4006 I chatty  : uid=1000(system) MountService expire 233 lines
11-27 19:13:03.935  1231  4006 W PackageManager: Unknown permission com.android.email.permission.ACCESS_PROVIDER in package com.android.bluetooth
11-27 19:13:03.935  1231  4006 W PackageManager: Unknown permission com.android.email.permission.READ_ATTACHMENT in package com.android.bluetooth
11-27 19:13:03.935  1231  4006 W PackageManager: Not granting permission android.permission.CAMERA to package de.fpo.greencity because it was previously installed without
11-27 19:13:03.935  1231  4006 W PackageManager: Not granting permission android.permission.WRITE_EXTERNAL_STORAGE to package de.fpo.greencity because it was previously installed without
11-27 19:13:03.935  1231  4006 W PackageManager: Not granting permission android.permission.ACCESS_COARSE_LOCATION to package de.fpo.greencity because it was previously installed without
11-27 19:13:03.935  1231  4006 W PackageManager: Not granting permission android.permission.ACCESS_FINE_LOCATION to package de.fpo.greencity because it was previously installed without
11-27 19:13:03.936  1231  4006 W PackageManager: Not granting permission android.permission.GET_ACCOUNTS to package de.fpo.greencity because it was previously installed without
11-27 19:13:03.936  1231  4006 W PackageManager: Unknown permission android.hardware.location in package de.fpo.greencity
11-27 19:13:03.936  1231  4006 W PackageManager: Unknown permission com.sec.android.provider.badge.permission.READ in package de.fpo.greencity
11-27 19:13:03.936  1231  4006 W PackageManager: Unknown permission com.sec.android.provider.badge.permission.WRITE in package de.fpo.greencity
11-27 19:13:03.936  1231  4006 W PackageManager: Unknown permission com.htc.launcher.permission.READ_SETTINGS in package de.fpo.greencity
11-27 19:13:03.936  1231  4006 W PackageManager: Unknown permission com.htc.launcher.permission.UPDATE_SHORTCUT in package de.fpo.greencity
11-27 19:13:03.936  1231  4006 W PackageManager: Unknown permission com.sonyericsson.home.permission.BROADCAST_BADGE in package de.fpo.greencity
11-27 19:13:03.936  1231  4006 W PackageManager: Unknown permission com.anddoes.launcher.permission.UPDATE_COUNT in package de.fpo.greencity
11-27 19:13:03.936  1231  4006 W PackageManager: Unknown permission com.majeur.launcher.permission.UPDATE_BADGE in package de.fpo.greencity
11-27 19:13:03.936  1231  4006 W PackageManager: Not granting permission android.permission.READ_EXTERNAL_STORAGE to package de.fpo.greencity because it was previously installed without
11-27 19:13:03.936  1231  4006 W PackageManager: Unknown permission com.sec.android.provider.badge.permission.READ in package com.snapchat.android
11-27 19:13:03.936  1231  4006 W PackageManager: Unknown permission com.sec.android.provider.badge.permission.WRITE in package com.snapchat.android
11-27 19:13:03.936  1231  4006 W PackageManager: Unknown permission com.htc.launcher.permission.READ_SETTINGS in package com.snapchat.android
11-27 19:13:03.936  1231  4006 W PackageManager: Unknown permission com.htc.launcher.permission.UPDATE_SHORTCUT in package com.snapchat.android
11-27 19:13:03.936  1231  4006 W PackageManager: Unknown permission com.sonyericsson.home.permission.BROADCAST_BADGE in package com.snapchat.android
11-27 19:13:03.936  1231  4006 W PackageManager: Unknown permission com.anddoes.launcher.permission.UPDATE_COUNT in package com.snapchat.android
11-27 19:13:03.936  1231  4006 W PackageManager: Unknown permission com.majeur.launcher.permission.UPDATE_BADGE in package com.snapchat.android
11-27 19:13:03.958  1231  1441 I UsageStatsService: User[0] Rollover scheduled @ 2016-11-28 01:00:00(1480291200000)
11-27 19:13:04.054  1231  1231 I SystemServer: LockSettingsService
11-27 19:13:04.059  1231  4006 W MountService: No primary storage mounted!
11-27 19:13:04.059  1231  4006 D VoldConnector: SND -> {2 asec list}
11-27 19:13:04.059  1231  1231 I SystemServiceManager: Starting com.android.server.PersistentDataBlockService
11-27 19:13:04.059  1231  4009 D VoldConnector: RCV <- {200 2 asec operation succeeded}
11-27 19:13:04.060  1231  4006 I MountService: Running fstrim idle maintenance
11-27 19:13:04.060  1231  4006 D VoldConnector: SND -> {3 fstrim dotrim}
11-27 19:13:04.061  1231  4009 D VoldConnector: RCV <- {200 3 Command succeeded}
11-27 19:13:04.061   357  4029 D vold    : Starting trim of /data
11-27 19:13:04.083  1231  1231 I SystemServiceManager: Starting com.android.server.DeviceIdleController
11-27 19:13:04.086  1231  1231 D DeviceIdleController: Use aggressive doze constants by default
11-27 19:13:04.086  1231  1231 D DeviceIdleController: Reading config from /data/system/deviceidle.xml
11-27 19:13:04.087  1231  1231 I SystemServiceManager: Starting com.android.server.devicepolicy.DevicePolicyManagerService$Lifecycle
11-27 19:13:04.093  1231  1231 I SystemServer: Status Bar
11-27 19:13:04.095  1231  1231 I SystemServer: Clipboard Service
11-27 19:13:04.098  1231  1231 I SystemServer: NetworkManagement Service
11-27 19:13:04.104  1231  1231 I SystemServer: Text Service Manager Service
11-27 19:13:04.109  1231  1231 I SystemServer: Network Score Service
11-27 19:13:04.110  1231  1231 I SystemServer: NetworkStats Service
11-27 19:13:04.123  1231  1231 I SystemServer: NetworkPolicy Service
11-27 19:13:04.138  1231  1231 I SystemServiceManager: Starting com.android.server.wifi.p2p.WifiP2pService
11-27 19:13:04.189  1231  1231 I SystemServiceManager: Starting com.android.server.wifi.WifiService
11-27 19:13:04.355  1231  1231 I SystemServiceManager: Starting com.android.server.wifi.WifiScanningService
11-27 19:13:04.358  1231  1231 I SystemServiceManager: Starting com.android.server.wifi.RttService
11-27 19:13:04.361  1231  1231 I SystemServiceManager: Starting com.android.server.ethernet.EthernetService
11-27 19:13:04.367  1231  1231 I SystemServer: Connectivity Service
11-27 19:13:04.369  1231  1231 D ConnectivityService: ConnectivityService starting up
11-27 19:13:04.374  1231  1231 D ConnectivityService: wifiOnly=false
11-27 19:13:04.374  1231  1231 D ConnectivityService: naString=wifi,1,1,1,-1,true config=android.net.NetworkConfig@783410c
11-27 19:13:04.374  1231  1231 D ConnectivityService: naString=mobile,0,0,0,-1,true config=android.net.NetworkConfig@bfc8a55
11-27 19:13:04.374  1231  1231 D ConnectivityService: naString=mobile_mms,2,0,4,60000,true config=android.net.NetworkConfig@f6afc6a
11-27 19:13:04.374  1231  1231 D ConnectivityService: naString=mobile_supl,3,0,2,60000,true config=android.net.NetworkConfig@d71f55b
11-27 19:13:04.374  1231  1231 D ConnectivityService: naString=mobile_dun,4,0,2,60000,true config=android.net.NetworkConfig@1a961f8
11-27 19:13:04.374  1231  1231 D ConnectivityService: naString=mobile_hipri,5,0,3,60000,true config=android.net.NetworkConfig@ec876d1
11-27 19:13:04.374  1231  1231 D ConnectivityService: naString=mobile_fota,10,0,2,60000,true config=android.net.NetworkConfig@6347536
11-27 19:13:04.374  1231  1231 D ConnectivityService: naString=mobile_ims,11,0,2,60000,true config=android.net.NetworkConfig@dd08c37
11-27 19:13:04.374  1231  1231 D ConnectivityService: naString=mobile_cbs,12,0,2,60000,true config=android.net.NetworkConfig@60ea5a4
11-27 19:13:04.374  1231  1231 D ConnectivityService: naString=bluetooth,7,7,2,-1,true config=android.net.NetworkConfig@b8caf0d
11-27 19:13:04.375  1231  1231 D ConnectivityService: mNetworksDefined=11
11-27 19:13:04.375  1231  1231 E ConnectivityService: Ignoring protectedNetwork 14
11-27 19:13:04.375  1231  1231 E ConnectivityService: Ignoring protectedNetwork 15
11-27 19:13:04.382  1231  1231 I SystemServer: Network Service Discovery Service
11-27 19:13:04.384  1231  1231 D NsdService: Network service discovery enabled true
11-27 19:13:04.386  1231  1231 I SystemServer: UpdateLock Service
11-27 19:13:04.388  1231  1231 I SystemServiceManager: Starting com.android.server.notification.NotificationManagerService
11-27 19:13:04.410  1231  1231 D ConditionProviders: Subscribing to condition://android/schedule?days=6.7&start=23.30&end=10.0 with ComponentInfo{android/com.android.server.notification.ScheduleConditionProvider}
11-27 19:13:04.410  1231  1231 D ConditionProviders: Subscribing to condition://android/event?userId=-10000&calendar=&reply=1 with ComponentInfo{android/com.android.server.notification.EventConditionProvider}
11-27 19:13:04.410  1231  1231 D ConditionProviders: Subscribing to condition://android/schedule?days=1.2.3.4.5&start=22.0&end=7.0 with ComponentInfo{android/com.android.server.notification.ScheduleConditionProvider}
11-27 19:13:04.415  1231  1231 I SystemServiceManager: Starting com.android.server.storage.DeviceStorageMonitorService
11-27 19:13:04.418  1231  1231 I SystemServer: Location Manager
11-27 19:13:04.421  1231  1231 I SystemServer: Country Detector
11-27 19:13:04.423  1231  1231 I SystemServer: Search Service
11-27 19:13:04.426  1231  1231 I SystemServer: DropBox Service
11-27 19:13:04.428  1231  1231 I SystemServer: Wallpaper Service
11-27 19:13:04.435  1231  1231 W WallpaperManagerService: no current wallpaper -- first boot?
11-27 19:13:04.435  1231  1231 I SystemServer: Audio Service
11-27 19:13:04.486  1231  1231 I SystemServiceManager: Starting com.android.server.DockObserver
11-27 19:13:04.487  1231  1231 W DockObserver: This kernel does not have dock station support
11-27 19:13:04.488  1231  1231 I SystemServer: Wired Accessory Manager
11-27 19:13:04.490  1231  1231 W WiredAccessoryManager: This kernel does not have usb audio support
11-27 19:13:04.490  1231  1231 W WiredAccessoryManager: This kernel does not have HDMI audio support
11-27 19:13:04.491  1231  1231 I SystemServiceManager: Starting com.android.server.midi.MidiService$Lifecycle
11-27 19:13:04.494  1231  1231 I SystemServiceManager: Starting com.android.server.usb.UsbService$Lifecycle
11-27 19:13:04.508  1231  1231 I SystemServer: Serial Service
11-27 19:13:04.509  1231  1231 I SystemServiceManager: Starting com.android.server.twilight.TwilightService
11-27 19:13:04.512  1231  1231 I SystemServiceManager: Starting com.android.server.job.JobSchedulerService
11-27 19:13:04.521  1231  1231 D JobStore: job-info
11-27 19:13:04.524  1231  1231 I SystemServiceManager: Starting com.android.server.backup.BackupManagerService$Lifecycle
11-27 19:13:04.528  1231  1231 I SystemServiceManager: Starting com.android.server.appwidget.AppWidgetService
11-27 19:13:04.531  1231  1231 I SystemServiceManager: Starting com.android.server.voiceinteraction.VoiceInteractionManagerService
11-27 19:13:04.535  1231  1231 I SystemServer: Gesture Launcher Service
11-27 19:13:04.535  1231  1231 I SystemServiceManager: Starting com.android.server.GestureLauncherService
11-27 19:13:04.535  1231  1231 I SystemServer: DiskStats Service
11-27 19:13:04.536  1231  1231 I SystemServer: SamplingProfiler Service
11-27 19:13:04.549  1231  1231 I SystemServer: NetworkTimeUpdateService
11-27 19:13:04.550  1231  1231 I SystemServer: CommonTimeManagementService
11-27 19:13:04.551  1231  1231 I SystemServer: CertBlacklister
11-27 19:13:04.552  1231  1231 I SystemServiceManager: Starting com.android.server.dreams.DreamManagerService
11-27 19:13:04.558  1231  1231 I SystemServiceManager: Starting com.android.server.print.PrintManagerService
11-27 19:13:04.561  1231  1231 I SystemServiceManager: Starting com.android.server.restrictions.RestrictionsManagerService
11-27 19:13:04.562  1231  1231 I SystemServiceManager: Starting com.android.server.media.MediaSessionService
11-27 19:13:04.565  1231  1231 I SystemServer: Media Router Service
11-27 19:13:04.567  1231  1231 I SystemServiceManager: Starting com.android.server.trust.TrustManagerService
11-27 19:13:04.569  1231  1231 I SystemServiceManager: Starting com.android.server.fingerprint.FingerprintService
11-27 19:13:05.371  1231  1231 V FingerprintService: Fingerprint HAL id: 548360622080
11-27 19:13:05.371  1231  1231 I SystemServer: BackgroundDexOptService
11-27 19:13:05.373  1231  1231 I SystemServiceManager: Starting com.android.server.pm.LauncherAppsService
11-27 19:13:05.374  1231  1231 I SystemServiceManager: Starting com.android.server.media.projection.MediaProjectionManagerService
11-27 19:13:05.383  1231  1231 I SystemServiceManager: Starting com.android.server.MmsServiceBroker
11-27 19:13:05.472  1231  1231 E LockSettingsStorage: Cannot read file java.io.FileNotFoundException: /data/system/password.key: open failed: ENOENT (No such file or directory)
11-27 19:13:05.474  1231  1231 I SystemServiceManager: Starting phase 480
11-27 19:13:05.483  1231  1231 I SystemServiceManager: Starting phase 500
11-27 19:13:05.488  1231  1231 D DeviceIdleController: updateDisplayLocked: screenOn=true
11-27 19:13:05.488  1231  1231 I DeviceIdleController: becomeActiveLocked, reason = screen
11-27 19:13:05.488  1231  1231 I WifiService: WifiService starting up with Wi-Fi enabled
11-27 19:13:05.490  1231  1231 D WifiService: setWifiEnabled: true pid=1231, uid=1000
11-27 19:13:05.490  1231  1231 E WifiService: Invoking mWifiStateMachine.setWifiEnabled
11-27 19:13:05.495  1231  4043 D WifiService: New client listening to asynchronous messages
11-27 19:13:05.504  1231  4044 D ConnectivityService: Got NetworkFactory Messenger for Ethernet
11-27 19:13:05.504  1231  4044 D ConnectivityService: NetworkFactory connected
11-27 19:13:05.783  1231  1231 V KeyValueBackupJob: Scheduling k/v pass in 247 minutes
11-27 19:13:06.007  1231  1231 V BackupManagerService: Starting with transport com.google.android.gms/.backup.BackupTransportService
11-27 19:13:06.007  1231  1231 V BackupManagerService: Found transports: 2
11-27 19:13:06.008  1231  1231 W BackupManagerService: Proposed transport ComponentInfo{android/com.android.internal.backup.LocalTransportService} not whitelisted; ignoring
11-27 19:13:06.008  1231  1231 W BackupManagerService: Proposed transport ComponentInfo{com.google.android.gms/com.google.android.gms.backup.BackupTransportService} not whitelisted; ignoring
11-27 19:13:06.009  1231  1231 I BackupManagerService: Found stale backup journal, scheduling
11-27 19:13:06.042  1231  1643 I DisplayPowerController: useProximityForceSuspend = false
11-27 19:13:06.042  1231  1643 I WindowManager: Screen turning on...
11-27 19:13:06.042  1231  1643 W KeyguardServiceDelegate: onScreenTurningOn(): no keyguard service!
11-27 19:13:06.048  1231  1643 I DisplayPowerController: useProximityForceSuspend = false
11-27 19:13:06.048  1231  1643 I DisplayPowerController: useProximityForceSuspend = false
11-27 19:13:06.174  1231  1643 I DisplayPowerController: useProximityForceSuspend = false
11-27 19:13:06.229  1231  1643 I DisplayPowerController: useProximityForceSuspend = false
11-27 19:13:06.232  1231  1231 I ActivityManager: System now ready
11-27 19:13:06.240  1231  1231 I ActivityManager: SMSG packages:
11-27 19:13:06.240  1231  1231 I ActivityManager: -: \Q.\E
11-27 19:13:06.240  1231  1231 I ActivityManager: SMSG excluded packages:
11-27 19:13:06.240  1231  1231 I ActivityManager: -: \Q.qualcomm\E
11-27 19:13:06.240  1231  1231 I ActivityManager: -: \Q.codeaurora\E
11-27 19:13:06.240  1231  1231 I ActivityManager: -: \Q.oneplus\E
11-27 19:13:06.240  1231  1231 I ActivityManager: -: \Q.oppo\E
11-27 19:13:06.240  1231  1231 I ActivityManager: -: \Qandroid.process\E
11-27 19:13:06.240  1231  1231 I ActivityManager: -: \Qcom.android.systemui\E
11-27 19:13:06.240  1231  1231 I ActivityManager: -: \Qcom.android.settings\E
11-27 19:13:06.240  1231  1231 I ActivityManager: -: \Qcom.android.keychain\E
11-27 19:13:06.240  1231  1231 I ActivityManager: -: \Qcom.android.providers\E
11-27 19:13:06.240  1231  1231 I ActivityManager: -: \Qcom.android.cellbroadcastreceiver\E
11-27 19:13:06.240  1231  1231 I ActivityManager: -: \Qcom.android.contacts\E
11-27 19:13:06.240  1231  1231 I ActivityManager: -: \Qcom.android.dialer\E
11-27 19:13:06.240  1231  1231 I ActivityManager: -: \Qcom.android.managedprovisioning\E
11-27 19:13:06.240  1231  1231 I ActivityManager: -: \Qcom.android.mms\E
11-27 19:13:06.240  1231  1231 I ActivityManager: -: \Qcom.google.android.deskclock\E
11-27 19:13:06.240  1231  1231 I ActivityManager: -: \Qcom.google.android.googlequicksearchbox\E
11-27 19:13:06.240  1231  1231 I ActivityManager: -: \Qcom.android.inputmethod.latin\E
11-27 19:13:06.240  1231  1231 I ActivityManager: -: \Qcom.google.android.inputmethod\E
11-27 19:13:06.240  1231  1231 I ActivityManager: -: \Qcom.nxp.nfceeapi.service\E
11-27 19:13:06.240  1231  1231 I ActivityManager: -: \Qcom.touchtype.swiftkey\E
11-27 19:13:06.240  1231  1231 I ActivityManager: -: \Qcom.oem.oemlogkit\E
11-27 19:13:06.240  1231  1231 I SystemServer: Making services ready
11-27 19:13:06.240  1231  1231 I SystemServiceManager: Starting phase 550
11-27 19:13:06.245  1231  4006 D MountService: Thinking about reset, mSystemReady=true, mDaemonConnected=true
11-27 19:13:06.246  1231  4006 D VoldConnector: SND -> {4 volume reset}
11-27 19:13:06.246  1231  4009 D VoldConnector: RCV <- {651 emulated 7}
11-27 19:13:06.246  1231  1447 I ActivityManager: Force stopping com.android.providers.media appid=10010 user=-1: vold reset
11-27 19:13:06.246  1231  4009 D VoldConnector: RCV <- {659 emulated}
11-27 19:13:06.247  1231  4009 D VoldConnector: RCV <- {650 emulated 2 "" ""}
11-27 19:13:06.247  1231  1231 D UsbAlsaManager: Adding ALSA device AlsaDevice: [card: 0, device: 0, type: 2]
11-27 19:13:06.247  1231  1231 D UsbAlsaManager: Adding ALSA device AlsaDevice: [card: 0, device: 0, type: 1]
11-27 19:13:06.247  1231  4009 D VoldConnector: RCV <- {651 emulated 0}
11-27 19:13:06.247  1231  1231 D UsbAlsaManager: Adding ALSA device AlsaDevice: [card: 0, device: 1, type: 2]
11-27 19:13:06.247  1231  1231 D UsbAlsaManager: Adding ALSA device AlsaDevice: [card: 0, device: 1, type: 1]
11-27 19:13:06.247  1231  1231 D UsbAlsaManager: Adding ALSA device AlsaDevice: [card: 0, device: 2, type: 2]
11-27 19:13:06.247  1231  1231 D UsbAlsaManager: Adding ALSA device AlsaDevice: [card: 0, device: 2, type: 1]
11-27 19:13:06.247  1231  1231 D UsbAlsaManager: Adding ALSA device AlsaDevice: [card: 0, device: 3, type: 2]
11-27 19:13:06.247  1231  1231 D UsbAlsaManager: Adding ALSA device AlsaDevice: [card: 0, device: 3, type: 1]
11-27 19:13:06.247  1231  4009 D VoldConnector: RCV <- {200 4 Command succeeded}
11-27 19:13:06.247  1231  1231 D UsbAlsaManager: Adding ALSA device AlsaDevice: [card: 0, device: 4, type: 2]
11-27 19:13:06.247  1231  1231 D UsbAlsaManager: Adding ALSA device AlsaDevice: [card: 0, device: 4, type: 1]
11-27 19:13:06.247  1231  1231 D UsbAlsaManager: Adding ALSA device AlsaDevice: [card: 0, device: 5, type: 2]
11-27 19:13:06.247  1231  1231 D UsbAlsaManager: Adding ALSA device AlsaDevice: [card: 0, device: 5, type: 1]
11-27 19:13:06.247  1231  1231 D UsbAlsaManager: Adding ALSA device AlsaDevice: [card: 0, device: 6, type: 2]
11-27 19:13:06.247  1231  1231 D UsbAlsaManager: Adding ALSA device AlsaDevice: [card: 0, device: 7, type: 1]
11-27 19:13:06.247  1231  1231 D UsbAlsaManager: Adding ALSA device AlsaDevice: [card: 0, device: 8, type: 2]
11-27 19:13:06.247  1231  1231 D UsbAlsaManager: Adding ALSA device AlsaDevice: [card: 0, device: 10, type: 2]
11-27 19:13:06.247  1231  1231 D UsbAlsaManager: Adding ALSA device AlsaDevice: [card: 0, device: 10, type: 1]
11-27 19:13:06.247  1231  1231 D UsbAlsaManager: Adding ALSA device AlsaDevice: [card: 0, device: 11, type: 2]
11-27 19:13:06.247  1231  1231 D UsbAlsaManager: Adding ALSA device AlsaDevice: [card: 0, device: 11, type: 1]
11-27 19:13:06.247  1231  1231 D UsbAlsaManager: Adding ALSA device AlsaDevice: [card: 0, device: 12, type: 2]
11-27 19:13:06.247  1231  1231 D UsbAlsaManager: Adding ALSA device AlsaDevice: [card: 0, device: 12, type: 1]
11-27 19:13:06.247  1231  1231 D UsbAlsaManager: Adding ALSA device AlsaDevice: [card: 0, device: 13, type: 2]
11-27 19:13:06.247  1231  1231 D UsbAlsaManager: Adding ALSA device AlsaDevice: [card: 0, device: 13, type: 1]
11-27 19:13:06.247  1231  1231 D UsbAlsaManager: Adding ALSA device AlsaDevice: [card: 0, device: 14, type: 2]
11-27 19:13:06.247  1231  1231 D UsbAlsaManager: Adding ALSA device AlsaDevice: [card: 0, device: 14, type: 1]
11-27 19:13:06.247  1231  1231 D UsbAlsaManager: Adding ALSA device AlsaDevice: [card: 0, device: 15, type: 2]
11-27 19:13:06.247  1231  1231 D UsbAlsaManager: Adding ALSA device AlsaDevice: [card: 0, device: 15, type: 1]
11-27 19:13:06.248  1231  1231 D UsbAlsaManager: Adding ALSA device AlsaDevice: [card: 0, device: 16, type: 2]
11-27 19:13:06.248  1231  1231 D UsbAlsaManager: Adding ALSA device AlsaDevice: [card: 0, device: 19, type: 2]
11-27 19:13:06.248  1231  1231 D UsbAlsaManager: Adding ALSA device AlsaDevice: [card: 0, device: 19, type: 1]
11-27 19:13:06.248  1231  1231 D UsbAlsaManager: Adding ALSA device AlsaDevice: [card: 0, device: 20, type: 2]
11-27 19:13:06.248  1231  1231 D UsbAlsaManager: Adding ALSA device AlsaDevice: [card: 0, device: 20, type: 1]
11-27 19:13:06.248  1231  1231 D UsbAlsaManager: Adding ALSA device AlsaDevice: [card: 0, device: 21, type: 1]
11-27 19:13:06.248  1231  1231 D UsbAlsaManager: Adding ALSA device AlsaDevice: [card: 0, device: 22, type: 2]
11-27 19:13:06.248  1231  1231 D UsbAlsaManager: Adding ALSA device AlsaDevice: [card: 0, device: 22, type: 1]
11-27 19:13:06.248  1231  1231 D UsbAlsaManager: Adding ALSA device AlsaDevice: [card: 0, device: 23, type: 2]
11-27 19:13:06.248  1231  1231 D UsbAlsaManager: Adding ALSA device AlsaDevice: [card: 0, device: 23, type: 1]
11-27 19:13:06.248  1231  1231 D UsbAlsaManager: Adding ALSA device AlsaDevice: [card: 0, device: 24, type: 2]
11-27 19:13:06.248  1231  1231 D UsbAlsaManager: Adding ALSA device AlsaDevice: [card: 0, device: 24, type: 1]
11-27 19:13:06.248  1231  4006 D VoldConnector: SND -> {5 volume user_added 0 0}
11-27 19:13:06.248  1231  1231 D UsbAlsaManager: Adding ALSA device AlsaDevice: [card: 0, device: 25, type: 2]
11-27 19:13:06.248  1231  1231 D UsbAlsaManager: Adding ALSA device AlsaDevice: [card: 0, device: 26, type: 1]
11-27 19:13:06.248  1231  1231 D UsbAlsaManager: Adding ALSA device AlsaDevice: [card: 0, device: 27, type: 2]
11-27 19:13:06.248  1231  1231 D UsbAlsaManager: Adding ALSA device AlsaDevice: [card: 0, device: 28, type: 2]
11-27 19:13:06.248  1231  1231 D UsbAlsaManager: Adding ALSA device AlsaDevice: [card: 0, device: 29, type: 2]
11-27 19:13:06.248  1231  1231 D UsbAlsaManager: Adding ALSA device AlsaDevice: [card: 0, device: 30, type: 2]
11-27 19:13:06.248  1231  1231 D UsbAlsaManager: Adding ALSA device AlsaDevice: [card: 0, device: 31, type: 2]
11-27 19:13:06.248  1231  1231 D UsbAlsaManager: Adding ALSA device AlsaDevice: [card: 0, device: 32, type: 2]
11-27 19:13:06.248  1231  1231 D UsbAlsaManager: Adding ALSA device AlsaDevice: [card: 0, device: 33, type: 2]
11-27 19:13:06.248  1231  1231 D UsbAlsaManager: Adding ALSA device AlsaDevice: [card: 0, device: 34, type: 2]
11-27 19:13:06.248  1231  1231 D UsbAlsaManager: Adding ALSA device AlsaDevice: [card: 0, device: 35, type: 2]
11-27 19:13:06.248  1231  1231 D UsbAlsaManager: Adding ALSA device AlsaDevice: [card: 0, device: 35, type: 1]
11-27 19:13:06.248  1231  1231 D UsbAlsaManager: Adding ALSA device AlsaDevice: [card: 0, device: 36, type: 2]
11-27 19:13:06.248  1231  1231 D UsbAlsaManager: Adding ALSA device AlsaDevice: [card: 0, device: 36, type: 1]
11-27 19:13:06.248  1231  4009 D VoldConnector: RCV <- {200 5 Command succeeded}
11-27 19:13:06.248  1231  1231 D UsbAlsaManager: Adding ALSA device AlsaDevice: [card: 0, device: 43, type: 2]
11-27 19:13:06.248  1231  1231 D UsbAlsaManager: Adding ALSA device AlsaDevice: [card: 0, device: 44, type: 1]
11-27 19:13:06.248  1231  1231 D UsbAlsaManager: Adding ALSA device AlsaDevice: [card: 0, device: 45, type: 1]
11-27 19:13:06.248  1231  1231 D UsbAlsaManager: Adding ALSA device AlsaDevice: [card: 0, device: 46, type: 2]
11-27 19:13:06.248  1231  1231 D UsbAlsaManager: Adding ALSA device AlsaDevice: [card: 0, device: 47, type: 2]
11-27 19:13:06.248  1231  1231 D UsbAlsaManager: Adding ALSA device AlsaDevice: [card: 0, device: 47, type: 1]
11-27 19:13:06.250  1231  1464 V MountService: Found primary storage at VolumeInfo{emulated}:
11-27 19:13:06.250  1231  1464 V MountService:     type=EMULATED diskId=null partGuid=null mountFlags=0 mountUserId=-1 
11-27 19:13:06.250  1231  1464 V MountService:     state=UNMOUNTED 
11-27 19:13:06.250  1231  1464 V MountService:     fsType=null fsUuid=null fsLabel=null 
11-27 19:13:06.250  1231  1464 V MountService:     path=null internalPath=null 
11-27 19:13:06.251  1231  4006 D VoldConnector: SND -> {6 volume mount emulated 3 -1}
11-27 19:13:06.253   357   363 V vold    : Waiting for FUSE to spin up...
11-27 19:13:06.253  1231  4009 D VoldConnector: RCV <- {651 emulated 1}
11-27 19:13:06.253  1231  4009 D VoldConnector: RCV <- {656 emulated /data/media}
11-27 19:13:06.254  1231  4009 D VoldConnector: RCV <- {655 emulated /storage/emulated}
11-27 19:13:06.254  1231  1231 I SystemServer: WebViewFactory preparation
11-27 19:13:06.303  1231  4009 D VoldConnector: RCV <- {651 emulated 2}
11-27 19:13:06.303  1231  4009 D VoldConnector: RCV <- {200 6 Command succeeded}
11-27 19:13:06.305  1231  1231 I ActivityManager: Start proc 4185:WebViewLoader-armeabi-v7a/1037 [android.webkit.WebViewFactory$RelroFileCreator] for 
11-27 19:13:06.316  1231  1231 I ActivityManager: Start proc 4195:WebViewLoader-arm64-v8a/1037 [android.webkit.WebViewFactory$RelroFileCreator] for 
11-27 19:13:06.338  1231  1447 I ActivityManager: Start proc 4209:com.android.externalstorage/u0a11 for broadcast com.android.externalstorage/.MountReceiver
11-27 19:13:06.353  1231  1231 I ActivityManager: Start proc 4221:com.android.systemui/u0a23 for service com.android.systemui/.SystemUIService
11-27 19:13:06.354  1231  1231 D NetworkManagement: enabling bandwidth control
11-27 19:13:06.374  1231  1447 I ActivityManager: Start proc 4234:android.process.media/u0a10 for broadcast com.android.providers.media/.MtpReceiver
11-27 19:13:07.042  1231  1451 W WindowManager: Keyguard drawn timeout. Setting mKeyguardDrawComplete
11-27 19:13:07.043  1231  1451 I WindowManager: All windows ready for display!
11-27 19:13:07.043  1231  1451 W WindowManager: Setting mWindowManagerDrawComplete
11-27 19:13:07.043  1231  1451 D WindowManager: finishScreenTurningOn: mAwake=false, mScreenOnEarly=true, mScreenOnFully=false, mKeyguardDrawComplete=true, mWindowManagerDrawComplete=true, mKeyguardDelegate.isShowing()= true, mKeyguardDelegate.isFingerprintAuthenticating()= false
11-27 19:13:07.043  1231  1451 I WindowManager: Finished screen turning on...
11-27 19:13:07.463  1231  1231 E NetdConnector: NDC Command {6 strict enable} took too long (691ms)
11-27 19:13:07.463  1231  4040 E NetdConnector: NDC Command {7 interface clearaddrs wlan0} took too long (690ms)
11-27 19:13:07.531  1231  1299 I StatusBarManagerService: registerStatusBar bar=com.android.internal.statusbar.IStatusBar$Stub$Proxy@b79aea2
11-27 19:13:07.553  1231  4043 D WifiService: New client listening to asynchronous messages
11-27 19:13:07.596  1231  1447 I ActivityManager: Start proc 4556:com.google.android.keep/u0a55 for broadcast com.google.android.keep/.notification.AlertReceiver
11-27 19:13:07.734  1231  1231 I SystemServiceManager: Starting phase 600
11-27 19:13:07.736  1231  1231 V NotificationListeners: enabling notification listener for user 0: ComponentInfo{com.fitbit.FitbitMobile/com.fitbit.dncs.observers.AllAppNotificationListenerService}
11-27 19:13:07.750  1231  1231 I ActivityManager: Start proc 4591:com.fitbit.FitbitMobile/u0a0 for service com.fitbit.FitbitMobile/com.fitbit.dncs.observers.AllAppNotificationListenerService
11-27 19:13:07.758  1231  1231 I BackupManagerService: Backup enabled => true
11-27 19:13:07.785  1231  1231 I ActivityManager: Start proc 4607:com.google.android.googlequicksearchbox:interactor/u0a24 for service com.google.android.googlequicksearchbox/com.google.android.voiceinteraction.GsaVoiceInteractionService
11-27 19:13:07.792  1231  1231 E InputMethodManagerService: Ignoring updateSystemUiLocked due to an invalid token. uid:1000 token:null
11-27 19:13:07.896  1231  1231 I ActivityManager: Start proc 4636:com.google.android.inputmethod.latin/u0a56 for service com.google.android.inputmethod.latin/com.android.inputmethod.latin.LatinIME
11-27 19:13:07.896  1231  1231 V InputMethodManagerService: Adding window token: android.os.Binder@a916d07
11-27 19:13:08.150  1231  1231 I ActivityManager: Start proc 4655:com.google.android.gms.persistent/u0a12 for service com.google.android.gms/com.google.android.location.network.NetworkLocationService
11-27 19:13:08.337  1231  1447 I ActivityManager: Start proc 4723:com.android.vending/u0a19 for broadcast com.android.vending/com.google.android.finsky.receivers.LocationProviderChangedReceiver
11-27 19:13:08.348  1231  1231 I MmsServiceBroker: Delay connecting to MmsService until an API is called
11-27 19:13:08.365  1231  1231 D MountService: onStartUser 0
11-27 19:13:08.365  1231  1231 D VoldConnector: SND -> {7 volume user_started 0}
11-27 19:13:08.370   357   363 D vold    : Linking /storage/emulated/0 to /mnt/user/0/primary
11-27 19:13:08.371  1231  4009 D VoldConnector: RCV <- {200 7 Command succeeded}
11-27 19:13:08.372  1231  4006 D MountService: Volume emulated broadcasting mounted to UserHandle{0}
11-27 19:13:08.392  1231  1231 I ActivityManager: Start proc 4767:com.quicinc.cne.CNEService/1000 for added application com.quicinc.cne.CNEService
11-27 19:13:08.409  1231  1231 I ActivityManager: Start proc 4786:com.qti.dpmserviceapp/1000 for added application com.qti.dpmserviceapp
11-27 19:13:08.428  1231  1231 I ActivityManager: Start proc 4804:com.fingerprints.serviceext/1000 for added application com.fingerprints.serviceext
11-27 19:13:08.443  1231  1231 I ActivityManager: Start proc 4813:com.qualcomm.qti.tetherservice/1000 for added application com.qualcomm.qti.tetherservice
11-27 19:13:08.478  1231  1231 I ActivityManager: Start proc 4834:com.android.phone/1001 for added application com.android.phone
11-27 19:13:08.480  1231  1231 I ActivityManager: START u0 {act=android.intent.action.MAIN cat=[android.intent.category.HOME] flg=0x10000000 cmp=com.android.launcher3/.Launcher} from uid 0 pid 0 on display 0
11-27 19:13:08.516  1231  1231 I ActivityManager: Start proc 4875:com.android.launcher3/1000 for activity com.android.launcher3/.Launcher
11-27 19:13:08.597  4813  4813 W ContextImpl: Calling a method in the system process without a qualified user: android.app.ContextImpl.startService:1237 android.content.ContextWrapper.startService:582 com.qualcomm.qti.tetherservice.TetherServiceApp.onCreate:30 android.app.Instrumentation.callApplicationOnCreate:1021 android.app.ActivityThread.handleBindApplication:4787 
11-27 19:13:08.646  1231  3996 V AlarmManager: Triggering alarm #0: Alarm{6be1409 type 3 when 23112 android}operation =Intent { act=com.android.server.action.NETWORK_STATS_POLL }
11-27 19:13:08.646  1231  3996 V AlarmManager: Triggering alarm #1: Alarm{ff760e type 3 when 23338 android}operation =Intent { act=android.content.jobscheduler.JOB_DELAY_EXPIRED }
11-27 19:13:08.657  1231  1447 I ActivityManager: Start proc 4935:com.touchtype.swiftkey/u0a79 for broadcast com.touchtype.swiftkey/com.touchtype_fluency.service.receiver.SDCardReceiver
11-27 19:13:08.666  1231  4043 D WifiService: New client listening to asynchronous messages
11-27 19:13:08.740  1231  1441 I ActivityManager: Start proc 4972:com.android.printspooler/u0a74 for service com.android.printspooler/.model.PrintSpoolerService
11-27 19:13:08.764  1231  1447 I ActivityManager: Start proc 5029:com.whatsapp/u0a89 for broadcast com.whatsapp/.ExternalMediaManager$ExternalMediaStateReceiver
11-27 19:13:08.806  1231  4648 D ConnectivityService: listenForNetwork for Listen from uid/pid:10023/4221 for NetworkRequest [ id=3, legacyType=-1, [] ]
11-27 19:13:08.868  1231  1231 I Telecom : ViceNotificationImpl: ViceNotificationImpl
11-27 19:13:08.879  1231  4648 I ActivityManager: Start proc 5061:com.google.process.gapps/u0a12 for content provider com.google.android.gsf/.gservices.GservicesProvider
11-27 19:13:08.969  1231  5089 I ActivityManager: Start proc 5130:android.process.acore/u0a7 for content provider com.android.providers.contacts/.CallLogProvider
11-27 19:13:08.972  1231  1231 I Telecom : BluetoothPhoneService: Ignoring IBluetoothDsdaService class not found exception 
11-27 19:13:08.973  1231  3996 V AlarmManager: Triggering alarm #0: Alarm{c50d948 type 3 when 24552 android}operation =Intent { act=android.content.jobscheduler.JOB_DELAY_EXPIRED }
11-27 19:13:09.002  1231  1231 I Telecom : Class: TelecomSystem.INSTANCE being set
11-27 19:13:09.003  1231  1231 W ContextImpl: Calling a method in the system process without a qualified user: android.app.ContextImpl.startService:1237 android.content.ContextWrapper.startService:582 com.android.server.telecom.components.TelecomService.initializeTelecomSystem:117 com.android.server.telecom.components.TelecomService.onBind:48 android.app.ActivityThread.handleBindService:2968 
11-27 19:13:09.067  1231  1231 I ActivityManager: Start proc 5153:com.android.providers.calendar/u0a5 for content provider com.android.providers.calendar/.CalendarProvider2
11-27 19:13:09.528  1231  1231 V WiredAccessoryManager: init()
11-27 19:13:09.532  1231  1231 D OemExService: systemReady
11-27 19:13:09.532  1231  1231 D OemExService: init()
11-27 19:13:09.534  1231  1231 W ContextImpl: Calling a method in the system process without a qualified user: android.app.ContextImpl.sendBroadcast:779 com.android.server.OemExService.sendBroadcastForChangeDarkMode:199 com.android.server.OemExService.onSystemReady:178 com.android.server.OemExService.access$000:58 com.android.server.OemExService$1.handleMessage:105 
11-27 19:13:09.584  1231  4866 I ActivityManager: Start proc 5261:com.google.android.googlequicksearchbox:search/u0a24 for service com.google.android.googlequicksearchbox/com.google.android.hotword.service.HotwordService
11-27 19:13:09.617  1231  5238 I ActivityManager: Start proc 5288:com.android.smspush/u0a83 for service com.android.smspush/.WapPushManager
11-27 19:13:09.679  1231  1231 D WindowManager: Can't get top full screen window type
11-27 19:13:09.724  1231  4667 I ActivityManager: Start proc 5310:com.qualcomm.qcrilmsgtunnel/1001 for service com.qualcomm.qcrilmsgtunnel/.QcrilMsgTunnelService
11-27 19:13:09.755  1231  1447 I ActivityManager: Start proc 5324:org.telegram.messenger/u0a28 for broadcast org.telegram.messenger/.MusicPlayerReceiver
11-27 19:13:09.853  1231  1231 I DeviceIdleController: updateChargingLocked: charging=true
11-27 19:13:09.853  1231  1231 I DeviceIdleController: becomeActiveLocked, reason = charging
11-27 19:13:09.869  1231  1231 I DeviceIdleController: updateChargingLocked: charging=true
11-27 19:13:09.869  1231  1231 I DeviceIdleController: becomeActiveLocked, reason = charging
11-27 19:13:09.876  1231  1622 D WindowManager: Can't get top full screen window type
11-27 19:13:10.062  1231  4044 E ConnectivityService: Failed to find Messenger in unregisterNetworkFactory
11-27 19:13:10.063  1231  4044 D ConnectivityService: Got NetworkFactory Messenger for Telephony
11-27 19:13:10.064  1231  4044 D ConnectivityService: NetworkFactory connected
11-27 19:13:10.076  1231  4044 E ConnectivityService: Failed to find Messenger in unregisterNetworkFactory
11-27 19:13:10.077  1231  4044 D ConnectivityService: Got NetworkFactory Messenger for Telephony
11-27 19:13:10.077  1231  4044 D ConnectivityService: NetworkFactory connected
11-27 19:13:10.084  1231  4043 D WifiService: New client listening to asynchronous messages
11-27 19:13:10.318  1231  3996 V AlarmManager: Triggering alarm #0: Alarm{18fb5c5 type 3 when 24894 android}operation =Intent { act=android.content.jobscheduler.JOB_DELAY_EXPIRED }
11-27 19:13:10.348  1231  4877 I ActivityManager: Start proc 5416:net.oneplus.odm.provider/u0a18 for content provider net.oneplus.odm.provider/.PayloadProvider
11-27 19:13:10.569  1231  1447 I ActivityManager: Start proc 5450:com.oneplus.skin/1000 for broadcast com.oneplus.skin/.OPSkinReceiver
11-27 19:13:10.753  1231  1447 I ActivityManager: Start proc 5515:com.android.settings/1000 for broadcast com.android.settings/.sim.SimSelectNotification
11-27 19:13:10.852  1231  4044 D ConnectivityService: Got NetworkFactory Messenger for WIFI
11-27 19:13:10.852  1231  4044 D ConnectivityService: Got NetworkFactory Messenger for WIFI_UT
11-27 19:13:10.853  1231  4044 D ConnectivityService: NetworkFactory connected
11-27 19:13:10.853  1231  4044 D ConnectivityService: NetworkFactory connected
11-27 19:13:11.010  1231  1447 I ActivityManager: Start proc 5598:com.qualcomm.telephony/1000 for broadcast com.qualcomm.simcontacts/.SimStateReceiver
11-27 19:13:11.107  1231  1447 I ActivityManager: Start proc 5621:org.codeaurora.ims/1001 for broadcast org.codeaurora.ims/.ImsServiceAutoboot
11-27 19:13:11.151  4607  4607 W KeyphraseEnrollmentInfo: Enrollment application doesn't support keyphrases
11-27 19:13:11.169  1231  5238 I ActivityManager: Start proc 5637:com.google.android.gms/u0a12 for service com.google.android.gms/.ads.identifier.service.AdvertisingIdService
11-27 19:13:11.223  1231  1447 I SystemServiceManager: Starting phase 1000
11-27 19:13:11.254  1231  4830 I ActivityManager: Config changes=8000000 {1.0 ?mcc?mnc de_DE ldltr sw360dp w360dp h616dp 480dpi nrml long port finger -keyb/v/h -nav/h s.5mThemeChanged = 1}
11-27 19:13:11.295  1231  4043 D WifiService: New client listening to asynchronous messages
11-27 19:13:11.313  5450  5450 W ContextImpl: Calling a method in the system process without a qualified user: android.app.ContextImpl.sendBroadcast:779 android.content.ContextWrapper.sendBroadcast:397 android.content.ContextWrapper.sendBroadcast:397 com.oneplus.skin.OPSkinReceiver.sendBroadcastForOxygenThemeChangeDone:164 com.oneplus.skin.OPSkinReceiver.onReceive:157 
11-27 19:13:11.332  5598  5598 W ContextImpl: Calling a method in the system process without a qualified user: android.app.ContextImpl.startService:1237 android.content.ContextWrapper.startService:582 android.content.ContextWrapper.startService:582 com.qualcomm.simcontacts.SimStateReceiver.sendSimState:78 com.qualcomm.simcontacts.SimStateReceiver.onReceive:54 
11-27 19:13:11.485  1231  5242 I ActivityManager: Start proc 5713:com.google.android.partnersetup/u0a15 for content provider com.google.android.partnersetup/.RlzAppProvider
11-27 19:13:12.242  1231  4830 I ActivityManager: Start proc 5840:com.google.android.gm/u0a47 for content provider com.google.android.gm/com.android.exchange.provider.ExchangeDirectoryProvider
11-27 19:13:12.403  1231  4043 D WifiService: New client listening to asynchronous messages
11-27 19:13:12.453  1231  1447 I ActivityManager: [BgDetect] finishBooting queue CHECK_EXCESSIVE_CPU_MSG
11-27 19:13:12.458  1231  1447 W ActivityManager: Broadcast Intent { act=android.intent.action.BOOT_COMPLETED flg=0x8000010 (has extras) } not ordered but result callback requested!
11-27 19:13:12.844  1231  3996 V AlarmManager: Triggering alarm #0: Alarm{27fd56b type 0 when 1480270392595 com.google.android.googlequicksearchbox}operation =Intent { cmp=com.google.android.googlequicksearchbox/com.google.android.apps.gsa.tasks.VelvetBackgroundTasksIntentService }
11-27 19:13:13.095  1231  1447 I WindowManager: Started waking up...
11-27 19:13:13.095  1231  1447 I WindowManager: Screen turning on...
11-27 19:13:13.095  1231  1447 W KeyguardServiceDelegate: onScreenTurningOn(): no keyguard service!
11-27 19:13:13.098  1231  1231 I DeviceIdleController: updateChargingLocked: charging=true
11-27 19:13:13.098  1231  1231 I DeviceIdleController: becomeActiveLocked, reason = charging
11-27 19:13:13.104  1231  4043 D WifiService: New client listening to asynchronous messages
11-27 19:13:13.166  1231  4843 D CryptdConnector: SND -> {2 cryptfs getpw}
11-27 19:13:13.167   357   364 D VoldCryptCmdListener: cryptfs getpw
11-27 19:13:13.167   357   364 I Ext4Crypt: ext4 crypto complete called on /data
11-27 19:13:13.167   357   364 I Ext4Crypt: No master key, so not ext4enc
11-27 19:13:13.167   357   364 I Ext4Crypt: ext4 crypto complete called on /data
11-27 19:13:13.167   357   364 I Ext4Crypt: No master key, so not ext4enc
11-27 19:13:13.167  1231  4010 D CryptdConnector: RCV <- {200 2 -1}
11-27 19:13:13.167  1231  4843 D CryptdConnector: SND -> {3 cryptfs clearpw}
11-27 19:13:13.168   357   364 D VoldCryptCmdListener: cryptfs clearpw
11-27 19:13:13.168   357   364 I Ext4Crypt: ext4 crypto complete called on /data
11-27 19:13:13.168   357   364 I Ext4Crypt: No master key, so not ext4enc
11-27 19:13:13.168  1231  4010 D CryptdConnector: RCV <- {200 3 0}
11-27 19:13:13.247  5840  5989 D ActivityThread: Loading provider com.google.android.gmail.provider;com.android.mail.notifier;com.google.android.gm.email.provider;com.google.android.gm.email.notifier: com.android.email.provider.EmailProvider
11-27 19:13:13.256  1231  4877 I ActivityManager: Start proc 6018:com.qti.service.colorservice/1000 for service com.qti.service.colorservice/.ColorServiceApp
11-27 19:13:13.259  1231  3996 V AlarmManager: Triggering alarm #0: Alarm{de552b3 type 3 when 28746 android}operation =Intent { act=android.content.jobscheduler.JOB_DELAY_EXPIRED }
11-27 19:13:13.307  1231  1622 W WindowManager: App freeze timeout expired.
11-27 19:13:13.307  1231  1622 W WindowManager: Force clearing freeze: AppWindowToken{65612e5 token=Token{8c2e64f ActivityRecord{bde08ae u0 com.android.launcher3/.Launcher t12460}}}
11-27 19:13:13.307  1231  1622 I WindowManager: Screen frozen for +2s49ms due to AppWindowToken{65612e5 token=Token{8c2e64f ActivityRecord{bde08ae u0 com.android.launcher3/.Launcher t12460}}}
11-27 19:13:13.331  1231  5980 I ActivityManager: Start proc 6039:com.android.keychain/1000 for service com.android.keychain/.KeyChainService
11-27 19:13:13.366  1231  3996 V AlarmManager: Triggering alarm #0: Alarm{d60fe15 type 3 when 28944 android}operation =Intent { act=android.content.jobscheduler.JOB_DELAY_EXPIRED }
11-27 19:13:13.431  1231  4110 D RttService: New client listening to asynchronous messages: android.os.Messenger@1b82400
11-27 19:13:13.461  1231  1299 I Telecom : PhoneAccountRegistrar: New phone account registered: [[ ] PhoneAccount: ComponentInfo{com.android.phone/com.android.services.telephony.TelephonyConnectionService}, [e0184adedf913b076626646d3f52c3b49c39ad6d], UserHandle{0} Capabilities: 54 Schemes: tel voicemail ]
11-27 19:13:13.475  1231  1447 I ActivityManager: Start proc 6098:com.google.android.calendar/u0a31 for broadcast com.google.android.calendar/.alerts.AlertReceiver
11-27 19:13:13.512  1231  1299 I Telecom : : Sending phone-account intent as user
11-27 19:13:13.574  1231  1447 I ActivityManager: Killing 4209:com.android.externalstorage/u0a11 (adj 15): empty #11
11-27 19:13:13.598  1231  1447 I ActivityManager: Start proc 6115:com.android.cellbroadcastreceiver/u0a6 for broadcast com.android.cellbroadcastreceiver/.CellBroadcastReceiver
11-27 19:13:13.614  1231  4843 W Telecom : : No account found for the calling user
11-27 19:13:13.661  1231  5240 I ActivityManager: Killing 5450:com.oneplus.skin/1000 (adj 15): empty #11
11-27 19:13:13.662  1231  5240 I ActivityManager: Killing 5153:com.android.providers.calendar/u0a5 (adj 15): empty #12
11-27 19:13:13.674  1231  1299 I ActivityManager: Start proc 6131:com.google.process.gapps/u0a118 for content provider com.google.android.syncadapters.contacts/.GalProvider
11-27 19:13:13.675  1231  5241 I Telecom : PhoneAccountRegistrar: [ComponentInfo{com.android.phone/com.android.services.telephony.TelephonyConnectionService}, [e0184adedf913b076626646d3f52c3b49c39ad6d], UserHandle{0}(icon: Icon(typ=BITMAP size=57x72) -> Icon(typ=BITMAP size=57x72))]
11-27 19:13:13.692  1231  1447 I ActivityManager: Start proc 6139:com.android.dialer/u0a114 for broadcast com.android.dialer/.calllog.CallLogReceiver
11-27 19:13:13.693  1231  5241 I Telecom : : Sending phone-account intent as user
11-27 19:13:13.704  1231  1295 W Telecom : : No account found for the calling user
11-27 19:13:13.780  1231  1447 I ActivityManager: Start proc 6166:com.google.android.marvin.talkback/u0a88 for broadcast com.google.android.marvin.talkback/com.android.talkback.BootReceiver
11-27 19:13:13.805  1231  1231 I Telecom : ViceNotificationImpl: mImsIntentReceiver: action com.android.ims.IMS_SERVICE_UP
11-27 19:13:13.806  1231  1231 W ContextImpl: Calling a method in the system process without a qualified user: android.app.ContextImpl.bindService:1301 android.content.ContextWrapper.bindService:605 com.android.server.telecom.ui.ViceNotificationImpl.bindImsService:258 com.android.server.telecom.ui.ViceNotificationImpl$ImsIntentReceiver.onReceive:169 android.app.LoadedApk$ReceiverDispatcher$Args.run:905 
11-27 19:13:13.834  1231  1447 I ActivityManager: Start proc 6197:com.android.providers.calendar/u0a5 for broadcast com.android.providers.calendar/.CalendarReceiver
11-27 19:13:13.848  1231  4866 I ActivityManager: Killing 4556:com.google.android.keep/u0a55 (adj 15): empty #11
11-27 19:13:13.859  1231  6136 D DropBoxManagerService: file :: /data/system/dropbox/SYSTEM_BOOT@1480270393846.txt
11-27 19:13:13.872  1231  6136 I BootReceiver: Copying /sys/fs/pstore/console-ramoops-0 to DropBox (SYSTEM_LAST_KMSG)
11-27 19:13:13.884  1231  1447 I ActivityManager: Start proc 6210:com.google.android.configupdater/u0a35 for broadcast com.google.android.configupdater/.CertPin.CertPinUpdateRequestReceiver
11-27 19:13:13.907  1231  4880 I ActivityManager: Killing 5713:com.google.android.partnersetup/u0a15 (adj 15): empty #11
11-27 19:13:13.919  1231  5241 I ActivityManager: Killing 4723:com.android.vending/u0a19 (adj 15): empty #11
11-27 19:13:13.984  1231  6136 D DropBoxManagerService: file :: /data/system/dropbox/SYSTEM_LAST_KMSG@1480270393969.txt.gz
11-27 19:13:13.985  1231  6136 W ContextImpl: Calling a method in the system process without a qualified user: android.app.ContextImpl.sendBroadcast:779 com.android.server.DropBoxManagerService.sendFeedbackBroadcast:229 com.android.server.DropBoxManagerService.add:397 android.os.DropBoxManager.addText:270 com.android.server.BootReceiver.addFileWithFootersToDropBox:210 
11-27 19:13:13.991  1231  1295 I ActivityManager: Killing 5840:com.google.android.gm/u0a47 (adj 15): empty #11
11-27 19:13:14.026  1231  1447 I ActivityManager: Start proc 6246:com.google.android.onetimeinitializer/u0a14 for broadcast com.google.android.onetimeinitializer/.OneTimeInitializerReceiver
11-27 19:13:14.038  1231  4648 D WindowManager: mKeyguardDelegate.ShowListener.onDrawn.
11-27 19:13:14.038  1231  1451 W WindowManager: Setting mKeyguardDrawComplete
11-27 19:13:14.040  1231  6136 I BootReceiver: Copying audit failures to DropBox
11-27 19:13:14.045  1231  6136 I BootReceiver: Copied 686 worth of audits to DropBox
11-27 19:13:14.062  1231  1299 I ActivityManager: Killing 4935:com.touchtype.swiftkey/u0a79 (adj 15): empty #11
11-27 19:13:14.066  1231  1231 D FingerprintService: startAuthentication
11-27 19:13:14.088  1231  6136 D DropBoxManagerService: file :: /data/system/dropbox/SYSTEM_AUDIT@1480270394079.txt
11-27 19:13:14.094  1231  6136 I BootReceiver: Checking for fsck errors
11-27 19:13:14.096  1231  1447 I ActivityManager: Start proc 6274:com.google.android.partnersetup/u0a15 for broadcast com.google.android.partnersetup/.GooglePartnerSetup
11-27 19:13:14.133  1231  4830 I ActivityManager: Killing 5515:com.android.settings/1000 (adj 15): empty #11
11-27 19:13:14.186  1231  5242 I Telecom : PhoneAccountRegistrar: [ComponentInfo{com.android.phone/com.android.services.telephony.TelephonyConnectionService}, [e0184adedf913b076626646d3f52c3b49c39ad6d], UserHandle{0}(icon: Icon(typ=BITMAP size=57x72) -> Icon(typ=BITMAP size=57x72))]
11-27 19:13:14.195  1231  1447 I ActivityManager: Start proc 6290:com.android.managedprovisioning/u0a16 for broadcast com.android.managedprovisioning/.BootReminder
11-27 19:13:14.206  1231  5242 I Telecom : : Sending phone-account intent as user
11-27 19:13:14.229  1231  1447 I ActivityManager: Killing 5621:org.codeaurora.ims/1001 (adj 15): empty #11
11-27 19:13:14.274  1231  1447 I ActivityManager: Start proc 6329:net.oneplus.odm/1000 for broadcast net.oneplus.odm/.DeviceManagerBootReceiver
11-27 19:13:14.299  1231  4830 W Telecom : : No account found for the calling user
11-27 19:13:14.348  1231  1447 I BroadcastQueue: Delay finish: net.oneplus.odm/.DeviceManagerBootReceiver
11-27 19:13:14.358  1231  5105 I Telecom : PhoneAccountRegistrar: [ComponentInfo{com.android.phone/com.android.services.telephony.TelephonyConnectionService}, [e0184adedf913b076626646d3f52c3b49c39ad6d], UserHandle{0}(icon: Icon(typ=BITMAP size=57x72) -> Icon(typ=BITMAP size=57x72))]
11-27 19:13:14.359  1231  4877 I ActivityManager: Delaying start of: ServiceRecord{7ea4ffe u0 com.android.dialer/com.oneplus.dialer.OPDialerPersistService}
11-27 19:13:14.404  1231  5105 I Telecom : : Sending phone-account intent as user
