11-27 19:13:22.262  1231  1643 I DisplayPowerController: useProximityForceSuspend = false
11-27 19:13:22.554  1231  1643 I DisplayPowerController: useProximityForceSuspend = false
11-27 19:13:23.699  1231  4044 D ConnectivityService: Update of LinkProperties for NetworkAgentInfo [WIFI () - 100]; created=true
11-27 19:13:23.699  1231  4044 D ConnectivityService: identical MTU - not setting
11-27 19:13:23.699  1231  4044 D ConnectivityService: Setting Dns servers for network 100 to [/fe80::1%wlan0%22, /192.168.1.1]
11-27 19:13:23.709  1231  4044 D ConnectivityService: notifyType IP_CHANGED for NetworkAgentInfo [WIFI () - 100]
11-27 19:13:23.709  1231  4044 D ConnectivityService:  sending notification for NetworkRequest [ id=1, legacyType=-1, [ Capabilities: INTERNET&NOT_RESTRICTED&TRUSTED&NOT_VPN] ]
11-27 19:13:23.709  1231  4044 D ConnectivityService:  sending notification for NetworkRequest [ id=3, legacyType=-1, [] ]
11-27 19:13:23.710  1231  4044 D ConnectivityService: sending notification IP_CHANGED for NetworkRequest [ id=3, legacyType=-1, [] ]
11-27 19:13:23.885   357  4029 I vold    : Trimmed 41134104576 bytes on /data in 19535ms
11-27 19:13:23.885   357  4029 D vold    : Starting trim of none
11-27 19:13:23.885   357  4029 W vold    : Failed to open none: No such file or directory
11-27 19:13:23.885  1231  4009 D VoldConnector: RCV <- {662 /data 41134104576 19535725201}
11-27 19:13:23.902  1231  1464 D DropBoxManagerService: file :: /data/system/dropbox/storage_trim@1480270403891.txt
11-27 19:13:24.711  1231  4044 D ConnectivityService: rematching NetworkAgentInfo [WIFI () - 100]
11-27 19:13:24.711  1231  4044 D ConnectivityService:  network has: [ Transports: WIFI Capabilities: INTERNET&NOT_RESTRICTED&TRUSTED&NOT_VPN&VALIDATED LinkUpBandwidth>=1048576Kbps LinkDnBandwidth>=1048576Kbps SignalStrength: -63]
11-27 19:13:24.711  1231  4044 D ConnectivityService: Network NetworkAgentInfo [WIFI () - 100] was already satisfying request 1. No change.
11-27 19:13:24.711  1231  4044 D ConnectivityService:   checking if request is satisfied: NetworkRequest [ id=3, legacyType=-1, [] ]
11-27 19:13:24.711  1231  4044 D ConnectivityService: notifyType CAP_CHANGED for NetworkAgentInfo [WIFI () - 100]
11-27 19:13:24.711  1231  4044 D ConnectivityService:  sending notification for NetworkRequest [ id=1, legacyType=-1, [ Capabilities: INTERNET&NOT_RESTRICTED&TRUSTED&NOT_VPN] ]
11-27 19:13:24.711  1231  4044 D ConnectivityService:  sending notification for NetworkRequest [ id=3, legacyType=-1, [] ]
11-27 19:13:24.712  1231  4044 D ConnectivityService: sending notification CAP_CHANGED for NetworkRequest [ id=3, legacyType=-1, [] ]
11-27 19:13:24.712  1231  4044 D ConnectivityService: updateNetworkScore for NetworkAgentInfo [WIFI () - 100] to 60
11-27 19:13:24.712  1231  4044 D ConnectivityService: rematching NetworkAgentInfo [WIFI () - 100]
11-27 19:13:24.712  1231  4044 D ConnectivityService:  network has: [ Transports: WIFI Capabilities: INTERNET&NOT_RESTRICTED&TRUSTED&NOT_VPN&VALIDATED LinkUpBandwidth>=1048576Kbps LinkDnBandwidth>=1048576Kbps SignalStrength: -63]
11-27 19:13:24.712  1231  4044 D ConnectivityService: Network NetworkAgentInfo [WIFI () - 100] was already satisfying request 1. No change.
11-27 19:13:24.712  1231  4044 D ConnectivityService:   checking if request is satisfied: NetworkRequest [ id=3, legacyType=-1, [] ]
11-27 19:13:24.712  1231  4044 D ConnectivityService: sending new Min Network Score(60): NetworkRequest [ id=1, legacyType=-1, [ Capabilities: INTERNET&NOT_RESTRICTED&TRUSTED&NOT_VPN] ]
11-27 19:13:24.799  1231  1231 W ActivityManager: Unable to start service Intent { act=com.android.location.XT.IXTSrv pkg=com.qualcomm.location.XT } U=0: not found
11-27 19:13:24.800  1231  1231 W ActivityManager: Unable to start service Intent { act=com.qualcomm.services.location.LocationAlarmService pkg=com.qualcomm.services.location } U=0: not found
11-27 19:13:24.870  1231  7400 W ActivityManager: Unable to start service Intent { act=com.android.location.XT.IXTSrv pkg=com.qualcomm.location.XT } U=0: not found
11-27 19:13:26.656  1231  1447 I ActivityManager: Waited long enough for: ServiceRecord{d7c2343 u0 com.qualcomm.simcontacts/.SimContactsService}
11-27 19:13:26.667  7255  7255 W ContextImpl: Calling a method in the system process without a qualified user: android.app.ContextImpl.bindService:1301 android.content.ContextWrapper.bindService:605 com.qualcomm.qti.modemtestmode.MbnSystemService.onCreate:101 android.app.ActivityThread.handleCreateService:2941 android.app.ActivityThread.access$1900:154 
11-27 19:13:26.996  1231  1447 I ActivityManager: Waited long enough for: ServiceRecord{bb3dbfa u0 org.telegram.messenger/.NotificationsService}
11-27 19:13:26.996  1231  1447 I BroadcastQueue: Resuming delayed broadcast
11-27 19:13:27.022  5598  5598 W ContextImpl: Calling a method in the system process without a qualified user: android.app.ContextImpl.startService:1237 android.content.ContextWrapper.startService:582 android.content.ContextWrapper.startService:582 com.qualcomm.simcontacts.SimStateReceiver.sendPhoneBoot:69 com.qualcomm.simcontacts.SimStateReceiver.onReceive:56 
11-27 19:13:27.045  1231  1447 I ActivityManager: Start proc 7455:com.qualcomm.embms/u0a100 for broadcast com.qualcomm.embms/.EmbmsBootReceiver
11-27 19:13:27.097  1231  1447 I ActivityManager: Start proc 7467:org.codeaurora.ims/1001 for broadcast org.codeaurora.ims/.ImsServiceAutoboot
11-27 19:13:27.109  1231  1299 I ActivityManager: Start proc 7479:com.qualcomm.embms:remote/u0a100 for service com.qualcomm.embms/.EmbmsService
11-27 19:13:27.120  1231  1447 I BroadcastQueue: Delay finish: org.codeaurora.ims/.ImsServiceAutoboot
11-27 19:13:27.123  1231  4648 I ActivityManager: Killing 4972:com.android.printspooler/u0a74 (adj 15): empty #11
11-27 19:13:27.124  1231  1441 V ActivityManager: killProcessGroupAsync took 0 ms for PID 4972 on thread 14
11-27 19:13:27.429  1231  5240 I BroadcastQueue: Resuming delayed broadcast
11-27 19:13:27.500  1231  1447 I ActivityManager: Start proc 7496:com.android.vending/u0a19 for broadcast com.android.vending/com.google.android.finsky.receivers.BootCompletedReceiver
11-27 19:13:27.526  1231  1447 I BroadcastQueue: Delay finish: com.android.vending/com.google.android.finsky.receivers.BootCompletedReceiver
11-27 19:13:27.751  1231  4667 I ActivityManager: Delaying start of: ServiceRecord{6f64695 u0 com.android.vending/com.google.android.finsky.wear.WearSupportService}
11-27 19:13:27.769  1231  1231 I DeviceIdleController: updateChargingLocked: charging=true
11-27 19:13:27.769  1231  1231 I DeviceIdleController: becomeActiveLocked, reason = charging
11-27 19:13:27.835  1231  5242 I ActivityManager: Delaying start of: ServiceRecord{4e85076 u0 com.android.vending/com.google.android.finsky.services.RestoreService}
11-27 19:13:27.890  1231  5105 I ActivityManager: Killing 6098:com.google.android.calendar/u0a31 (adj 15): empty #11
11-27 19:13:27.898  1231  1441 V ActivityManager: killProcessGroupAsync took 0 ms for PID 6098 on thread 14
11-27 19:13:27.947  1231  4044 D ConnectivityService: handlePromptUnvalidated 101
11-27 19:13:28.562  1231  4044 D ConnectivityService: handlePromptUnvalidated 100
11-27 19:13:29.274  1231  5238 I ActivityManager: Start proc 7664:com.google.android.gms.ui/u0a12 for service com.google.android.gms/.chimera.UiIntentOperationService
11-27 19:13:29.421  1231  5242 I BroadcastQueue: Resuming delayed broadcast
11-27 19:13:29.433  1231  5242 I ActivityManager: Start proc 7683:com.touchtype.swiftkey/u0a79 for broadcast com.touchtype.swiftkey/com.touchtype.BootReceiver
11-27 19:13:29.475  1231  1447 I ActivityManager: Start proc 7696:com.google.android.apps.photos/u0a71 for broadcast com.google.android.apps.photos/.camerashortcut.CameraShortcutBroadcastReceiver
11-27 19:13:29.529  1231  4667 I ActivityManager: Killing 6197:com.android.providers.calendar/u0a5 (adj 15): empty #11
11-27 19:13:29.537  1231  1441 V ActivityManager: killProcessGroupAsync took 8 ms for PID 6197 on thread 14
11-27 19:13:29.563  1231  1447 I ActivityManager: Start proc 7716:com.google.android.gm/u0a47 for broadcast com.google.android.gm/.GoogleMailDeviceStartupReceiver
11-27 19:13:29.630  1231  1447 I ActivityManager: Start proc 7731:com.google.android.talk/u0a52 for broadcast com.google.android.talk/com.google.android.apps.hangouts.service.broadcastreceiver.BootReceiver
11-27 19:13:29.647  1231  4880 I ActivityManager: Killing 7214:com.oneplus.ota/1000 (adj 15): empty #11
11-27 19:13:29.652  1231  1441 V ActivityManager: killProcessGroupAsync took 1 ms for PID 7214 on thread 14
11-27 19:13:29.683  1231  5242 I ActivityManager: Killing 7227:com.android.settings/1000 (adj 15): empty #11
11-27 19:13:29.684  1231  1441 V ActivityManager: killProcessGroupAsync took 0 ms for PID 7227 on thread 14
11-27 19:13:29.701  1231  1447 I ActivityManager: Start proc 7749:com.google.android.apps.messaging/u0a29 for broadcast com.google.android.apps.messaging/.shared.receiver.BootAndPackageReplacedReceiver
11-27 19:13:29.778  1231  1447 I ActivityManager: Start proc 7770:com.google.android.apps.messaging:rcs/u0a29 for broadcast com.google.android.apps.messaging/com.google.android.rcs.service.receiver.AutoStartReceiver
11-27 19:13:29.784  7716  7766 D ActivityThread: Loading provider com.google.android.gmail.provider;com.android.mail.notifier;com.google.android.gm.email.provider;com.google.android.gm.email.notifier: com.android.email.provider.EmailProvider
11-27 19:13:29.792  1231  4667 I ActivityManager: Killing 6131:com.google.process.gapps/u0a118 (adj 15): empty #11
11-27 19:13:29.792  1231  4667 I ActivityManager: Killing 7273:com.oem.oemlogkit/1000 (adj 15): empty #12
11-27 19:13:29.793  1231  1441 V ActivityManager: killProcessGroupAsync took 1 ms for PID 6131 on thread 14
11-27 19:13:29.795  1231  1441 V ActivityManager: killProcessGroupAsync took 0 ms for PID 7273 on thread 14
11-27 19:13:29.831  1231  1447 I ActivityManager: Waited long enough for: ServiceRecord{816600d u0 com.whatsapp/.ExternalMediaManager}
11-27 19:13:29.842  1231  1447 I ActivityManager: Start proc 7784:com.google.android.youtube/u0a86 for broadcast com.google.android.youtube/com.google.android.libraries.youtube.upload.service.UploadService$BootReceiver
11-27 19:13:29.923  1231  1447 I ActivityManager: Start proc 7804:com.google.android.calendar/u0a31 for broadcast com.google.android.calendar/.alerts.AlertReceiver
11-27 19:13:29.945  1231  1295 I ActivityManager: Killing 7455:com.qualcomm.embms/u0a100 (adj 15): empty #11
11-27 19:13:29.946  1231  1441 V ActivityManager: killProcessGroupAsync took 1 ms for PID 7455 on thread 14
11-27 19:13:29.959  1231  1447 I ActivityManager: Killing 7467:org.codeaurora.ims/1001 (adj 15): empty #11
11-27 19:13:29.975  1231  1447 I ActivityManager: Start proc 7818:com.google.android.deskclock/u0a37 for broadcast com.google.android.deskclock/com.android.deskclock.AlarmInitReceiver
11-27 19:13:30.024  1231  1447 I ActivityManager: Start proc 7832:com.google.android.gm.exchange/u0a92 for broadcast com.google.android.gm.exchange/.UpgradeReceiver
11-27 19:13:30.028  1231  4830 I ActivityManager: Killing 7479:com.qualcomm.embms:remote/u0a100 (adj 15): empty #11
11-27 19:13:30.052  1231  1441 V ActivityManager: killProcessGroupAsync took 0 ms for PID 7467 on thread 14
11-27 19:13:30.052  1231  1441 V ActivityManager: killProcessGroupAsync took 0 ms for PID 7479 on thread 14
11-27 19:13:30.101  1231  1447 I ActivityManager: Start proc 7848:com.google.android.googlequicksearchbox:search/u0a24 for broadcast com.google.android.googlequicksearchbox/com.google.android.apps.gsa.search.core.StartUpReceiver
11-27 19:13:30.147  1231  1447 I ActivityManager: Waited long enough for: ServiceRecord{7ea4ffe u0 com.android.dialer/com.oneplus.dialer.OPDialerPersistService}
11-27 19:13:30.154  1231  4667 I ActivityManager: Killing 7496:com.android.vending/u0a19 (adj 15): empty #11
11-27 19:13:30.228  1231  1447 I ActivityManager: Start proc 7862:com.google.android.apps.maps/u0a61 for broadcast com.google.android.apps.maps/com.google.android.apps.gmm.navigation.service.detection.StartDetectionReceiver
11-27 19:13:30.228  1231  1441 V ActivityManager: killProcessGroupAsync took 0 ms for PID 7496 on thread 14
11-27 19:13:30.293  1231  4648 I ActivityManager: Start proc 7884:com.android.providers.calendar/u0a5 for content provider com.android.providers.calendar/.CalendarProvider2
11-27 19:13:30.314  1231  1447 I ActivityManager: Start proc 7893:kik.android/u0a44 for broadcast kik.android/.chat.service.StartupReceiver
11-27 19:13:30.325  1231  4830 W ActivityManager: Unable to start service Intent { cmp=com.google.android.gm/com.android.email.service.AttachmentService } U=0: not found
11-27 19:13:30.365  1231  1447 I ActivityManager: Waited long enough for: ServiceRecord{e4660d6 u0 net.oneplus.odm/.DeviceManagerService}
11-27 19:13:30.376  1231  5238 I ActivityManager: Killing 7696:com.google.android.apps.photos/u0a71 (adj 15): empty #11
11-27 19:13:30.377  1231  1441 V ActivityManager: killProcessGroupAsync took 0 ms for PID 7696 on thread 14
11-27 19:13:30.415  1231  1447 I ActivityManager: Killing 7716:com.google.android.gm/u0a47 (adj 15): empty #11
11-27 19:13:30.415  1231  1441 V ActivityManager: killProcessGroupAsync took 0 ms for PID 7716 on thread 14
11-27 19:13:30.487  1231  1447 I ActivityManager: Start proc 7924:de.fpo.greencity/u0a565 for broadcast de.fpo.greencity/com.marianhello.bgloc.BootCompletedReceiver
11-27 19:13:30.488  1231  1447 I ActivityManager: Waited long enough for: ServiceRecord{8521b04 u0 net.oneplus.odm/.insight.OneplusAnalyticsJobService}
11-27 19:13:30.545  1231  4242 I ActivityManager: Killing 7731:com.google.android.talk/u0a52 (adj 15): empty #11
11-27 19:13:30.545  1231  1441 V ActivityManager: killProcessGroupAsync took 0 ms for PID 7731 on thread 14
11-27 19:13:30.575  1231  1447 I ActivityManager: Start proc 7948:de.schildbach.wallet/u0a84 for broadcast de.schildbach.wallet/.service.BootstrapReceiver
11-27 19:13:30.591  1231  5238 I ActivityManager: Killing 7749:com.google.android.apps.messaging/u0a29 (adj 15): empty #11
11-27 19:13:30.592  1231  1441 V ActivityManager: killProcessGroupAsync took 0 ms for PID 7749 on thread 14
11-27 19:13:30.638  1231  1447 I ActivityManager: Start proc 7962:com.zdf.android.mediathek/u0a381 for broadcast com.zdf.android.mediathek/.reminder.RemindReceiver
11-27 19:13:30.672  1231  4843 I ActivityManager: Killing 7784:com.google.android.youtube/u0a86 (adj 15): empty #11
11-27 19:13:30.674  1231  1441 V ActivityManager: killProcessGroupAsync took 0 ms for PID 7784 on thread 14
11-27 19:13:30.740  1231  1447 I ActivityManager: Start proc 7989:com.lexa.fakegps/u0a244 for broadcast com.lexa.fakegps/com.lexa.BootReceiver
11-27 19:13:30.791  1231  4648 I ActivityManager: Killing 7804:com.google.android.calendar/u0a31 (adj 15): empty #11
11-27 19:13:30.795  1231  1441 V ActivityManager: killProcessGroupAsync took 2 ms for PID 7804 on thread 14
11-27 19:13:30.821  1231  1447 I ActivityManager: Start proc 8008:com.endomondo.android/u0a1 for broadcast com.endomondo.android/.common.activityrecognition.AutoStart
11-27 19:13:30.866  1231  1447 I ActivityManager: Start proc 8020:com.google.android.keep/u0a55 for broadcast com.google.android.keep/.notification.AlertReceiver
11-27 19:13:30.870  1231  4648 I ActivityManager: Killing 7818:com.google.android.deskclock/u0a37 (adj 15): empty #11
11-27 19:13:30.870  1231  1441 V ActivityManager: killProcessGroupAsync took 0 ms for PID 7818 on thread 14
11-27 19:13:30.929  1231  1447 W BroadcastQueue: Permission Denial: receiving Intent { act=android.intent.action.BOOT_COMPLETED flg=0x8000010 (has extras) } to com.google.android.apps.plus/com.google.android.libraries.social.notifications.impl.BootCompletedReceiver requires android.permission.RECEIVE_BOOT_COMPLETED due to sender null (uid 1000)
11-27 19:13:30.957  1231  1447 I ActivityManager: Start proc 8051:com.wunderkinder.wunderlistandroid/u0a98 for broadcast com.wunderkinder.wunderlistandroid/.receiver.BootCompletedReceiver
11-27 19:13:30.972  1231  4043 D WifiService: New client listening to asynchronous messages
11-27 19:13:30.996  1231  1447 I ActivityManager: Killing 7832:com.google.android.gm.exchange/u0a92 (adj 15): empty #11
11-27 19:13:30.996  1231  1441 V ActivityManager: killProcessGroupAsync took 0 ms for PID 7832 on thread 14
11-27 19:13:31.025  1231  1447 I ActivityManager: Start proc 8072:com.google.android.apps.inputmethod.hindi/u0a49 for broadcast com.google.android.apps.inputmethod.hindi/com.google.android.apps.inputmethod.libs.framework.core.LauncherIconVisibilityInitializer
11-27 19:13:31.086  1231  1447 I ActivityManager: Start proc 8107:com.google.android.apps.fitness/u0a555 for broadcast com.google.android.apps.fitness/.api.services.boot.FitnessBootReceiver
11-27 19:13:31.100  1231  5239 I ActivityManager: Start proc 8119:com.google.android.partnersetup/u0a15 for content provider com.google.android.partnersetup/.RlzAppProvider
11-27 19:13:31.106  1231  4648 I ActivityManager: Killing 7683:com.touchtype.swiftkey/u0a79 (adj 15): empty #11
11-27 19:13:31.107  1231  1441 V ActivityManager: killProcessGroupAsync took 0 ms for PID 7683 on thread 14
11-27 19:13:31.140  1231  5105 I ActivityManager: Killing 7862:com.google.android.apps.maps/u0a61 (adj 15): empty #11
11-27 19:13:31.144  1231  1441 V ActivityManager: killProcessGroupAsync took 0 ms for PID 7862 on thread 14
11-27 19:13:31.153  1231  1447 I ActivityManager: SMSG: enable SMSG config
11-27 19:13:31.273  1231  4830 I ActivityManager: Start proc 8148:com.android.chrome/u0a34 for service com.android.chrome/org.chromium.chrome.browser.customtabs.CustomTabsConnectionService
11-27 19:13:31.370  1231  1447 I ActivityManager: Start proc 8170:com.google.android.gm/u0a47 for broadcast com.google.android.gm/.widget.GmailWidgetProvider
11-27 19:13:31.455  1231  1299 I ActivityManager: Killing 7893:kik.android/u0a44 (adj 15): empty #11
11-27 19:13:31.461  1231  3996 V AlarmManager: Triggering alarm #0: Alarm{c32100b type 2 when 37464 com.google.android.gms}operation =Intent { act=com.google.android.location.ALARM_WAKEUP_LOCATOR }
11-27 19:13:31.461  1231  3996 V AlarmManager: Triggering alarm #1: Alarm{5b65ee8 type 2 when 40735 net.oneplus.odm}operation =Intent { act=intent_local_schedule (has extras) }
11-27 19:13:31.461  1231  3996 V AlarmManager: Triggering alarm #2: Alarm{f014901 type 2 when 44999 com.google.android.gms}operation =Intent { act=com.google.android.location.ALARM_WAKEUP_ACTIVITY_DETECTION }
11-27 19:13:31.461  1231  3996 V AlarmManager: Triggering alarm #3: Alarm{f9093a6 type 0 when 1480270411380 com.oem.oemlogkit}operation =Intent { act=com.android.alarm }
11-27 19:13:31.461  1231  3996 V AlarmManager: Triggering alarm #4: Alarm{5efa1e7 type 3 when 0 com.whatsapp}operation =Intent { act=com.whatsapp.action.UPDATE_NTP cmp=com.whatsapp/.AlarmBroadcastReceiver }
11-27 19:13:31.461  1231  3996 V AlarmManager: Triggering alarm #5: Alarm{a068194 type 3 when 0 com.whatsapp}operation =Intent { act=com.whatsapp.action.HOURLY_CRON cmp=com.whatsapp/.AlarmBroadcastReceiver }
11-27 19:13:31.461  1231  3996 V AlarmManager: Triggering alarm #6: Alarm{cb8743d type 3 when 0 com.oneplus.ota}operation =Intent { flg=0x10000000 cmp=com.oneplus.ota/.receiver.AlarmReceiver }
11-27 19:13:31.510  1231  1447 I ActivityManager: Start proc 8203:com.oneplus.ota/1000 for broadcast com.oneplus.ota/.receiver.AlarmReceiver
11-27 19:13:31.624  1231  1447 I ActivityManager: Start proc 8223:com.android.contacts/u0a7 for broadcast com.android.contacts/.SimStateReciever
11-27 19:13:31.682  8170  8226 D ActivityThread: Loading provider com.google.android.gmail.provider;com.android.mail.notifier;com.google.android.gm.email.provider;com.google.android.gm.email.notifier: com.android.email.provider.EmailProvider
11-27 19:13:31.716  1231  1447 I ActivityManager: Start proc 8244:com.android.settings/1000 for broadcast com.android.settings/.sim.SimSelectNotification
11-27 19:13:31.799  1231  3996 V AlarmManager: Triggering alarm #0: Alarm{e39ff51 type 3 when 47091 com.google.android.gms}operation =Intent { act=com.google.android.location.fused.LOCATION_STATUS_ALARM_ACTION_0 pkg=com.google.android.gms }
11-27 19:13:31.801  1231  1447 I ActivityManager: Killing 7924:de.fpo.greencity/u0a565 (adj 15): empty #11
11-27 19:13:31.832  1231  1447 I ActivityManager: Start proc 8273:org.codeaurora.ims/1001 for broadcast org.codeaurora.ims/.ImsServiceAutoboot
11-27 19:13:31.845  1231  4648 I ActivityManager: Killing 7948:de.schildbach.wallet/u0a84 (adj 15): empty #11
11-27 19:13:31.873  5598  5598 W ContextImpl: Calling a method in the system process without a qualified user: android.app.ContextImpl.startService:1237 android.content.ContextWrapper.startService:582 android.content.ContextWrapper.startService:582 com.qualcomm.simcontacts.SimStateReceiver.sendSimState:78 com.qualcomm.simcontacts.SimStateReceiver.onReceive:54 
11-27 19:13:31.879  8008  8258 W ActivityThread: ClassLoader.loadClass: The class loader returned by Thread.getContextClassLoader() may fail for processes that host multiple applications. You should explicitly specify a context class loader. For example: Thread.setContextClassLoader(getClass().getClassLoader());
11-27 19:13:31.885  1231  1447 I ActivityManager: Killing 7884:com.android.providers.calendar/u0a5 (adj 15): empty #11
11-27 19:13:32.003  5598  5598 W ContextImpl: Calling a method in the system process without a qualified user: android.app.ContextImpl.startService:1237 android.content.ContextWrapper.startService:582 android.content.ContextWrapper.startService:582 com.qualcomm.simcontacts.SimStateReceiver.sendSimState:78 com.qualcomm.simcontacts.SimStateReceiver.onReceive:54 
11-27 19:13:32.003  1231  1447 I ActivityManager: Start proc 8304:com.google.android.calendar/u0a31 for broadcast com.google.android.calendar/.alerts.AlertReceiver
11-27 19:13:32.039  1231  4843 I ActivityManager: Killing 7962:com.zdf.android.mediathek/u0a381 (adj 15): empty #11
11-27 19:13:32.094  1231  1299 I ActivityManager: Killing 8008:com.endomondo.android/u0a1 (adj 15): empty #11
11-27 19:13:32.095  1231  1299 I ActivityManager: Killing 7989:com.lexa.fakegps/u0a244 (adj 15): empty #12
11-27 19:13:32.129  1231  1447 I ActivityManager: Start proc 8327:com.google.android.apps.messaging/u0a29 for broadcast com.google.android.apps.messaging/.shared.receiver.DefaultSmsSubscriptionChangeReceiver
11-27 19:13:32.190  1231  4866 I ActivityManager: Killing 8020:com.google.android.keep/u0a55 (adj 15): empty #11
11-27 19:13:32.221  1231  1447 I ActivityManager: Start proc 8341:com.android.cellbroadcastreceiver/u0a6 for broadcast com.android.cellbroadcastreceiver/.CellBroadcastReceiver
11-27 19:13:32.302  1231  5105 I ActivityManager: Start proc 8366:com.android.providers.calendar/u0a5 for content provider com.android.providers.calendar/.CalendarProvider2
11-27 19:13:32.384  1231  1447 I ActivityManager: Killing 8072:com.google.android.apps.inputmethod.hindi/u0a49 (adj 15): empty #11
11-27 19:13:32.444  1231  1447 I ActivityManager: Start proc 8381:com.google.android.keep/u0a55 for broadcast com.google.android.keep/.notification.AlertReceiver
11-27 19:13:32.498  1231  4242 W ActivityManager: Unable to start service Intent { cmp=com.google.android.gm/com.android.email.service.AttachmentService } U=0: not found
11-27 19:13:32.514  1231  1441 V ActivityManager: killProcessGroupAsync took 13 ms for PID 7893 on thread 14
11-27 19:13:32.514  1231  1441 V ActivityManager: killProcessGroupAsync took 0 ms for PID 7924 on thread 14
11-27 19:13:32.514  1231  1441 V ActivityManager: killProcessGroupAsync took 0 ms for PID 7948 on thread 14
11-27 19:13:32.515  1231  1441 V ActivityManager: killProcessGroupAsync took 0 ms for PID 7884 on thread 14
11-27 19:13:32.515  1231  1441 V ActivityManager: killProcessGroupAsync took 0 ms for PID 7962 on thread 14
11-27 19:13:32.515  1231  1441 V ActivityManager: killProcessGroupAsync took 0 ms for PID 8008 on thread 14
11-27 19:13:32.515  1231  1441 V ActivityManager: killProcessGroupAsync took 0 ms for PID 7989 on thread 14
11-27 19:13:32.515  1231  1441 V ActivityManager: killProcessGroupAsync took 0 ms for PID 8020 on thread 14
11-27 19:13:32.515  1231  1441 V ActivityManager: killProcessGroupAsync took 0 ms for PID 8072 on thread 14
11-27 19:13:32.525  1231  1447 I ActivityManager: Killing 8107:com.google.android.apps.fitness/u0a555 (adj 15): empty #11
11-27 19:13:32.529  1231  1441 V ActivityManager: killProcessGroupAsync took 0 ms for PID 8107 on thread 14
11-27 19:13:32.567  1231  1447 I ActivityManager: Start proc 8397:com.qualcomm.timeservice/1000 for broadcast com.qualcomm.timeservice/.TimeServiceBroadcastReceiver
11-27 19:13:32.739  1231  1447 I ActivityManager: Start proc 8423:com.google.android.deskclock/u0a37 for broadcast com.google.android.deskclock/com.android.deskclock.AlarmInitReceiver
11-27 19:13:32.803  1231  1447 I ActivityManager: Killing 8203:com.oneplus.ota/1000 (adj 15): empty #11
11-27 19:13:32.803  1231  1441 V ActivityManager: killProcessGroupAsync took 0 ms for PID 8203 on thread 14
11-27 19:13:32.869  5598  5598 W ContextImpl: Calling a method in the system process without a qualified user: android.app.ContextImpl.startService:1237 android.content.ContextWrapper.startService:582 android.content.ContextWrapper.startService:582 com.qualcomm.simcontacts.SimStateReceiver.sendSimState:78 com.qualcomm.simcontacts.SimStateReceiver.onReceive:54 
11-27 19:13:33.067  1231  4648 I ActivityManager: Killing 8051:com.wunderkinder.wunderlistandroid/u0a98 (adj 15): empty #11
11-27 19:13:33.068  1231  1441 V ActivityManager: killProcessGroupAsync took 0 ms for PID 8051 on thread 14
11-27 19:13:33.069  5598  5598 W ContextImpl: Calling a method in the system process without a qualified user: android.app.ContextImpl.startService:1237 android.content.ContextWrapper.startService:582 android.content.ContextWrapper.startService:582 com.qualcomm.simcontacts.SimStateReceiver.sendSimState:78 com.qualcomm.simcontacts.SimStateReceiver.onReceive:54 
11-27 19:13:33.109  5598  5598 W ContextImpl: Calling a method in the system process without a qualified user: android.app.ContextImpl.startService:1237 android.content.ContextWrapper.startService:582 android.content.ContextWrapper.startService:582 com.qualcomm.simcontacts.SimStateReceiver.sendSimState:78 com.qualcomm.simcontacts.SimStateReceiver.onReceive:54 
11-27 19:13:33.150  5598  5598 W ContextImpl: Calling a method in the system process without a qualified user: android.app.ContextImpl.startService:1237 android.content.ContextWrapper.startService:582 android.content.ContextWrapper.startService:582 com.qualcomm.simcontacts.SimStateReceiver.sendSimState:78 com.qualcomm.simcontacts.SimStateReceiver.onReceive:54 
11-27 19:13:33.172  1231  5240 I ActivityManager: Delaying start of: ServiceRecord{2857d21 u0 com.google.android.apps.messaging/.shared.datamodel.sticker.StickerSyncService}
11-27 19:13:33.198  1231  5240 I ActivityManager: Delaying start of: ServiceRecord{ed808a3 u0 com.google.android.apps.messaging/.shared.datamodel.action.ActionServiceImpl}
11-27 19:13:33.501  1231  5241 W ActivityManager: Unable to start service Intent { cmp=com.google.android.gm.exchange/com.android.exchange.service.EasService } U=0: not found
11-27 19:13:33.661  1231  5105 D WifiService: acquireWifiLockLocked: WifiLock{NlpWifiLock type=2 binder=android.os.BinderProxy@cb161cd}
11-27 19:13:33.769  1231  1231 I DeviceIdleController: updateChargingLocked: charging=true
11-27 19:13:33.769  1231  1231 I DeviceIdleController: becomeActiveLocked, reason = charging
11-27 19:13:33.797  1231  5238 I ActivityManager: Start proc 8540:com.google.android.gms.unstable/u0a12 for service com.google.android.gms/.droidguard.DroidGuardService
11-27 19:13:33.883  1231  5105 D MmsServiceBroker: getCarrierConfigValues() by com.google.android.apps.messaging
11-27 19:13:33.883  1231  5105 W MmsServiceBroker: MmsService not connected. Try connecting...
11-27 19:13:33.884  1231  1231 I MmsServiceBroker: Connecting to MmsService
11-27 19:13:33.885  1231  1231 W ContextImpl: Calling a method in the system process without a qualified user: android.app.ContextImpl.bindService:1301 com.android.server.MmsServiceBroker.tryConnecting:240 com.android.server.MmsServiceBroker.access$000:52 com.android.server.MmsServiceBroker$1.handleMessage:82 android.os.Handler.dispatchMessage:102 
11-27 19:13:33.933  1231  1231 I MmsServiceBroker: MmsService connected
11-27 19:13:34.037  1231  1299 D MmsServiceBroker: getCarrierConfigValues() by com.google.android.apps.messaging
11-27 19:13:34.068  1231  4648 I BroadcastQueue: Delay finish: com.android.providers.calendar/.CalendarProviderBroadcastReceiver
11-27 19:13:34.080  1231  4843 I BroadcastQueue: Resuming delayed broadcast
11-27 19:13:34.247  1231  4648 I ActivityManager: Start proc 8636:com.oneplus.ota/1000 for broadcast com.oneplus.ota/.receiver.BootReceiver
11-27 19:13:34.398  1231  4843 I ActivityManager: Killing 8223:com.android.contacts/u0a7 (adj 15): empty #11
11-27 19:13:34.400  1231  1441 V ActivityManager: killProcessGroupAsync took 0 ms for PID 8223 on thread 14
11-27 19:13:34.408  1231  4830 D MmsServiceBroker: getCarrierConfigValues() by com.google.android.apps.messaging
11-27 19:13:34.549  1231  4843 D MmsServiceBroker: getCarrierConfigValues() by com.google.android.apps.messaging
11-27 19:13:34.686  1231  4877 D MmsServiceBroker: getCarrierConfigValues() by com.google.android.apps.messaging
11-27 19:13:34.753  1231  4880 D MmsServiceBroker: getCarrierConfigValues() by com.google.android.apps.messaging
11-27 19:13:34.790  1231  4880 I ActivityManager: Start proc 8750:com.touchtype.swiftkey/u0a79 for broadcast com.touchtype.swiftkey/net.swiftkey.androidlibs.paperboy.ConnectivityReceiver
11-27 19:13:34.824  1231  5239 I ActivityManager: Killing 8397:com.qualcomm.timeservice/1000 (adj 15): empty #11
11-27 19:13:34.825  1231  1441 V ActivityManager: killProcessGroupAsync took 0 ms for PID 8397 on thread 14
11-27 19:13:34.931  1231  5240 I ActivityManager: Killing 8148:com.android.chrome/u0a34 (adj 15): empty #11
11-27 19:13:34.936  1231  1441 V ActivityManager: killProcessGroupAsync took 5 ms for PID 8148 on thread 14
11-27 19:13:35.347  1231  5240 I ActivityManager: Start proc 8888:com.google.android.apps.photos/u0a71 for broadcast com.google.android.apps.photos/.actionqueue.SystemReceiver
11-27 19:13:35.444  1231  5239 I ActivityManager: Killing 8423:com.google.android.deskclock/u0a37 (adj 15): empty #11
11-27 19:13:35.445  1231  1441 V ActivityManager: killProcessGroupAsync took 0 ms for PID 8423 on thread 14
11-27 19:13:35.778  1231  4877 I ActivityManager: Start proc 8988:com.tinder/u0a42 for broadcast com.tinder/.receivers.BroadcastReceiverConnectionChange
11-27 19:13:35.783  1231  4877 I ActivityManager: Killing 8381:com.google.android.keep/u0a55 (adj 15): empty #11
11-27 19:13:35.785  1231  1441 V ActivityManager: killProcessGroupAsync took 1 ms for PID 8381 on thread 14
11-27 19:13:36.325  1231  1447 I ActivityManager: Waited long enough for: ServiceRecord{1d3aa62 u0 com.android.engineeringmode/.nvbackup.NVBackupStatusService}
11-27 19:13:36.525  1231  5240 I ActivityManager: Killing 7848:com.google.android.googlequicksearchbox:search/u0a24 (adj 15): empty #11
11-27 19:13:36.527  1231  1441 V ActivityManager: killProcessGroupAsync took 0 ms for PID 7848 on thread 14
11-27 19:13:36.542  1231  4843 I ActivityManager: Killing 8244:com.android.settings/1000 (adj 15): empty #11
11-27 19:13:36.543  1231  1441 V ActivityManager: killProcessGroupAsync took 0 ms for PID 8244 on thread 14
11-27 19:13:36.565  1231  4043 D WifiService: Client connection lost with reason: 4
11-27 19:13:36.582  1231  1447 I ActivityManager: Waited long enough for: ServiceRecord{ae13c0c u0 com.whatsapp/.messaging.MessageService}
11-27 19:13:36.783  1231  5240 I ActivityManager: Start proc 9279:com.haptic.chesstime/u0a90 for broadcast com.haptic.chesstime/.common.NetworkChangeReceiver
11-27 19:13:36.787  1231  5240 I ActivityManager: Killing 8341:com.android.cellbroadcastreceiver/u0a6 (adj 15): empty #11
11-27 19:13:36.788  1231  1441 V ActivityManager: killProcessGroupAsync took 1 ms for PID 8341 on thread 14
11-27 19:13:36.961  1231  5105 I ActivityManager: Start proc 9318:com.devhd.feedly/u0a103 for broadcast com.devhd.feedly/.widget.FeedlyWidgetProvider
11-27 19:13:36.965  1231  5105 I ActivityManager: Killing 8273:org.codeaurora.ims/1001 (adj 15): empty #11
11-27 19:13:36.966  1231  1441 V ActivityManager: killProcessGroupAsync took 1 ms for PID 8273 on thread 14
11-27 19:13:37.147  1231  4880 I ActivityManager: Start proc 9363:com.instagram.android/u0a394 for broadcast com.instagram.android/com.instagram.store.PendingLikeReceiver
11-27 19:13:37.151  1231  4880 I ActivityManager: Killing 8119:com.google.android.partnersetup/u0a15 (adj 15): empty #11
11-27 19:13:37.151  1231  1441 V ActivityManager: killProcessGroupAsync took 0 ms for PID 8119 on thread 14
11-27 19:13:37.303  1231  4843 I ActivityManager: Killing 7664:com.google.android.gms.ui/u0a12 (adj 15): empty #11
11-27 19:13:37.303  1231  1441 V ActivityManager: killProcessGroupAsync took 0 ms for PID 7664 on thread 14
11-27 19:13:37.502  1231  4667 I ActivityManager: Start proc 9439:com.google.android.apps.plus/u0a73 for broadcast com.google.android.apps.plus/com.google.android.libraries.social.autobackup.AutoBackupEnvironment$ConnectivityReceiver
11-27 19:13:37.505  1231  4667 I ActivityManager: Killing 8170:com.google.android.gm/u0a47 (adj 15): empty #11
11-27 19:13:37.507  1231  1441 V ActivityManager: killProcessGroupAsync took 2 ms for PID 8170 on thread 14
11-27 19:13:38.234  1231  4830 W ActivityManager: Permission Denial: opening provider com.android.providers.contacts.ContactsProvider2 from ProcessRecord{9ed4f10 9439:com.google.android.apps.plus/u0a73} (pid=9439, uid=10073) requires android.permission.READ_CONTACTS or android.permission.WRITE_CONTACTS
11-27 19:13:38.251  1231  4648 I ActivityManager: Start proc 9584:com.wunderkinder.wunderlistandroid/u0a98 for broadcast com.wunderkinder.wunderlistandroid/.receiver.WLConnectivityReceiver
11-27 19:13:38.257  1231  4648 I ActivityManager: Killing 8366:com.android.providers.calendar/u0a5 (adj 15): empty #11
11-27 19:13:38.263  1231  1441 V ActivityManager: killProcessGroupAsync took 6 ms for PID 8366 on thread 14
11-27 19:13:38.305  8304  8304 I ActivityThread: Removing dead content provider:android.content.ContentProviderProxy@3d35eab
11-27 19:13:38.323  1231  4667 I ActivityManager: Start proc 9606:com.android.providers.calendar/u0a5 for content provider com.android.providers.calendar/.CalendarProvider2
11-27 19:13:38.356  1231  4843 I ActivityManager: Killing 8327:com.google.android.apps.messaging/u0a29 (adj 15): empty #11
11-27 19:13:38.356  1231  1441 V ActivityManager: killProcessGroupAsync took 0 ms for PID 8327 on thread 14
11-27 19:13:38.404  1231  4866 I ActivityManager: Start proc 9644:com.google.android.googlequicksearchbox:search/u0a24 for broadcast com.google.android.googlequicksearchbox/com.google.android.apps.gsa.search.core.location.LocationReceiver
11-27 19:13:38.557  1231  5238 I ActivityManager: Killing 8636:com.oneplus.ota/1000 (adj 15): empty #11
11-27 19:13:38.572  1231  1441 V ActivityManager: killProcessGroupAsync took 7 ms for PID 8636 on thread 14
11-27 19:13:38.588  1231  4648 D WifiService: releaseWifiLockLocked: WifiLock{NlpWifiLock type=2 binder=android.os.BinderProxy@cb161cd}
11-27 19:13:38.612  1231  5239 W BroadcastQueue: Exception when sending broadcast to ComponentInfo{com.oneplus.ota/com.oneplus.ota.receiver.BootReceiver}
11-27 19:13:38.612  1231  5239 W BroadcastQueue: android.os.DeadObjectException
11-27 19:13:38.612  1231  5239 W BroadcastQueue: 	at android.os.BinderProxy.transactNative(Native Method)
11-27 19:13:38.612  1231  5239 W BroadcastQueue: 	at android.os.BinderProxy.transact(Binder.java:527)
11-27 19:13:38.612  1231  5239 W BroadcastQueue: 	at android.app.ApplicationThreadProxy.scheduleReceiver(ApplicationThreadNative.java:908)
11-27 19:13:38.612  1231  5239 W BroadcastQueue: 	at com.android.server.am.BroadcastQueue.processCurBroadcastLocked(BroadcastQueue.java:327)
11-27 19:13:38.612  1231  5239 W BroadcastQueue: 	at com.android.server.am.BroadcastQueue.processNextBroadcast(BroadcastQueue.java:1160)
11-27 19:13:38.612  1231  5239 W BroadcastQueue: 	at com.android.server.am.ActivityManagerService.finishNotOrderReceiver(ActivityManagerService.java:18326)
11-27 19:13:38.612  1231  5239 W BroadcastQueue: 	at android.app.ActivityManagerNative.onTransact(ActivityManagerNative.java:513)
11-27 19:13:38.612  1231  5239 W BroadcastQueue: 	at com.android.server.am.ActivityManagerService.onTransact(ActivityManagerService.java:2868)
11-27 19:13:38.612  1231  5239 W BroadcastQueue: 	at android.os.Binder.execTransact(Binder.java:458)
11-27 19:13:38.613  1231  1441 V ActivityManager: killProcessGroupAsync took 0 ms for PID 8636 on thread 14
11-27 19:13:38.621  1231  6728 W libprocessgroup: failed to open /acct/uid_1000/pid_8636/cgroup.procs: No such file or directory
11-27 19:13:38.626  1231  5239 I ActivityManager: Start proc 9698:com.oneplus.ota/1000 for broadcast com.oneplus.ota/.receiver.BootReceiver
11-27 19:13:38.634  1231  4843 W ActivityManager: Spurious death for ProcessRecord{8af7522 9698:com.oneplus.ota/1000}, curProc for 8636: null
11-27 19:13:38.770  1231  4880 I ActivityManager: Killing 8304:com.google.android.calendar/u0a31 (adj 15): empty #11
11-27 19:13:38.842  1231  1231 W BackupManagerService: Proposed transport ComponentInfo{com.google.android.gms/com.google.android.gms.backup.BackupTransportService} not whitelisted; ignoring
11-27 19:13:38.989  1231  4866 I ActivityManager: Killing 9644:com.google.android.googlequicksearchbox:search/u0a24 (adj 15): empty #11
11-27 19:13:39.037  1231  1441 V ActivityManager: killProcessGroupAsync took 0 ms for PID 8304 on thread 14
11-27 19:13:39.080  1231  1441 V ActivityManager: killProcessGroupAsync took 0 ms for PID 9644 on thread 14
11-27 19:13:39.223  1231  1447 I ActivityManager: Start proc 9800:com.android.vending/u0a19 for broadcast com.android.vending/com.google.android.finsky.receivers.PackageMonitorReceiver$RegisteredReceiver
11-27 19:13:39.286  1231  1447 I ActivityManager: Start proc 9827:com.google.android.googlequicksearchbox:search/u0a24 for broadcast com.google.android.googlequicksearchbox/com.google.android.apps.gsa.search.core.icingsync.IcingCorporaChangedReceiver
11-27 19:13:39.332  1231  1447 I ActivityManager: Killing 9698:com.oneplus.ota/1000 (adj 15): empty #11
11-27 19:13:39.333  1231  1441 V ActivityManager: killProcessGroupAsync took 0 ms for PID 9698 on thread 14
11-27 19:13:39.524  1231  1447 I ActivityManager: Start proc 9889:com.google.android.talk/u0a52 for broadcast com.google.android.talk/com.google.android.apps.hangouts.service.broadcastreceiver.GcmStateReceiver
11-27 19:13:39.549  1231  4866 I ActivityManager: Start proc 9903:com.google.android.keep/u0a55 for service com.google.android.keep/.provider.ImageRedecodeService
11-27 19:13:39.586  1231  1447 I ActivityManager: Start proc 9921:com.google.android.gm/u0a47 for broadcast com.google.android.gm/.widget.GmailWidgetProvider
11-27 19:13:39.590  1231  4877 I ActivityManager: Killing 8750:com.touchtype.swiftkey/u0a79 (adj 15): empty #11
11-27 19:13:39.601  1231  1441 V ActivityManager: killProcessGroupAsync took 0 ms for PID 8750 on thread 14
11-27 19:13:39.635  1231  4880 I ActivityManager: Killing 8888:com.google.android.apps.photos/u0a71 (adj 15): empty #11
11-27 19:13:39.636  1231  1441 V ActivityManager: killProcessGroupAsync took 0 ms for PID 8888 on thread 14
11-27 19:13:39.673  1231  1447 I ActivityManager: Start proc 9952:com.zdf.android.mediathek/u0a381 for broadcast com.zdf.android.mediathek/com.google.firebase.iid.FirebaseInstanceIdInternalReceiver
11-27 19:13:39.756  1231  4877 I ActivityManager: Killing 9606:com.android.providers.calendar/u0a5 (adj 15): empty #11
11-27 19:13:39.776  1231  1231 I DeviceIdleController: updateChargingLocked: charging=true
11-27 19:13:39.776  1231  1231 I DeviceIdleController: becomeActiveLocked, reason = charging
11-27 19:13:39.800  1231  1441 V ActivityManager: killProcessGroupAsync took 0 ms for PID 9606 on thread 14
11-27 19:13:39.891  9921 10002 D ActivityThread: Loading provider com.google.android.gmail.provider;com.android.mail.notifier;com.google.android.gm.email.provider;com.google.android.gm.email.notifier: com.android.email.provider.EmailProvider
11-27 19:13:40.064  1231  4043 D WifiService: New client listening to asynchronous messages
11-27 19:13:40.148  1231  4043 D WifiService: New client listening to asynchronous messages
11-27 19:13:40.175  1231  4667 I ActivityManager: Killing 8988:com.tinder/u0a42 (adj 15): empty #11
11-27 19:13:40.177  1231  1441 V ActivityManager: killProcessGroupAsync took 0 ms for PID 8988 on thread 14
11-27 19:13:40.294  1231  4830 I ActivityManager: Start proc 10095:com.google.android.partnersetup/u0a15 for content provider com.google.android.partnersetup/.RlzAppProvider
11-27 19:13:40.376  1231  4880 W ActivityManager: Unable to start service Intent { cmp=com.google.android.gm/com.android.email.service.AttachmentService } U=0: not found
11-27 19:13:40.572  1231  5105 W ActivityManager: Unable to start service Intent { cmp=com.google.android.gm.exchange/com.android.exchange.service.EasService } U=0: not found
11-27 19:13:40.731  1231  4866 I ActivityManager: Start proc 10197:com.oem.oemlogkit/1000 for broadcast com.oem.oemlogkit/.BootCompletedReceiver
11-27 19:13:40.740  1231  5105 I ActivityManager: Killing 9279:com.haptic.chesstime/u0a90 (adj 15): empty #11
11-27 19:13:40.742  1231  1441 V ActivityManager: killProcessGroupAsync took 2 ms for PID 9279 on thread 14
11-27 19:13:40.835  1231  5242 I ActivityManager: Killing 9318:com.devhd.feedly/u0a103 (adj 15): empty #11
11-27 19:13:40.835  1231  1441 V ActivityManager: killProcessGroupAsync took 0 ms for PID 9318 on thread 14
11-27 19:13:40.864  1231  5242 I ActivityManager: Killing 9363:com.instagram.android/u0a394 (adj 15): empty #11
11-27 19:13:40.868  1231  1441 V ActivityManager: killProcessGroupAsync took 0 ms for PID 9363 on thread 14
11-27 19:13:40.882  1231  5242 I ActivityManager: Killing 9439:com.google.android.apps.plus/u0a73 (adj 15): empty #11
11-27 19:13:40.882  1231  1441 V ActivityManager: killProcessGroupAsync took 0 ms for PID 9439 on thread 14
11-27 19:13:40.905  1231  5239 I ActivityManager: Killing 9584:com.wunderkinder.wunderlistandroid/u0a98 (adj 15): empty #11
11-27 19:13:40.906  1231  1441 V ActivityManager: killProcessGroupAsync took 0 ms for PID 9584 on thread 14
11-27 19:13:41.176  1231  1447 I ActivityManager: Start proc 10297:com.google.android.calendar/u0a31 for broadcast com.google.android.calendar/.alerts.AlertReceiver
11-27 19:13:41.240  1231  1447 I ActivityManager: Killing 9889:com.google.android.talk/u0a52 (adj 15): empty #11
11-27 19:13:41.240  1231  1441 V ActivityManager: killProcessGroupAsync took 0 ms for PID 9889 on thread 14
11-27 19:13:41.278  1231  1447 I ActivityManager: Start proc 10328:com.google.android.apps.photos/u0a71 for broadcast com.google.android.apps.photos/.actionqueue.InternalReceiver
11-27 19:13:41.322  1231  5242 I ActivityManager: Start proc 10349:com.android.providers.calendar/u0a5 for content provider com.android.providers.calendar/.CalendarProvider2
11-27 19:13:41.668  1231  1447 I ActivityManager: Waited long enough for: ServiceRecord{61f5b3f u0 com.qualcomm.qti.modemtestmode/.MbnSystemService}
11-27 19:13:47.065  1231  5241 I ActivityManager: Killing 10095:com.google.android.partnersetup/u0a15 (adj 15): empty #11
11-27 19:13:47.065  1231  1441 V ActivityManager: killProcessGroupAsync took 0 ms for PID 10095 on thread 14
11-27 19:13:51.769  1231  1231 I DeviceIdleController: updateChargingLocked: charging=true
11-27 19:13:51.769  1231  1231 I DeviceIdleController: becomeActiveLocked, reason = charging
11-27 19:13:52.193  1231  5105 I ActivityManager: Killing 10197:com.oem.oemlogkit/1000 (adj 15): empty #11
11-27 19:13:52.194  1231  1441 V ActivityManager: killProcessGroupAsync took 0 ms for PID 10197 on thread 14
11-27 19:13:53.711  1231  4830 D CountryDetector: The first listener is added
11-27 19:13:53.793  1231  1441 I ActivityManager: Start proc 11767:com.google.process.gapps/u0a118 for service com.google.android.syncadapters.contacts/.ContactsSyncAdapterService
11-27 19:13:53.858  5598 11761 W ContextImpl: Calling a method in the system process without a qualified user: android.app.ContextImpl.sendBroadcast:779 android.content.ContextWrapper.sendBroadcast:397 com.qualcomm.simcontacts.SimContactsService$ImportAllSimContactsThread.run:455 <bottom of call stack> <bottom of call stack> 
11-27 19:13:53.872  1231  1447 I ActivityManager: Start proc 11786:com.android.contacts/u0a7 for broadcast com.android.contacts/.SimStateReciever
11-27 19:13:53.916  1231  1447 I ActivityManager: Killing 9800:com.android.vending/u0a19 (adj 15): empty #11
11-27 19:13:53.917  1231  1441 V ActivityManager: killProcessGroupAsync took 0 ms for PID 9800 on thread 14
11-27 19:13:54.803  1231  1299 I ActivityManager: Killing 10349:com.android.providers.calendar/u0a5 (adj 15): empty #11
11-27 19:13:54.823  1231  1441 V ActivityManager: killProcessGroupAsync took 0 ms for PID 10349 on thread 14
11-27 19:13:57.768  1231  1231 I DeviceIdleController: updateChargingLocked: charging=true
11-27 19:13:57.768  1231  1231 I DeviceIdleController: becomeActiveLocked, reason = charging
11-27 19:14:00.000  1231  3996 V AlarmManager: Triggering alarm #0: Alarm{1abda65 type 3 when 75292 android}operation =Intent { act=android.intent.action.TIME_TICK flg=0x50000000 }
11-27 19:14:00.880  1231  4044 D ConnectivityService: rematching NetworkAgentInfo [WIFI () - 100]
11-27 19:14:00.881  1231  4044 D ConnectivityService:  network has: [ Transports: WIFI Capabilities: INTERNET&NOT_RESTRICTED&TRUSTED&NOT_VPN&VALIDATED LinkUpBandwidth>=1048576Kbps LinkDnBandwidth>=1048576Kbps SignalStrength: -66]
11-27 19:14:00.881  1231  4044 D ConnectivityService: Network NetworkAgentInfo [WIFI () - 100] was already satisfying request 1. No change.
11-27 19:14:00.881  1231  4044 D ConnectivityService:   checking if request is satisfied: NetworkRequest [ id=3, legacyType=-1, [] ]
11-27 19:14:00.881  1231  4044 D ConnectivityService: notifyType CAP_CHANGED for NetworkAgentInfo [WIFI () - 100]
11-27 19:14:00.881  1231  4044 D ConnectivityService:  sending notification for NetworkRequest [ id=1, legacyType=-1, [ Capabilities: INTERNET&NOT_RESTRICTED&TRUSTED&NOT_VPN] ]
11-27 19:14:00.881  1231  4044 D ConnectivityService:  sending notification for NetworkRequest [ id=3, legacyType=-1, [] ]
11-27 19:14:00.882  1231  4044 D ConnectivityService: sending notification CAP_CHANGED for NetworkRequest [ id=3, legacyType=-1, [] ]
11-27 19:14:03.767  1231  1231 I DeviceIdleController: updateChargingLocked: charging=true
11-27 19:14:03.767  1231  1231 I DeviceIdleController: becomeActiveLocked, reason = charging
11-27 19:14:03.895  1231  4044 D ConnectivityService: rematching NetworkAgentInfo [WIFI () - 100]
11-27 19:14:03.895  1231  4044 D ConnectivityService:  network has: [ Transports: WIFI Capabilities: INTERNET&NOT_RESTRICTED&TRUSTED&NOT_VPN&VALIDATED LinkUpBandwidth>=1048576Kbps LinkDnBandwidth>=1048576Kbps SignalStrength: -54]
11-27 19:14:03.895  1231  4044 D ConnectivityService: Network NetworkAgentInfo [WIFI () - 100] was already satisfying request 1. No change.
11-27 19:14:03.895  1231  4044 D ConnectivityService:   checking if request is satisfied: NetworkRequest [ id=3, legacyType=-1, [] ]
11-27 19:14:03.895  1231  4044 D ConnectivityService: notifyType CAP_CHANGED for NetworkAgentInfo [WIFI () - 100]
11-27 19:14:03.895  1231  4044 D ConnectivityService:  sending notification for NetworkRequest [ id=1, legacyType=-1, [ Capabilities: INTERNET&NOT_RESTRICTED&TRUSTED&NOT_VPN] ]
11-27 19:14:03.895  1231  4044 D ConnectivityService:  sending notification for NetworkRequest [ id=3, legacyType=-1, [] ]
11-27 19:14:03.896  1231  4044 D ConnectivityService: sending notification CAP_CHANGED for NetworkRequest [ id=3, legacyType=-1, [] ]
11-27 19:14:09.778  1231  1231 I DeviceIdleController: updateChargingLocked: charging=true
11-27 19:14:09.779  1231  1231 I DeviceIdleController: becomeActiveLocked, reason = charging
11-27 19:14:09.934  1231  4044 D ConnectivityService: rematching NetworkAgentInfo [WIFI () - 100]
11-27 19:14:09.935  1231  4044 D ConnectivityService:  network has: [ Transports: WIFI Capabilities: INTERNET&NOT_RESTRICTED&TRUSTED&NOT_VPN&VALIDATED LinkUpBandwidth>=1048576Kbps LinkDnBandwidth>=1048576Kbps SignalStrength: -66]
11-27 19:14:09.935  1231  4044 D ConnectivityService: Network NetworkAgentInfo [WIFI () - 100] was already satisfying request 1. No change.
11-27 19:14:09.935  1231  4044 D ConnectivityService:   checking if request is satisfied: NetworkRequest [ id=3, legacyType=-1, [] ]
11-27 19:14:09.935  1231  4044 D ConnectivityService: notifyType CAP_CHANGED for NetworkAgentInfo [WIFI () - 100]
11-27 19:14:09.935  1231  4044 D ConnectivityService:  sending notification for NetworkRequest [ id=1, legacyType=-1, [ Capabilities: INTERNET&NOT_RESTRICTED&TRUSTED&NOT_VPN] ]
11-27 19:14:09.935  1231  4044 D ConnectivityService:  sending notification for NetworkRequest [ id=3, legacyType=-1, [] ]
11-27 19:14:09.935  1231  4044 D ConnectivityService: sending notification CAP_CHANGED for NetworkRequest [ id=3, legacyType=-1, [] ]
11-27 19:14:12.957  1231  4044 D ConnectivityService: rematching NetworkAgentInfo [WIFI () - 100]
