11-27 18:58:52.673   357   357 W auditd  : type=1400 "ipacm""/dev/socket/ipacm_log_file"
11-27 18:58:52.673   357   357 W auditd  : type=1400 "ipacm""/dev/socket/ipacm_log_file"
11-27 18:58:52.674   357   357 W auditd  : type=1400 "ipacm""/dev/socket/ipacm_log_file"
11-27 18:58:52.674   357   357 W auditd  : type=1400 "ipacm""/dev/socket/ipacm_log_file"
11-27 18:58:53.563 16664 16839 D com.tenforwardconsulting.bgloc.DistanceFilterLocationProvider: Location change: Location[gps 51,534367,9,940756 acc=3 et=+3h45m7s909ms alt=162.25796508789063 vel=0.12665923 mock] isMoving=true
11-27 18:58:53.594 16664 16839 D com.marianhello.bgloc.LocationService: New location BGLocation[gps 51,534367,9,940756 id=null acc=3 t=1480269533363 et=+3h45m7s909ms alt=162.25796508789063 vel=0.12665923 mock locprov=0]
11-27 18:58:53.614 16664 16839 D com.marianhello.bgloc.LocationService: Persisted location: BGLocation[gps 51,534367,9,940756 id=246 acc=3 t=1480269533363 et=+3h45m7s909ms alt=162.25796508789063 vel=0.12665923 mock locprov=0]
11-27 18:58:53.622 16664 16744 D com.tenforwardconsulting.cordova.BackgroundGeolocationPlugin: Sending location to webview
11-27 18:58:55.266  4489  4489 D wpa_supplicant: wlan0: Control interface command 'SIGNAL_POLL'
11-27 18:58:55.269  4489  4489 D wpa_supplicant: CTRL-DEBUG: global_ctrl_sock-sendto: sock=11 sndbuf=212992 outq=0 send_len=48
11-27 18:58:55.415  1202  1367 I chatty  : uid=1000(system) android.bg expire 39 lines
11-27 18:58:56.672 15240 15323 I GCoreUlr: Filtering location: Location[fused 51,534351,9,940704 acc=4 et=+3h45m10s990ms alt=162.51577758789063 vel=0.10846651 mock {Bundle[{mockLocation=true, noGPSLocation=Location[fused 51,527870,9,933994 acc=20 et=+3h43m22s59ms {Bundle[mParcelledData.dataSize=204]}], locationType=1}]}]
11-27 18:58:56.672 15240 15323 I GCoreUlr: No valid location reports to store
11-27 18:58:57.219 16480 16503 I ClearcutLoggerApiImpl: disconnect managed GoogleApiClient
11-27 18:58:58.282  4489  4489 D wpa_supplicant: wlan0: Control interface command 'SIGNAL_POLL'
11-27 18:58:58.285  4489  4489 D wpa_supplicant: CTRL-DEBUG: global_ctrl_sock-sendto: sock=11 sndbuf=212992 outq=0 send_len=48
11-27 18:58:58.479 16664 16839 D com.tenforwardconsulting.bgloc.DistanceFilterLocationProvider: Location change: Location[gps 51,534353,9,940710 acc=4 et=+3h45m12s831ms alt=161.0231475830078 vel=0.6791351 mock] isMoving=true
11-27 18:58:58.506 16664 16839 D com.marianhello.bgloc.LocationService: New location BGLocation[gps 51,534353,9,940710 id=null acc=4 t=1480269538390 et=+3h45m12s831ms alt=161.0231475830078 vel=0.6791351 mock locprov=0]
11-27 18:58:58.526 16664 16839 D com.marianhello.bgloc.LocationService: Persisted location: BGLocation[gps 51,534353,9,940710 id=247 acc=4 t=1480269538390 et=+3h45m12s831ms alt=161.0231475830078 vel=0.6791351 mock locprov=0]
11-27 18:58:58.534 16664 16744 D com.tenforwardconsulting.cordova.BackgroundGeolocationPlugin: Sending location to webview
11-27 18:59:00.000  1202  3939 V AlarmManager: Triggering alarm #0: Alarm{36a09dc type 3 when 13514361 android}operation =Intent { act=android.intent.action.TIME_TICK flg=0x50000000 }
11-27 18:59:01.294  4489  4489 D wpa_supplicant: wlan0: Control interface command 'SIGNAL_POLL'
11-27 18:59:01.296  4489  4489 D wpa_supplicant: CTRL-DEBUG: global_ctrl_sock-sendto: sock=11 sndbuf=212992 outq=0 send_len=48
11-27 18:59:03.405 16664 16839 D com.tenforwardconsulting.bgloc.DistanceFilterLocationProvider: Location change: Location[gps 51,534322,9,940684 acc=1 et=+3h45m17s755ms alt=161.94723510742188 vel=0.4714357 mock] isMoving=true
11-27 18:59:03.430 16664 16839 D com.marianhello.bgloc.LocationService: New location BGLocation[gps 51,534322,9,940684 id=null acc=1 t=1480269543333 et=+3h45m17s755ms alt=161.94723510742188 vel=0.4714357 mock locprov=0]
11-27 18:59:03.449 16664 16839 D com.marianhello.bgloc.LocationService: Persisted location: BGLocation[gps 51,534322,9,940684 id=248 acc=1 t=1480269543333 et=+3h45m17s755ms alt=161.94723510742188 vel=0.4714357 mock locprov=0]
11-27 18:59:03.459 16664 16744 D com.tenforwardconsulting.cordova.BackgroundGeolocationPlugin: Sending location to webview
11-27 18:59:03.881  1202  3980 I chatty  : uid=1000(system) WifiStateMachin expire 1 line
11-27 18:59:03.881  4489  4489 D wpa_supplicant: wlan0: Control interface command 'SCAN TYPE=ONLY freq=2472,5180'
11-27 18:59:03.882  4489  4489 D wpa_supplicant: wlan0: Setting scan request: 0.000000 sec
11-27 18:59:03.882  4489  4489 D wpa_supplicant: CTRL-DEBUG: global_ctrl_sock-sendto: sock=11 sndbuf=212992 outq=0 send_len=3
11-27 18:59:03.882  4489  4489 D wpa_supplicant: wlan0: Starting AP scan for wildcard SSID
11-27 18:59:03.882  4489  4489 D wpa_supplicant: wlan0: Limit manual scan to specified channels
11-27 18:59:03.882  4489  4489 D wpa_supplicant: wlan0: Add radio work 'scan'@0x7f8569c190
11-27 18:59:03.882  4489  4489 D wpa_supplicant: wlan0: First radio work item in the queue - schedule start immediately
11-27 18:59:03.883  4489  4489 D wpa_supplicant: wlan0: Starting radio work 'scan'@0x7f8569c190 after 0.000155 second wait
11-27 18:59:03.883  4489  4489 D wpa_supplicant: wlan0: nl80211: scan request
11-27 18:59:03.883  4489  4489 D wpa_supplicant: nl80211: Scan SSID - hexdump(len=0): [NULL]
11-27 18:59:03.883  4489  4489 D wpa_supplicant: nl80211: Scan extra IEs - hexdump(len=7): 7f 05 00 00 0a 02 01
11-27 18:59:03.883  4489  4489 D wpa_supplicant: nl80211: Scan frequency 2472 MHz
11-27 18:59:03.883  4489  4489 D wpa_supplicant: nl80211: Scan frequency 5180 MHz
11-27 18:59:03.885  4489  4489 D wpa_supplicant: Scan requested (ret=0) - scan timeout 30 seconds
11-27 18:59:03.885  4489  4489 D wpa_supplicant: nl80211: Event message available
11-27 18:59:03.885  4489  4489 D wpa_supplicant: nl80211: Drv Event 33 (NL80211_CMD_TRIGGER_SCAN) received for wlan0
11-27 18:59:03.885  4489  4489 D wpa_supplicant: wlan0: nl80211: Scan trigger
11-27 18:59:03.885  4489  4489 D wpa_supplicant: wlan0: Event SCAN_STARTED (47) received
11-27 18:59:03.885  4489  4489 D wpa_supplicant: wlan0: Own scan request started a scan in 0.000669 seconds
11-27 18:59:03.886  4489  4489 D wpa_supplicant: CTRL-DEBUG: ctrl_sock-sendmsg: sock=11 sndbuf=212992 outq=0 send_len=24
11-27 18:59:03.886  4489  4489 D wpa_supplicant: CTRL_IFACE monitor sent successfully to /data/misc/wifi/sockets/wpa_ctrl_1202-2\x00
11-27 18:59:03.895  1202  4755 I chatty  : uid=1000(system) WifiMonitor expire 6 lines
11-27 18:59:04.126  4489  4489 D wpa_supplicant: nl80211: Event message available
11-27 18:59:04.126  4489  4489 D wpa_supplicant: nl80211: Drv Event 34 (NL80211_CMD_NEW_SCAN_RESULTS) received for wlan0
11-27 18:59:04.126  4489  4489 D wpa_supplicant: wlan0: nl80211: New scan results available
11-27 18:59:04.126  4489  4489 D wpa_supplicant: nl80211: Scan included frequencies: 2472 5180
11-27 18:59:04.126  4489  4489 D wpa_supplicant: wlan0: Event SCAN_RESULTS (3) received
11-27 18:59:04.126  4489  4489 D wpa_supplicant: wlan0: Scan completed in 0.240917 seconds
11-27 18:59:04.127  4489  4489 D wpa_supplicant: nl80211: Associated on 2472 MHz
11-27 18:59:04.127  4489  4489 D wpa_supplicant: nl80211: Associated with e8:37:7a:ce:2b:89
11-27 18:59:04.127  4489  4489 D wpa_supplicant: nl80211: Received scan results (11 BSSes)
11-27 18:59:04.127  4489  4489 D wpa_supplicant: nl80211: Scan results indicate BSS status with e8:37:7a:ce:2b:89 as associated
11-27 18:59:04.127  4489  4489 D wpa_supplicant: wlan0: BSS: Start scan result update 736
11-27 18:59:04.127  4489  4489 D wpa_supplicant: BSS: last_scan_res_used=11/32
11-27 18:59:04.127  4489  4489 D wpa_supplicant: wlan0: Scan-only results received
11-27 18:59:04.127  4489  4489 D wpa_supplicant: CTRL-DEBUG: ctrl_sock-sendmsg: sock=11 sndbuf=212992 outq=0 send_len=24
11-27 18:59:04.127  4489  4489 D wpa_supplicant: CTRL_IFACE monitor sent successfully to /data/misc/wifi/sockets/wpa_ctrl_1202-2\x00
11-27 18:59:04.128  4489  4489 D wpa_supplicant: wlan0: Radio work 'scan'@0x7f8569c190 done in 0.244942 seconds
11-27 18:59:04.148  4489  4489 D wpa_supplicant: CTRL-DEBUG: global_ctrl_sock-sendto: sock=11 sndbuf=212992 outq=0 send_len=3725
11-27 18:59:04.154  4489  4489 D wpa_supplicant: CTRL-DEBUG: global_ctrl_sock-sendto: sock=11 sndbuf=212992 outq=0 send_len=3927
11-27 18:59:04.156  4489  4489 D wpa_supplicant: CTRL-DEBUG: global_ctrl_sock-sendto: sock=11 sndbuf=212992 outq=0 send_len=1743
11-27 18:59:04.168  4489  4489 D wpa_supplicant: EAPOL: EAP Session-Id not available
11-27 18:59:04.168  4489  4489 D wpa_supplicant: CTRL-DEBUG: global_ctrl_sock-sendto: sock=11 sndbuf=212992 outq=0 send_len=272
11-27 18:59:04.304  4489  4489 D wpa_supplicant: wlan0: Control interface command 'SIGNAL_POLL'
11-27 18:59:04.306  4489  4489 D wpa_supplicant: CTRL-DEBUG: global_ctrl_sock-sendto: sock=11 sndbuf=212992 outq=0 send_len=48
11-27 18:59:04.641  1202  1202 I DeviceIdleController: updateChargingLocked: charging=true
11-27 18:59:04.642  1202  1202 I DeviceIdleController: becomeActiveLocked, reason = charging
11-27 18:59:07.317  4489  4489 D wpa_supplicant: wlan0: Control interface command 'SIGNAL_POLL'
11-27 18:59:07.320  4489  4489 D wpa_supplicant: CTRL-DEBUG: global_ctrl_sock-sendto: sock=11 sndbuf=212992 outq=0 send_len=48
11-27 18:59:07.432  1202  1367 I chatty  : uid=1000(system) android.bg expire 36 lines
11-27 18:59:08.350 16664 16839 D com.tenforwardconsulting.bgloc.DistanceFilterLocationProvider: Location change: Location[gps 51,534322,9,940722 acc=4 et=+3h45m22s703ms alt=161.35177612304688 vel=0.22259037 mock] isMoving=true
11-27 18:59:08.371 16664 16839 D com.marianhello.bgloc.LocationService: New location BGLocation[gps 51,534322,9,940722 id=null acc=4 t=1480269548156 et=+3h45m22s703ms alt=161.35177612304688 vel=0.22259037 mock locprov=0]
11-27 18:59:08.393 16664 16839 D com.marianhello.bgloc.LocationService: Persisted location: BGLocation[gps 51,534322,9,940722 id=249 acc=4 t=1480269548156 et=+3h45m22s703ms alt=161.35177612304688 vel=0.22259037 mock locprov=0]
11-27 18:59:08.400 16664 16744 D com.tenforwardconsulting.cordova.BackgroundGeolocationPlugin: Sending location to webview
11-27 18:59:08.432   357   357 W auditd  : type=1400 "ipacm""/dev/socket/ipacm_log_file"
11-27 18:59:08.434   357   357 W auditd  : type=1400 "ipacm""/dev/socket/ipacm_log_file"
11-27 18:59:08.437   357   357 W auditd  : type=1400 "ipacm""/dev/socket/ipacm_log_file"
11-27 18:59:08.437   357   357 W auditd  : type=1400 "ipacm""/dev/socket/ipacm_log_file"
11-27 18:59:10.335  4489  4489 D wpa_supplicant: wlan0: Control interface command 'SIGNAL_POLL'
11-27 18:59:10.339  4489  4489 D wpa_supplicant: CTRL-DEBUG: global_ctrl_sock-sendto: sock=11 sndbuf=212992 outq=0 send_len=48
11-27 18:59:10.646  1202  1202 I DeviceIdleController: updateChargingLocked: charging=true
11-27 18:59:10.647  1202  1202 I DeviceIdleController: becomeActiveLocked, reason = charging
11-27 18:59:11.839 15240 15705 I GCoreUlr: Filtering location: Location[fused 51,534313,9,940687 acc=4 et=+3h45m26s95ms alt=161.2679901123047 vel=0.0316997 mock {Bundle[{mockLocation=true, noGPSLocation=Location[fused 51,527870,9,933994 acc=20 et=+3h43m22s59ms {Bundle[mParcelledData.dataSize=204]}], locationType=1}]}]
11-27 18:59:11.839 15240 15705 I GCoreUlr: No valid location reports to store
11-27 18:59:13.296 16664 16839 D com.tenforwardconsulting.bgloc.DistanceFilterLocationProvider: Location change: Location[gps 51,534305,9,940711 acc=5 et=+3h45m27s651ms alt=162.55413818359375 vel=0.11419136 mock] isMoving=true
11-27 18:59:13.317 16664 16839 D com.marianhello.bgloc.LocationService: New location BGLocation[gps 51,534305,9,940711 id=null acc=5 t=1480269553094 et=+3h45m27s651ms alt=162.55413818359375 vel=0.11419136 mock locprov=0]
11-27 18:59:13.331 16664 16839 D com.marianhello.bgloc.LocationService: Persisted location: BGLocation[gps 51,534305,9,940711 id=250 acc=5 t=1480269553094 et=+3h45m27s651ms alt=162.55413818359375 vel=0.11419136 mock locprov=0]
11-27 18:59:13.338 16664 16744 D com.tenforwardconsulting.cordova.BackgroundGeolocationPlugin: Sending location to webview
11-27 18:59:13.350  4489  4489 D wpa_supplicant: wlan0: Control interface command 'SIGNAL_POLL'
11-27 18:59:13.359  4489  4489 D wpa_supplicant: CTRL-DEBUG: global_ctrl_sock-sendto: sock=11 sndbuf=212992 outq=0 send_len=48
11-27 18:59:13.601   563   563 I MSM-irqbalance: Decided to move IRQ222 from CPU3 to CPU0
11-27 18:59:13.633   357   357 W auditd  : type=1400 "ipacm""/dev/socket/ipacm_log_file"
11-27 18:59:13.633   357   357 W auditd  : type=1400 "ipacm""/dev/socket/ipacm_log_file"
11-27 18:59:13.633   357   357 W auditd  : type=1400 "ipacm""/dev/socket/ipacm_log_file"
11-27 18:59:13.633   357   357 W auditd  : type=1400 "ipacm""/dev/socket/ipacm_log_file"
11-27 18:59:13.634   357   357 W auditd  : type=1400 "ipacm""/dev/socket/ipacm_log_file"
11-27 18:59:16.374  4489  4489 D wpa_supplicant: wlan0: Control interface command 'SIGNAL_POLL'
11-27 18:59:16.378  4489  4489 D wpa_supplicant: CTRL-DEBUG: global_ctrl_sock-sendto: sock=11 sndbuf=212992 outq=0 send_len=48
11-27 18:59:16.641  1202  1202 I DeviceIdleController: updateChargingLocked: charging=true
11-27 18:59:16.641  1202  1202 I DeviceIdleController: becomeActiveLocked, reason = charging
11-27 18:59:18.252 16664 16839 D com.tenforwardconsulting.bgloc.DistanceFilterLocationProvider: Location change: Location[gps 51,534275,9,940673 acc=5 et=+3h45m32s601ms alt=164.5081329345703 vel=0.31118494 mock] isMoving=true
11-27 18:59:18.276 16664 16839 D com.marianhello.bgloc.LocationService: New location BGLocation[gps 51,534275,9,940673 id=null acc=5 t=1480269558122 et=+3h45m32s601ms alt=164.5081329345703 vel=0.31118494 mock locprov=0]
11-27 18:59:18.292 16664 16839 D com.marianhello.bgloc.LocationService: Persisted location: BGLocation[gps 51,534275,9,940673 id=251 acc=5 t=1480269558122 et=+3h45m32s601ms alt=164.5081329345703 vel=0.31118494 mock locprov=0]
11-27 18:59:18.301 16664 16744 D com.tenforwardconsulting.cordova.BackgroundGeolocationPlugin: Sending location to webview
11-27 18:59:18.561  1202  1367 I chatty  : uid=1000(system) android.bg expire 33 lines
11-27 18:59:18.597   563   563 I MSM-irqbalance: Decided to move IRQ304 from CPU3 to CPU0
11-27 18:59:19.396  4489  4489 D wpa_supplicant: wlan0: Control interface command 'SIGNAL_POLL'
11-27 18:59:19.403  4489  4489 D wpa_supplicant: CTRL-DEBUG: global_ctrl_sock-sendto: sock=11 sndbuf=212992 outq=0 send_len=48
11-27 18:59:19.975 16664 16838 I com.tenforwardconsulting.cordova.BackgroundGeolocationPlugin: Unbinding from bg service
11-27 18:59:19.984 16664 16838 I com.tenforwardconsulting.cordova.BackgroundGeolocationPlugin: Stopping bg service
11-27 18:59:19.991 16664 16664 I com.marianhello.bgloc.LocationService: Destroying LocationService
11-27 18:59:20.003 16664 16664 I com.tenforwardconsulting.bgloc.DistanceFilterLocationProvider: Destroying DistanceFilterLocationProvider
11-27 18:59:20.856 16664 16838 I com.tenforwardconsulting.cordova.BackgroundGeolocationPlugin: Stopping bg service
11-27 18:59:21.192 16664 16664 I chromium: [INFO:CONSOLE(10)] "[object Object]", source: file:///android_asset/www/build/main.js (10)
11-27 18:59:21.208  1202  1212 I chatty  : uid=1000(system) Binder_1 expire 1 line
11-27 18:59:22.105  1202  3954 I chatty  : uid=1000(system) NetworkStats expire 75 lines
11-27 18:59:22.114  4839  4868 I chatty  : uid=1000(system) Binder_2 expire 10 lines
11-27 18:59:22.128  1202  3955 I chatty  : uid=1000(system) NetworkPolicy expire 36 lines
11-27 18:59:22.412  4489  4489 D wpa_supplicant: wlan0: Control interface command 'SIGNAL_POLL'
11-27 18:59:22.414  4489  4489 D wpa_supplicant: CTRL-DEBUG: global_ctrl_sock-sendto: sock=11 sndbuf=212992 outq=0 send_len=48
11-27 18:59:22.639  1202  1202 I DeviceIdleController: updateChargingLocked: charging=true
11-27 18:59:22.639  1202  1202 I DeviceIdleController: becomeActiveLocked, reason = charging
11-27 18:59:22.868  4839  4866 I chatty  : uid=1000(system) Binder_1 expire 10 lines
11-27 18:59:23.583  4839  4979 I chatty  : uid=1000(system) Binder_3 expire 10 lines
11-27 18:59:23.592   563   563 I MSM-irqbalance: Decided to move IRQ270 from CPU2 to CPU3
11-27 18:59:24.189   357   357 W auditd  : type=1400 "ipacm""/dev/socket/ipacm_log_file"
11-27 18:59:24.190   357   357 W auditd  : type=1400 "ipacm""/dev/socket/ipacm_log_file"
11-27 18:59:24.191   357   357 W auditd  : type=1400 "ipacm""/dev/socket/ipacm_log_file"
11-27 18:59:24.191   357   357 W auditd  : type=1400 "ipacm""/dev/socket/ipacm_log_file"
11-27 18:59:25.420  4489  4489 D wpa_supplicant: wlan0: Control interface command 'SIGNAL_POLL'
11-27 18:59:25.422  4489  4489 D wpa_supplicant: CTRL-DEBUG: global_ctrl_sock-sendto: sock=11 sndbuf=212992 outq=0 send_len=48
11-27 18:59:26.812 15240 15705 I GCoreUlr: Filtering location: Location[fused 51,534234,9,940701 acc=4 et=+3h45m41s146ms alt=160.8119354248047 vel=0.41577825 mock {Bundle[{mockLocation=true, noGPSLocation=Location[fused 51,527870,9,933994 acc=20 et=+3h43m22s59ms {Bundle[mParcelledData.dataSize=204]}], locationType=1}]}]
11-27 18:59:26.813 15240 15705 I GCoreUlr: No valid location reports to store
11-27 18:59:28.433  4489  4489 D wpa_supplicant: wlan0: Control interface command 'SIGNAL_POLL'
11-27 18:59:28.435  4489  4489 D wpa_supplicant: CTRL-DEBUG: global_ctrl_sock-sendto: sock=11 sndbuf=212992 outq=0 send_len=48
11-27 18:59:28.437  1202  3987 D ConnectivityService: rematching NetworkAgentInfo [WIFI () - 101]
11-27 18:59:28.438  1202  3987 D ConnectivityService:  network has: [ Transports: WIFI Capabilities: INTERNET&NOT_RESTRICTED&TRUSTED&NOT_VPN&VALIDATED LinkUpBandwidth>=1048576Kbps LinkDnBandwidth>=1048576Kbps SignalStrength: -65]
11-27 18:59:28.438  1202  3987 D ConnectivityService: Network NetworkAgentInfo [WIFI () - 101] was already satisfying request 1. No change.
11-27 18:59:28.438  1202  3987 D ConnectivityService:   checking if request is satisfied: NetworkRequest [ id=54, legacyType=-1, [ Capabilities: INTERNET&NOT_RESTRICTED&TRUSTED&NOT_VPN] ]
11-27 18:59:28.438  1202  3987 D ConnectivityService:   checking if request is satisfied: NetworkRequest [ id=53, legacyType=-1, [ Capabilities: INTERNET&NOT_RESTRICTED&TRUSTED] ]
11-27 18:59:28.438  1202  3987 D ConnectivityService:   checking if request is satisfied: NetworkRequest [ id=3, legacyType=-1, [] ]
11-27 18:59:28.438  1202  3987 D ConnectivityService: notifyType CAP_CHANGED for NetworkAgentInfo [WIFI () - 101]
11-27 18:59:28.438  1202  3987 D ConnectivityService:  sending notification for NetworkRequest [ id=1, legacyType=-1, [ Capabilities: INTERNET&NOT_RESTRICTED&TRUSTED&NOT_VPN] ]
11-27 18:59:28.438  1202  3987 D ConnectivityService:  sending notification for NetworkRequest [ id=3, legacyType=-1, [] ]
11-27 18:59:28.439  1202  3987 D ConnectivityService: sending notification CAP_CHANGED for NetworkRequest [ id=3, legacyType=-1, [] ]
11-27 18:59:28.439  1202  3987 D ConnectivityService:  sending notification for NetworkRequest [ id=53, legacyType=-1, [ Capabilities: INTERNET&NOT_RESTRICTED&TRUSTED] ]
11-27 18:59:28.440  1202  3987 D ConnectivityService: sending notification CAP_CHANGED for NetworkRequest [ id=53, legacyType=-1, [ Capabilities: INTERNET&NOT_RESTRICTED&TRUSTED] ]
11-27 18:59:28.443  1202  3987 D ConnectivityService:  sending notification for NetworkRequest [ id=54, legacyType=-1, [ Capabilities: INTERNET&NOT_RESTRICTED&TRUSTED&NOT_VPN] ]
11-27 18:59:28.443  1202  3987 D ConnectivityService: sending notification CAP_CHANGED for NetworkRequest [ id=54, legacyType=-1, [ Capabilities: INTERNET&NOT_RESTRICTED&TRUSTED&NOT_VPN] ]
11-27 18:59:28.593   563   563 I MSM-irqbalance: Decided to move IRQ188 from CPU0 to CPU3
11-27 18:59:28.626  1202  1367 I chatty  : uid=1000(system) android.bg expire 51 lines
11-27 18:59:31.442  4489  4489 D wpa_supplicant: wlan0: Control interface command 'SIGNAL_POLL'
11-27 18:59:31.443  4489  4489 D wpa_supplicant: CTRL-DEBUG: global_ctrl_sock-sendto: sock=11 sndbuf=212992 outq=0 send_len=48
11-27 18:59:33.592   563   563 I MSM-irqbalance: Decided to move IRQ222 from CPU0 to CPU3
11-27 18:59:34.450  4489  4489 D wpa_supplicant: wlan0: Control interface command 'SIGNAL_POLL'
11-27 18:59:34.452  4489  4489 D wpa_supplicant: CTRL-DEBUG: global_ctrl_sock-sendto: sock=11 sndbuf=212992 outq=0 send_len=48
11-27 18:59:34.453  1202  3987 D ConnectivityService: rematching NetworkAgentInfo [WIFI () - 101]
11-27 18:59:34.453  1202  3987 D ConnectivityService:  network has: [ Transports: WIFI Capabilities: INTERNET&NOT_RESTRICTED&TRUSTED&NOT_VPN&VALIDATED LinkUpBandwidth>=1048576Kbps LinkDnBandwidth>=1048576Kbps SignalStrength: -64]
11-27 18:59:34.453  1202  3987 D ConnectivityService: Network NetworkAgentInfo [WIFI () - 101] was already satisfying request 1. No change.
11-27 18:59:34.453  1202  3987 D ConnectivityService:   checking if request is satisfied: NetworkRequest [ id=54, legacyType=-1, [ Capabilities: INTERNET&NOT_RESTRICTED&TRUSTED&NOT_VPN] ]
11-27 18:59:34.453  1202  3987 D ConnectivityService:   checking if request is satisfied: NetworkRequest [ id=53, legacyType=-1, [ Capabilities: INTERNET&NOT_RESTRICTED&TRUSTED] ]
11-27 18:59:34.453  1202  3987 D ConnectivityService:   checking if request is satisfied: NetworkRequest [ id=3, legacyType=-1, [] ]
11-27 18:59:34.453  1202  3987 D ConnectivityService: notifyType CAP_CHANGED for NetworkAgentInfo [WIFI () - 101]
11-27 18:59:34.453  1202  3987 D ConnectivityService:  sending notification for NetworkRequest [ id=1, legacyType=-1, [ Capabilities: INTERNET&NOT_RESTRICTED&TRUSTED&NOT_VPN] ]
11-27 18:59:34.453  1202  3987 D ConnectivityService:  sending notification for NetworkRequest [ id=3, legacyType=-1, [] ]
11-27 18:59:34.453  1202  3987 D ConnectivityService: sending notification CAP_CHANGED for NetworkRequest [ id=3, legacyType=-1, [] ]
11-27 18:59:34.454  1202  3987 D ConnectivityService:  sending notification for NetworkRequest [ id=53, legacyType=-1, [ Capabilities: INTERNET&NOT_RESTRICTED&TRUSTED] ]
11-27 18:59:34.454  1202  3987 D ConnectivityService: sending notification CAP_CHANGED for NetworkRequest [ id=53, legacyType=-1, [ Capabilities: INTERNET&NOT_RESTRICTED&TRUSTED] ]
11-27 18:59:34.454  1202  3987 D ConnectivityService:  sending notification for NetworkRequest [ id=54, legacyType=-1, [ Capabilities: INTERNET&NOT_RESTRICTED&TRUSTED&NOT_VPN] ]
11-27 18:59:34.454  1202  3987 D ConnectivityService: sending notification CAP_CHANGED for NetworkRequest [ id=54, legacyType=-1, [ Capabilities: INTERNET&NOT_RESTRICTED&TRUSTED&NOT_VPN] ]
11-27 18:59:34.636  1202  1202 I DeviceIdleController: updateChargingLocked: charging=true
11-27 18:59:34.636  1202  1202 I DeviceIdleController: becomeActiveLocked, reason = charging
11-27 18:59:35.150  1202  3954 I chatty  : uid=1000(system) NetworkStats expire 100 lines
11-27 18:59:35.151  1202  3955 I chatty  : uid=1000(system) NetworkPolicy expire 50 lines
11-27 18:59:37.459  4489  4489 D wpa_supplicant: wlan0: Control interface command 'SIGNAL_POLL'
11-27 18:59:37.462  4489  4489 D wpa_supplicant: CTRL-DEBUG: global_ctrl_sock-sendto: sock=11 sndbuf=212992 outq=0 send_len=48
11-27 18:59:37.464  1202  3987 D ConnectivityService: rematching NetworkAgentInfo [WIFI () - 101]
11-27 18:59:37.464  1202  3987 D ConnectivityService:  network has: [ Transports: WIFI Capabilities: INTERNET&NOT_RESTRICTED&TRUSTED&NOT_VPN&VALIDATED LinkUpBandwidth>=1048576Kbps LinkDnBandwidth>=1048576Kbps SignalStrength: -65]
11-27 18:59:37.464  1202  3987 D ConnectivityService: Network NetworkAgentInfo [WIFI () - 101] was already satisfying request 1. No change.
11-27 18:59:37.464  1202  3987 D ConnectivityService:   checking if request is satisfied: NetworkRequest [ id=54, legacyType=-1, [ Capabilities: INTERNET&NOT_RESTRICTED&TRUSTED&NOT_VPN] ]
11-27 18:59:37.464  1202  3987 D ConnectivityService:   checking if request is satisfied: NetworkRequest [ id=53, legacyType=-1, [ Capabilities: INTERNET&NOT_RESTRICTED&TRUSTED] ]
11-27 18:59:37.464  1202  3987 D ConnectivityService:   checking if request is satisfied: NetworkRequest [ id=3, legacyType=-1, [] ]
11-27 18:59:37.465  1202  3987 D ConnectivityService: notifyType CAP_CHANGED for NetworkAgentInfo [WIFI () - 101]
11-27 18:59:37.465  1202  3987 D ConnectivityService:  sending notification for NetworkRequest [ id=1, legacyType=-1, [ Capabilities: INTERNET&NOT_RESTRICTED&TRUSTED&NOT_VPN] ]
11-27 18:59:37.465  1202  3987 D ConnectivityService:  sending notification for NetworkRequest [ id=3, legacyType=-1, [] ]
11-27 18:59:37.465  1202  3987 D ConnectivityService: sending notification CAP_CHANGED for NetworkRequest [ id=3, legacyType=-1, [] ]
11-27 18:59:37.465  1202  3987 D ConnectivityService:  sending notification for NetworkRequest [ id=53, legacyType=-1, [ Capabilities: INTERNET&NOT_RESTRICTED&TRUSTED] ]
11-27 18:59:37.466  1202  3987 D ConnectivityService: sending notification CAP_CHANGED for NetworkRequest [ id=53, legacyType=-1, [ Capabilities: INTERNET&NOT_RESTRICTED&TRUSTED] ]
11-27 18:59:37.466  1202  3987 D ConnectivityService:  sending notification for NetworkRequest [ id=54, legacyType=-1, [ Capabilities: INTERNET&NOT_RESTRICTED&TRUSTED&NOT_VPN] ]
11-27 18:59:37.466  1202  3987 D ConnectivityService: sending notification CAP_CHANGED for NetworkRequest [ id=54, legacyType=-1, [ Capabilities: INTERNET&NOT_RESTRICTED&TRUSTED&NOT_VPN] ]
11-27 18:59:38.592   563   563 I MSM-irqbalance: Decided to move IRQ51 from CPU2 to CPU3
11-27 18:59:39.949   357   357 W auditd  : type=1400 "ipacm""/dev/socket/ipacm_log_file"
11-27 18:59:39.950   357   357 W auditd  : type=1400 "ipacm""/dev/socket/ipacm_log_file"
11-27 18:59:39.950   357   357 W auditd  : type=1400 "ipacm""/dev/socket/ipacm_log_file"
11-27 18:59:39.950   357   357 W auditd  : type=1400 "ipacm""/dev/socket/ipacm_log_file"
11-27 18:59:40.422 16664 16664 I chromium: [INFO:CONSOLE(6)] "Ignored attempt to cancel a touchmove event with cancelable=false, for example because scrolling is in progress and cannot be interrupted.", source: file:///android_asset/www/build/main.js (6)
11-27 18:59:40.466  4489  4489 D wpa_supplicant: wlan0: Control interface command 'SIGNAL_POLL'
11-27 18:59:40.468  4489  4489 D wpa_supplicant: CTRL-DEBUG: global_ctrl_sock-sendto: sock=11 sndbuf=212992 outq=0 send_len=48
11-27 18:59:40.636  1202  1202 I DeviceIdleController: updateChargingLocked: charging=true
11-27 18:59:40.636  1202  1202 I DeviceIdleController: becomeActiveLocked, reason = charging
11-27 18:59:42.085 15240 15705 I GCoreUlr: Filtering location: Location[fused 51,534157,9,940711 acc=5 et=+3h45m56s401ms alt=162.4540252685547 vel=0.6913428 mock {Bundle[{mockLocation=true, noGPSLocation=Location[fused 51,527870,9,933994 acc=20 et=+3h43m22s59ms {Bundle[mParcelledData.dataSize=204]}], locationType=1}]}]
11-27 18:59:42.085 15240 15705 I GCoreUlr: No valid location reports to store
11-27 18:59:43.475  4489  4489 D wpa_supplicant: wlan0: Control interface command 'SIGNAL_POLL'
11-27 18:59:43.477  4489  4489 D wpa_supplicant: CTRL-DEBUG: global_ctrl_sock-sendto: sock=11 sndbuf=212992 outq=0 send_len=48
11-27 18:59:44.058  4839  4868 I chatty  : uid=1000(system) Binder_2 expire 5 lines
11-27 18:59:44.172  1202  1367 I chatty  : uid=1000(system) android.bg expire 39 lines
11-27 18:59:44.773  4839  4866 I chatty  : uid=1000(system) Binder_1 expire 6 lines
11-27 18:59:45.503  4839  4979 I chatty  : uid=1000(system) Binder_3 expire 4 lines
11-27 18:59:46.484  4489  4489 D wpa_supplicant: wlan0: Control interface command 'SIGNAL_POLL'
11-27 18:59:46.487  4489  4489 D wpa_supplicant: CTRL-DEBUG: global_ctrl_sock-sendto: sock=11 sndbuf=212992 outq=0 send_len=48
11-27 18:59:46.637  1202  1202 I DeviceIdleController: updateChargingLocked: charging=true
11-27 18:59:46.637  1202  1202 I DeviceIdleController: becomeActiveLocked, reason = charging
11-27 18:59:47.769  1202  1212 I ActivityManager: Process com.google.android.talk (pid 15413) has died
11-27 18:59:47.769  1202  1367 V ActivityManager: killProcessGroupAsync took 0 ms for PID 15413 on thread 14
11-27 18:59:47.870  1202  5588 I ActivityManager: Process com.endomondo.android (pid 15619) has died
11-27 18:59:47.884  1202  1367 V ActivityManager: killProcessGroupAsync took 0 ms for PID 15619 on thread 14
11-27 18:59:47.900  1202  4177 I ActivityManager: Process com.google.android.gm (pid 15583) has died
11-27 18:59:47.900  1202  1367 V ActivityManager: killProcessGroupAsync took 0 ms for PID 15583 on thread 14
11-27 18:59:49.495  4489  4489 D wpa_supplicant: wlan0: Control interface command 'SIGNAL_POLL'
11-27 18:59:49.496  4489  4489 D wpa_supplicant: CTRL-DEBUG: global_ctrl_sock-sendto: sock=11 sndbuf=212992 outq=0 send_len=48
11-27 18:59:49.890  1202  5301 I ActivityManager: Process com.google.android.apps.messaging (pid 16480) has died
11-27 18:59:49.890  1202  1367 V ActivityManager: killProcessGroupAsync took 0 ms for PID 16480 on thread 14
11-27 18:59:49.899   401   401 E lowmemorykiller: Error writing /proc/15577/oom_score_adj; errno=22
11-27 18:59:49.925  1202  4177 I ActivityManager: Process com.google.android.keep (pid 15577) has died
11-27 18:59:49.925  1202  1367 V ActivityManager: killProcessGroupAsync took 0 ms for PID 15577 on thread 14
11-27 18:59:49.927   401   401 E lowmemorykiller: Error writing /proc/17250/oom_score_adj; errno=22
11-27 18:59:50.000  1202  3986 D WifiService: Client connection lost with reason: 4
11-27 18:59:50.059  1202  4879 I ActivityManager: Process com.android.vending (pid 17250) has died
11-27 18:59:50.064  1202  1367 V ActivityManager: killProcessGroupAsync took 0 ms for PID 17250 on thread 14
11-27 18:59:50.068  1202  5588 I ActivityManager: Process com.google.android.googlequicksearchbox:search (pid 15375) has died
11-27 18:59:50.069  1202  1367 V ActivityManager: killProcessGroupAsync took 0 ms for PID 15375 on thread 14
11-27 18:59:50.140  1202  4739 I ActivityManager: Process com.instagram.android (pid 17511) has died
11-27 18:59:50.140  1202  1367 V ActivityManager: killProcessGroupAsync took 0 ms for PID 17511 on thread 14
11-27 18:59:50.163  1202  5588 D ConnectivityService: ConnectivityService NetworkRequestInfo binderDied(NetworkRequest [ id=54, legacyType=-1, [ Capabilities: INTERNET&NOT_RESTRICTED&TRUSTED&NOT_VPN] ], android.os.BinderProxy@c02205)
11-27 18:59:50.163  1202  3987 D ConnectivityService: releasing NetworkRequest NetworkRequest [ id=54, legacyType=-1, [ Capabilities: INTERNET&NOT_RESTRICTED&TRUSTED&NOT_VPN] ]
11-27 18:59:50.165  1202  3987 D ConnectivityService: sending notification RELEASED for NetworkRequest [ id=54, legacyType=-1, [ Capabilities: INTERNET&NOT_RESTRICTED&TRUSTED&NOT_VPN] ]
11-27 18:59:50.199  1202  3987 E ConnectivityService: RemoteException caught trying to send a callback msg for NetworkRequest [ id=54, legacyType=-1, [ Capabilities: INTERNET&NOT_RESTRICTED&TRUSTED&NOT_VPN] ]
11-27 18:59:52.503  4489  4489 D wpa_supplicant: wlan0: Control interface command 'SIGNAL_POLL'
11-27 18:59:52.505  4489  4489 D wpa_supplicant: CTRL-DEBUG: global_ctrl_sock-sendto: sock=11 sndbuf=212992 outq=0 send_len=48
11-27 18:59:52.636  1202  1202 I DeviceIdleController: updateChargingLocked: charging=true
11-27 18:59:52.636  1202  1202 I DeviceIdleController: becomeActiveLocked, reason = charging
11-27 18:59:53.506 15240 15249 I art     : Background sticky concurrent mark sweep GC freed 72396(3MB) AllocSpace objects, 0(0B) LOS objects, 8% free, 32MB/35MB, paused 1.033ms total 184.655ms
11-27 18:59:55.134  1202  3954 I chatty  : uid=1000(system) NetworkStats expire 7 lines
11-27 18:59:55.137  1202  3955 I chatty  : uid=1000(system) NetworkPolicy expire 4 lines
11-27 18:59:55.250  1202  5586 I ActivityManager: Process com.google.android.apps.fitness (pid 17536) has died
11-27 18:59:55.250  1202  1367 V ActivityManager: killProcessGroupAsync took 0 ms for PID 17536 on thread 14
11-27 18:59:55.291  1202  5335 I ActivityManager: Process com.google.process.gapps (pid 15252) has died
11-27 18:59:55.292  1202  1367 V ActivityManager: killProcessGroupAsync took 1 ms for PID 15252 on thread 14
11-27 18:59:55.350  1202  5587 I ActivityManager: Process com.google.android.gms (pid 15445) has died
11-27 18:59:55.351  1202  5587 W ActivityManager: Scheduling restart of crashed service com.google.android.gms/com.google.android.location.places.service.GeoDataService in 1000ms
11-27 18:59:55.353  1202  1367 V ActivityManager: killProcessGroupAsync took 1 ms for PID 15445 on thread 14
11-27 18:59:55.512  4489  4489 D wpa_supplicant: wlan0: Control interface command 'SIGNAL_POLL'
11-27 18:59:55.514  4489  4489 D wpa_supplicant: CTRL-DEBUG: global_ctrl_sock-sendto: sock=11 sndbuf=212992 outq=0 send_len=48
11-27 18:59:55.523  1202  5586 I ActivityManager: Start proc 17972:com.google.android.gms/u0a12 for service com.google.android.gms/com.google.android.location.places.service.GeoDataService
11-27 18:59:55.709   357   357 W auditd  : type=1400 "ipacm""/dev/socket/ipacm_log_file"
11-27 18:59:55.710   357   357 W auditd  : type=1400 "ipacm""/dev/socket/ipacm_log_file"
11-27 18:59:55.710   357   357 W auditd  : type=1400 "ipacm""/dev/socket/ipacm_log_file"
11-27 18:59:55.710   357   357 W auditd  : type=1400 "ipacm""/dev/socket/ipacm_log_file"
11-27 18:59:55.891  1202  4159 I ActivityManager: Start proc 17984:com.google.process.gapps/u0a12 for content provider com.google.android.gsf/.gservices.GservicesProvider
11-27 18:59:55.944 17984 17984 W System  : ClassLoader referenced unknown path: /system/priv-app/GoogleServicesFramework/lib/arm64
11-27 18:59:55.987 17984 17984 I GservicesProvider: Gservices pushing to system: true; secure/global: true
11-27 18:59:56.053  1202  1367 I chatty  : uid=1000(system) android.bg expire 2 lines
11-27 18:59:56.110 17984 17984 I GoogleHttpClient: GMS http client unavailable, use old client
11-27 18:59:56.132 17984 17984 I DpmTcmClient: RegisterTcmMonitor from: org.apache.http.impl.conn.TcmIdleTimerMonitor
11-27 18:59:56.331 17972 17972 W linker  : /data/app/com.google.android.gms-2/lib/arm64/libgmscore.so: unused DT entry: type 0x7ffffffd arg 0x885
11-27 18:59:56.347 17972 17972 W linker  : /data/app/com.google.android.gms-2/lib/arm64/libconscrypt_gmscore_jni.so: unused DT entry: type 0x1d arg 0x80
11-27 18:59:56.347 17972 17972 W linker  : /data/app/com.google.android.gms-2/lib/arm64/libconscrypt_gmscore_jni.so: unused DT entry: type 0x7ffffffd arg 0x169
11-27 18:59:56.354 17972 17972 V JNIHelp : Registering com/google/android/gms/org/conscrypt/NativeCrypto's 235 native methods...
11-27 18:59:56.419 17972 17972 I art     : Rejecting re-init on previously-failed class java.lang.Class<com.google.android.gms.org.conscrypt.OpenSSLExtendedSessionImpl>
11-27 18:59:56.419 17972 17972 I art     : Rejecting re-init on previously-failed class java.lang.Class<com.google.android.gms.org.conscrypt.OpenSSLExtendedSessionImpl>
11-27 18:59:56.516 17972 17972 I ProviderInstaller: Installed default security provider GmsCore_OpenSSL
11-27 18:59:56.556  1202  3954 I TetherStatsReporting: combining tether stats
11-27 18:59:56.557  4839  4979 D QtiTetherService/IpaWrapper: getStats(false)
11-27 18:59:56.635  1202  3954 D NtpTrustedTime: currentTimeMillis() cache hit
11-27 18:59:56.637  1202  3955 D NtpTrustedTime: currentTimeMillis() cache hit
11-27 18:59:56.637  1202  3955 D NtpTrustedTime: currentTimeMillis() cache hit
11-27 18:59:56.659  1202  1367 W GpsLocationProvider: inject location, lat: 51.53431591214906, lon: 9.940729399128315
11-27 18:59:56.722  1202  1212 I ActivityManager: Process com.whatsapp (pid 16286) has died
11-27 18:59:56.723  1202  1367 V ActivityManager: killProcessGroupAsync took 1 ms for PID 16286 on thread 14
11-27 18:59:56.723  1202  1212 W ActivityManager: Scheduling restart of crashed service com.whatsapp/.messaging.MessageService in 1000ms
11-27 18:59:56.770  1202  1213 I ActivityManager: Process com.google.android.apps.messaging:rcs (pid 15982) has died
11-27 18:59:56.770  1202  1213 W ActivityManager: Scheduling restart of crashed service com.google.android.apps.messaging/com.google.android.rcs.service.service.JibeService in 10953ms
11-27 18:59:56.770  1202  1367 V ActivityManager: killProcessGroupAsync took 0 ms for PID 15982 on thread 14
11-27 18:59:56.849  1202  5586 I ActivityManager: Process com.google.process.gapps (pid 17984) has died
11-27 18:59:56.850  1202  1367 V ActivityManager: killProcessGroupAsync took 0 ms for PID 17984 on thread 14
11-27 18:59:56.898  1202  4851 I ActivityManager: Start proc 18008:com.google.process.gapps/u0a12 for content provider com.google.android.gsf/.gservices.GservicesProvider
11-27 18:59:56.940 18008 18008 W System  : ClassLoader referenced unknown path: /system/priv-app/GoogleServicesFramework/lib/arm64
11-27 18:59:56.953 18008 18008 I GservicesProvider: Gservices pushing to system: true; secure/global: true
11-27 18:59:56.968  1202  1367 W GpsLocationProvider: inject location, lat: 51.53430677951851, lon: 9.940719684560076
11-27 18:59:57.016 18008 18008 I GoogleHttpClient: GMS http client unavailable, use old client
11-27 18:59:57.019 18008 18008 I DpmTcmClient: RegisterTcmMonitor from: org.apache.http.impl.conn.TcmIdleTimerMonitor
11-27 18:59:57.035   401   401 E lowmemorykiller: Error writing /proc/18008/oom_score_adj; errno=22
11-27 18:59:57.049  1202  4159 I ActivityManager: Process com.google.process.gapps (pid 18008) has died
11-27 18:59:57.049  1202  1367 V ActivityManager: killProcessGroupAsync took 0 ms for PID 18008 on thread 14
11-27 18:59:57.050 17972 17972 I ActivityThread: Removing dead content provider:android.content.ContentProviderProxy@9ef315d
11-27 18:59:57.064  1202  4851 I ActivityManager: Start proc 18023:com.google.process.gapps/u0a12 for content provider com.google.android.gsf/.gservices.GservicesProvider
11-27 18:59:57.092 18023 18023 W System  : ClassLoader referenced unknown path: /system/priv-app/GoogleServicesFramework/lib/arm64
11-27 18:59:57.101 18023 18023 I GservicesProvider: Gservices pushing to system: true; secure/global: true
11-27 18:59:57.113  1202  4159 I ActivityManager: Process net.oneplus.odm (pid 16136) has died
11-27 18:59:57.114  1202  4159 W ActivityManager: Scheduling restart of crashed service net.oneplus.odm/.insight.OneplusAnalyticsJobService in 20609ms
11-27 18:59:57.114  1202  3986 D WifiService: Client connection lost with reason: 4
11-27 18:59:57.114  1202  1367 V ActivityManager: killProcessGroupAsync took 0 ms for PID 16136 on thread 14
11-27 18:59:57.114  1202  4159 W ActivityManager: Scheduling restart of crashed service net.oneplus.odm/.DeviceManagerService in 30609ms
11-27 18:59:57.141 18023 18023 I GoogleHttpClient: GMS http client unavailable, use old client
11-27 18:59:57.143 18023 18023 I DpmTcmClient: RegisterTcmMonitor from: org.apache.http.impl.conn.TcmIdleTimerMonitor
11-27 18:59:57.185  1202  5492 I ActivityManager: Process com.android.engineeringmode (pid 16446) has died
11-27 18:59:57.186  1202  5492 W ActivityManager: Scheduling restart of crashed service com.android.engineeringmode/.nvbackup.NVBackupStatusService in 40537ms
11-27 18:59:57.187  1202  1367 V ActivityManager: killProcessGroupAsync took 1 ms for PID 16446 on thread 14
11-27 18:59:57.189  1202  5587 I ActivityManager: Process com.qualcomm.qti.modemtestmode (pid 16599) has died
11-27 18:59:57.189  1202  1367 V ActivityManager: killProcessGroupAsync took 0 ms for PID 16599 on thread 14
11-27 18:59:57.190  1202  5587 W ActivityManager: Scheduling restart of crashed service com.qualcomm.qti.modemtestmode/.MbnSystemService in 50534ms
11-27 18:59:57.200  1202  5588 I ActivityManager: Process com.qualcomm.telephony (pid 16750) has died
11-27 18:59:57.200  1202  5588 W ActivityManager: Scheduling restart of crashed service com.qualcomm.simcontacts/.SimContactsService in 60523ms
11-27 18:59:57.202  1202  1367 V ActivityManager: killProcessGroupAsync took 0 ms for PID 16750 on thread 14
11-27 18:59:57.218   401   401 E lowmemorykiller: Error writing /proc/18023/oom_score_adj; errno=22
11-27 18:59:57.221 17972 17983 E JavaBinder: !!! FAILED BINDER TRANSACTION !!!  (parcel size = 372)
11-27 18:59:57.222 17972 17983 I ActivityThread: Removing dead content provider:android.content.ContentProviderProxy@6f28659
11-27 18:59:57.224  1202  5604 I ActivityManager: Process com.google.process.gapps (pid 18023) early provider death
11-27 18:59:57.227  1202  5604 I ActivityManager: Process com.google.process.gapps (pid 18023) has died
11-27 18:59:57.228  1202  1367 V ActivityManager: killProcessGroupAsync took 1 ms for PID 18023 on thread 14
11-27 18:59:57.249  1202  5492 I ActivityManager: Start proc 18039:com.google.process.gapps/u0a12 for content provider com.google.android.gsf/.gservices.GservicesProvider
11-27 18:59:57.266  1202  4159 I ActivityManager: Process org.telegram.messenger (pid 16859) has died
11-27 18:59:57.266  1202  4159 W ActivityManager: Scheduling restart of crashed service org.telegram.messenger/.NotificationsService in 70457ms
11-27 18:59:57.267  1202  1367 W GpsLocationProvider: inject location, lat: 51.53431992249785, lon: 9.940721929525747
11-27 18:59:57.271  1202  1367 V ActivityManager: killProcessGroupAsync took 0 ms for PID 16859 on thread 14
11-27 18:59:57.279 18039 18039 W System  : ClassLoader referenced unknown path: /system/priv-app/GoogleServicesFramework/lib/arm64
11-27 18:59:57.287 18039 18039 I GservicesProvider: Gservices pushing to system: true; secure/global: true
11-27 18:59:57.333 18039 18039 I GoogleHttpClient: GMS http client unavailable, use old client
11-27 18:59:57.335 18039 18039 I DpmTcmClient: RegisterTcmMonitor from: org.apache.http.impl.conn.TcmIdleTimerMonitor
11-27 18:59:57.350  1202  3941 W InputDispatcher: channel '5ed55ce com.android.launcher3/com.android.launcher3.Launcher (server)' ~ Consumer closed input channel or an error occurred.  events=0x9
11-27 18:59:57.350  1202  5588 I ActivityManager: Process com.android.launcher3 (pid 15147) has died
11-27 18:59:57.350  1202  3941 E InputDispatcher: channel '5ed55ce com.android.launcher3/com.android.launcher3.Launcher (server)' ~ Channel is unrecoverably broken and will be disposed!
11-27 18:59:57.351  1202  1367 V ActivityManager: killProcessGroupAsync took 0 ms for PID 15147 on thread 14
11-27 18:59:57.360  1202  5301 I WindowState: WIN DEATH: Window{5ed55ce u0 com.android.launcher3/com.android.launcher3.Launcher}
11-27 18:59:57.362  1202  4177 D GraphicsStats: Buffer count: 3
11-27 18:59:57.371  1202  5301 W InputDispatcher: Attempted to unregister already unregistered input channel '5ed55ce com.android.launcher3/com.android.launcher3.Launcher (server)'
11-27 18:59:57.423   401   401 E lowmemorykiller: Error opening /proc/15480/oom_score_adj; errno=2
11-27 18:59:57.456  1202  5588 V BoostFramework: BoostFramework() : mPerf = com.qualcomm.qti.Performance@d7d1f8c
11-27 18:59:57.526  1202  5588 I ActivityManager: Start proc 18055:com.android.launcher3/1000 for activity
11-27 18:59:57.526  1202  5335 I ActivityManager: Process android.process.media (pid 16417) has died
11-27 18:59:57.527  1202  5335 W ActivityManager: Scheduling restart of crashed service com.android.providers.media/.MtpService in 364616ms
11-27 18:59:57.528  1202  1367 V ActivityManager: killProcessGroupAsync took 1 ms for PID 16417 on thread 14
11-27 18:59:57.529   401   401 E lowmemorykiller: Error opening /proc/15480/oom_score_adj; errno=2
11-27 18:59:57.530  1202  1212 I ActivityManager: Process com.google.process.gapps (pid 18039) has died
11-27 18:59:57.531   401   401 E lowmemorykiller: Error opening /proc/15480/oom_score_adj; errno=2
11-27 18:59:57.532  1202  4739 I ActivityManager: Process android.process.acore (pid 15480) has died
11-27 18:59:57.533  1202  1367 V ActivityManager: killProcessGroupAsync took 0 ms for PID 18039 on thread 14
11-27 18:59:57.533  1202  1367 V ActivityManager: killProcessGroupAsync took 0 ms for PID 15480 on thread 14
11-27 18:59:57.546  1202  4851 I ActivityManager: Start proc 18067:com.google.process.gapps/u0a12 for content provider com.google.android.gsf/.gservices.GservicesProvider
11-27 18:59:57.577 18055 18055 W System  : ClassLoader referenced unknown path: /system/app/Launcher3/lib/arm64
11-27 18:59:57.582 18067 18067 W System  : ClassLoader referenced unknown path: /system/priv-app/GoogleServicesFramework/lib/arm64
11-27 18:59:57.587  1202  1367 W GpsLocationProvider: inject location, lat: 51.53430778416827, lon: 9.940716412394979
11-27 18:59:57.590 18067 18067 I GservicesProvider: Gservices pushing to system: true; secure/global: true
11-27 18:59:57.601  1202  3954 D NtpTrustedTime: currentTimeMillis() cache hit
11-27 18:59:57.611  1202  3954 I TetherStatsReporting: getTetherStats() called NetworkStats: elapsedRealtime=13571962
11-27 18:59:57.611  1202  3954 I TetherStatsReporting:   [0] iface=wlan0 uid=0 set=DEFAULT tag=0x0 rxBytes=230414 rxPackets=3392 txBytes=145622 txPackets=2187 operations=0
11-27 18:59:57.611  1202  3954 I TetherStatsReporting:   [1] iface=wlan0 uid=0 set=FOREGROUND tag=0x0 rxBytes=0 rxPackets=0 txBytes=0 txPackets=0 operations=0
11-27 18:59:57.611  1202  3954 I TetherStatsReporting:   [2] iface=wlan0 uid=1000 set=DEFAULT tag=0x0 rxBytes=16592 rxPackets=48 txBytes=11910 txPackets=74 operations=0
11-27 18:59:57.611  1202  3954 I TetherStatsReporting:   [3] iface=wlan0 uid=1000 set=FOREGROUND tag=0x0 rxBytes=0 rxPackets=0 txBytes=0 txPackets=0 operations=0
11-27 18:59:57.611  1202  3954 I TetherStatsReporting:   [4] iface=wlan0 uid=1021 set=DEFAULT tag=0x0 rxBytes=1620 rxPackets=7 txBytes=1188 txPackets=8 operations=0
11-27 18:59:57.611  1202  3954 I TetherStatsReporting:   [5] iface=wlan0 uid=1021 set=FOREGROUND tag=0x0 rxBytes=0 rxPackets=0 txBytes=0 txPackets=0 operations=0
11-27 18:59:57.611  1202  3954 I TetherStatsReporting:   [6] iface=wlan0 uid=10000 set=DEFAULT tag=0x0 rxBytes=66331 rxPackets=151 txBytes=41141 txPackets=188 operations=0
11-27 18:59:57.611  1202  3954 I TetherStatsReporting:   [7] iface=wlan0 uid=10000 set=FOREGROUND tag=0x0 rxBytes=0 rxPackets=0 txBytes=0 txPackets=0 operations=0
11-27 18:59:57.611  1202  3954 I TetherStatsReporting:   [8] iface=wlan0 uid=10001 set=DEFAULT tag=0x0 rxBytes=120147 rxPackets=215 txBytes=32649 txPackets=283 operations=0
11-27 18:59:57.611  1202  3954 I TetherStatsReporting:   [9] iface=wlan0 uid=10001 set=FOREGROUND tag=0x0 rxBytes=0 rxPackets=0 txBytes=0 txPackets=0 operations=0
11-27 18:59:57.611  1202  3954 I TetherStatsReporting:   [10] iface=wlan0 uid=10012 set=DEFAULT tag=0x0 rxByte