11-27 19:26:44.815  1231  4044 D ConnectivityService:   checking if request is satisfied: NetworkRequest [ id=3, legacyType=-1, [] ]
11-27 19:26:44.815  1231  4044 D ConnectivityService:   checking if request is satisfied: NetworkRequest [ id=9, legacyType=-1, [ Capabilities: INTERNET&NOT_RESTRICTED&TRUSTED] ]
11-27 19:26:44.815  1231  4044 D ConnectivityService:   checking if request is satisfied: NetworkRequest [ id=5, legacyType=-1, [ Capabilities: INTERNET&NOT_RESTRICTED&TRUSTED&NOT_VPN] ]
11-27 19:26:44.815  1231  4044 D ConnectivityService: notifyType CAP_CHANGED for NetworkAgentInfo [WIFI () - 100]
11-27 19:26:44.815  1231  4044 D ConnectivityService:  sending notification for NetworkRequest [ id=1, legacyType=-1, [ Capabilities: INTERNET&NOT_RESTRICTED&TRUSTED&NOT_VPN] ]
11-27 19:26:44.815  1231  4044 D ConnectivityService:  sending notification for NetworkRequest [ id=3, legacyType=-1, [] ]
11-27 19:26:44.815  1231  4044 D ConnectivityService: sending notification CAP_CHANGED for NetworkRequest [ id=3, legacyType=-1, [] ]
11-27 19:26:44.815  1231  4044 D ConnectivityService:  sending notification for NetworkRequest [ id=4, legacyType=-1, [ Capabilities: INTERNET&NOT_RESTRICTED&TRUSTED&NOT_VPN] ]
11-27 19:26:44.816  1231  4044 D ConnectivityService: sending notification CAP_CHANGED for NetworkRequest [ id=4, legacyType=-1, [ Capabilities: INTERNET&NOT_RESTRICTED&TRUSTED&NOT_VPN] ]
11-27 19:26:44.816  1231  4044 D ConnectivityService:  sending notification for NetworkRequest [ id=5, legacyType=-1, [ Capabilities: INTERNET&NOT_RESTRICTED&TRUSTED&NOT_VPN] ]
11-27 19:26:44.816  1231  4044 D ConnectivityService: sending notification CAP_CHANGED for NetworkRequest [ id=5, legacyType=-1, [ Capabilities: INTERNET&NOT_RESTRICTED&TRUSTED&NOT_VPN] ]
11-27 19:26:44.816  1231  4044 D ConnectivityService:  sending notification for NetworkRequest [ id=9, legacyType=-1, [ Capabilities: INTERNET&NOT_RESTRICTED&TRUSTED] ]
11-27 19:26:44.817  1231  4044 D ConnectivityService: sending notification CAP_CHANGED for NetworkRequest [ id=9, legacyType=-1, [ Capabilities: INTERNET&NOT_RESTRICTED&TRUSTED] ]
11-27 19:26:44.878   455  3816 D audio_hw_primary: out_standby: enter: stream (0xf2907f00) usecase(1: low-latency-playback)
11-27 19:26:44.944   455  3816 D audio_hw_primary: disable_audio_route: reset and update mixer path: low-latency-playback speaker
11-27 19:26:44.944   455  3816 D soundtrigger: audio_extn_sound_trigger_update_stream_status: uc_id 1 of type 0 for Event 2, with Raise=0
11-27 19:26:44.944   455  3816 D hardware_info: hw_info_append_hw_type : device_name = speaker
11-27 19:26:44.944   455  3816 D audio_hw_primary: disable_snd_device: snd_device(2: speaker)
11-27 19:26:44.945   455  3816 I soundtrigger: audio_extn_sound_trigger_update_device_status: device 0x2 of type 0 for Event 0, with Raise=0
11-27 19:26:45.081   358   358 W auditd  : type=1400 "Binder_10""socket:[144026]""sockfs"
11-27 19:26:45.082   358   358 W auditd  : type=1400 "Binder_10""socket:[144026]""sockfs"
11-27 19:26:45.766  1231  1231 I DeviceIdleController: updateChargingLocked: charging=true
11-27 19:26:45.766  1231  1231 I DeviceIdleController: becomeActiveLocked, reason = charging
11-27 19:26:47.636  4655  4665 I art     : Background sticky concurrent mark sweep GC freed 328330(13MB) AllocSpace objects, 2(40KB) LOS objects, 32% free, 29MB/43MB, paused 1.604ms total 103.091ms
11-27 19:26:47.823  4555  4555 I chatty  : uid=1010(wifi) /system/bin/wpa_supplicant expire 10 lines
11-27 19:26:47.916 19128 19128 I chromium: [INFO:CONSOLE(210)] "Google Maps API warning: NoApiKeys https://developers.google.com/maps/documentation/javascript/error-messages#no-api-keys", source: http://maps.google.com/maps-api-v3/api/js/27/2/intl/de_ALL/util.js (210)
11-27 19:26:47.981   358   358 W auditd  : type=1400 "ipacm""/dev/socket/ipacm_log_file"
11-27 19:26:47.982   358   358 W auditd  : type=1400 "ipacm""/dev/socket/ipacm_log_file"
11-27 19:26:47.982   358   358 W auditd  : type=1400 "ipacm""/dev/socket/ipacm_log_file"
11-27 19:26:47.982   358   358 W auditd  : type=1400 "ipacm""/dev/socket/ipacm_log_file"
11-27 19:26:48.756   579   579 I MSM-irqbalance: Decided to move IRQ304 from CPU0 to CPU1
11-27 19:26:49.062  1231  3996 V AlarmManager: Triggering alarm #0: Alarm{bc5c3c8 type 3 when 821280 com.google.android.gms}operation =Intent { cmp=com.google.android.gms/.lockbox.LockboxAlarmReceiver }
11-27 19:26:49.062  1231  3996 V AlarmManager: Triggering alarm #1: Alarm{98b7c61 type 2 when 821387 com.google.android.gms}operation =Intent { act=com.google.android.gms.gcm.ACTION_CHECK_QUEUE }
11-27 19:26:49.145  4655  5868 W ContentTaskController: Invalid task was provided to stopTracking.
11-27 19:26:49.266  4655  5868 W ContentTaskController: Invalid newTask was provided to startTracking.
11-27 19:26:53.750   579   579 I MSM-irqbalance: Decided to move IRQ215 from CPU0 to CPU1
11-27 19:26:54.623 19128 19128 I chromium: [INFO:CONSOLE(12)] "Hello Tracking Component", source: file:///android_asset/www/build/main.js (12)
11-27 19:26:57.776  1231  1231 I DeviceIdleController: updateChargingLocked: charging=true
11-27 19:26:57.777  1231  1231 I DeviceIdleController: becomeActiveLocked, reason = charging
11-27 19:26:58.551  4655  5823 I GCoreUlr: Filtering location: Location[fused 51,532493,9,934580 acc=6 et=+14m13s807ms alt=158.0024871826172 vel=0.059977464 mock {Bundle[{mockLocation=true, noGPSLocation=Location[fused 51,527870,9,933994 acc=20 et=+12m41s355ms {Bundle[mParcelledData.dataSize=180]}], locationType=1}]}]
11-27 19:26:58.551  4655  5823 I GCoreUlr: No valid location reports to store
11-27 19:26:58.753   579   579 I MSM-irqbalance: Decided to move IRQ128 from CPU0 to CPU1
11-27 19:26:58.822  1231  1441 I chatty  : uid=1000(system) android.bg expire 86 lines
11-27 19:26:59.994 19128 19212 I com.tenforwardconsulting.cordova.BackgroundGeolocationPlugin: initializing plugin
11-27 19:27:00.000  1231  3996 V AlarmManager: Triggering alarm #0: Alarm{39a1a5f type 3 when 855292 android}operation =Intent { act=android.intent.action.TIME_TICK flg=0x50000000 }
11-27 19:27:00.026 19128 19331 D com.marianhello.bgloc.data.sqlite.SQLiteConfigurationDAO: Configuration persisted with rowId = 1
11-27 19:27:00.027 19128 19331 I com.tenforwardconsulting.cordova.BackgroundGeolocationPlugin: Starting bg service
11-27 19:27:00.043 19128 19128 I com.marianhello.bgloc.LocationService: Creating LocationService
11-27 19:27:00.045 19128 19331 I com.tenforwardconsulting.cordova.BackgroundGeolocationPlugin: Binding to bg service
11-27 19:27:00.075 19128 19332 I com.marianhello.bgloc.LocationService: Network condition changed hasConnectivity: true
11-27 19:27:00.075 19128 19128 I com.marianhello.bgloc.LocationService: Received start startId: 1 intent: Intent { flg=0x4 cmp=de.fpo.greencity/com.marianhello.bgloc.LocationService (has extras) }
11-27 19:27:00.088 19128 19128 D com.marianhello.bgloc.LocationService: Will start service with: Config[distanceFilter=1 stationaryRadius=1.0 desiredAccuracy=0 interval=5000 fastestInterval=120000 activitiesInterval=10000 isDebugging=false stopOnTerminate=true stopOnStillActivity=true startOnBoot=false startForeground=true locationProvider=0 nTitle=Background tracking nText=ENABLED nIconLarge=null nIconSmall=null nIconColor=null url= syncUrl= syncThreshold=100 httpHeaders={} maxLocations=10000]
11-27 19:27:00.108   455   455 D APM-AudioPolicyManager: getOutput() device 2, stream 5, samplingRate 0, format 0, channelMask 3, flags 0
11-27 19:27:00.108   455   455 D AudioPolicyManagerCustom: getOutput() The last flag  8
11-27 19:27:00.108   455   455 D AudioPolicyManagerCustom: getOutputForDevice() returns output 6
11-27 19:27:00.111 19128 19128 D AudioTrack: set(): streamType 5, sampleRate 48000, format 0x1, channelMask 0x1, frameCount 0, flags #4, notificationFrames 0, sessionId 0, transferType 1, uid -1, pid -1
11-27 19:27:00.112   455   455 D AudioPolicyManagerCustom: getOutput() The last flag  4
11-27 19:27:00.112   455   455 D AudioPolicyManagerCustom: getOutputForDevice() returns output 2
11-27 19:27:00.112   455  3851 D AudioFlinger: AudioOut_2 createTrack_l() stmType 5,typeVolume 1.000000,fc 384,sId 39, flags 2
11-27 19:27:00.112   455  3851 D AudioFlinger: Creating track with 1024 buffers bytes.format 1,mFrameSize 2,mFrameCount 384
11-27 19:27:00.113 19128 19128 I com.tenforwardconsulting.bgloc.DistanceFilterLocationProvider: Creating DistanceFilterLocationProvider
11-27 19:27:00.140 19128 19128 I com.tenforwardconsulting.bgloc.DistanceFilterLocationProvider: Start recording
11-27 19:27:00.150 19128 19128 I com.tenforwardconsulting.bgloc.DistanceFilterLocationProvider: Setting pace: false
11-27 19:27:00.349 19128 19128 D com.tenforwardconsulting.bgloc.DistanceFilterLocationProvider: Location change: Location[network 51,532414,9,934386 acc=4 et=+14m15s637ms alt=157.58590698242188 vel=0.45220754 mock {Bundle[mParcelledData.dataSize=456]}] isMoving=false
11-27 19:27:00.375 19128 19128 D com.tenforwardconsulting.bgloc.DistanceFilterLocationProvider: Location change: Location[network 51,532414,9,934386 acc=4 et=+14m15s637ms alt=157.58590698242188 vel=0.45220754 mock {Bundle[mParcelledData.dataSize=456]}] isMoving=false
11-27 19:27:00.386 19128 19128 D com.tenforwardconsulting.bgloc.DistanceFilterLocationProvider: Location change: Location[gps 51,532523,9,934533 acc=3 et=+14m15s637ms alt=160.3098907470703 vel=0.41070524 mock] isMoving=false
11-27 19:27:00.397 19128 19128 D com.tenforwardconsulting.bgloc.DistanceFilterLocationProvider: Location change: Location[gps 51,532523,9,934533 acc=3 et=+14m15s637ms alt=160.3098907470703 vel=0.41070524 mock {Bundle[mParcelledData.dataSize=456]}] isMoving=false
11-27 19:27:00.655 19128 19128 D com.tenforwardconsulting.bgloc.DistanceFilterLocationProvider: Location change: Location[network 51,532427,9,934388 acc=3 et=+14m15s938ms alt=156.69842529296875 vel=0.22978008 mock {Bundle[mParcelledData.dataSize=456]}] isMoving=false
11-27 19:27:00.694 19128 19128 I com.tenforwardconsulting.bgloc.DistanceFilterLocationProvider: startMonitoringStationaryRegion: lat=51.53252308428722 lon=9.934533399145312 acy=2.8509173
11-27 19:27:00.712 19128 19128 D com.marianhello.bgloc.LocationService: New location BGLocation[network 51,532427,9,934388 id=null acc=3 t=1480271220557 et=+14m15s938ms alt=156.69842529296875 vel=0.22978008 mock {Bundle[mParcelledData.dataSize=456]} locprov=0]
11-27 19:27:00.734 19128 19128 D com.marianhello.bgloc.LocationService: Persisted location: BGLocation[network 51,532427,9,934388 id=267 acc=3 t=1480271220557 et=+14m15s938ms alt=156.69842529296875 vel=0.22978008 mock {Bundle[mParcelledData.dataSize=456]} locprov=0]
11-27 19:27:00.743 19128 19212 D com.tenforwardconsulting.cordova.BackgroundGeolocationPlugin: Sending location to webview
11-27 19:27:00.744 19128 19128 D com.tenforwardconsulting.bgloc.DistanceFilterLocationProvider: Location change: Location[network 51,532427,9,934388 acc=3 et=+14m15s938ms alt=156.69842529296875 vel=0.22978008 mock {Bundle[mParcelledData.dataSize=456]}] isMoving=false
11-27 19:27:00.764 19128 19128 D com.tenforwardconsulting.bgloc.DistanceFilterLocationProvider: Location change: Location[gps 51,532512,9,934526 acc=2 et=+14m15s941ms alt=161.3251495361328 vel=0.28070578 mock] isMoving=false
11-27 19:27:00.774 19128 19128 D com.tenforwardconsulting.bgloc.DistanceFilterLocationProvider: Location change: Location[gps 51,532512,9,934526 acc=2 et=+14m15s941ms alt=161.3251495361328 vel=0.28070578 mock {Bundle[mParcelledData.dataSize=456]}] isMoving=false
11-27 19:27:00.990 19128 19332 D com.tenforwardconsulting.bgloc.DistanceFilterLocationProvider: Entering stationary region
11-27 19:27:01.639  1231  4040 I chatty  : uid=1000(system) WifiStateMachin expire 1 line
11-27 19:27:01.639  4555  4555 I chatty  : uid=1010(wifi) /system/bin/wpa_supplicant expire 48 lines
11-27 19:27:03.755   579   579 I MSM-irqbalance: Decided to move IRQ115 from CPU0 to CPU1
11-27 19:27:03.775  1231  1231 I DeviceIdleController: updateChargingLocked: charging=true
11-27 19:27:03.776  1231  1231 I DeviceIdleController: becomeActiveLocked, reason = charging
11-27 19:27:08.385   358   358 W auditd  : type=1400 "ipacm""/dev/socket/ipacm_log_file"
11-27 19:27:08.385   358   358 W auditd  : type=1400 "ipacm""/dev/socket/ipacm_log_file"
11-27 19:27:08.385   358   358 W auditd  : type=1400 "ipacm""/dev/socket/ipacm_log_file"
11-27 19:27:08.386   358   358 W auditd  : type=1400 "ipacm""/dev/socket/ipacm_log_file"
11-27 19:27:08.753   579   579 I MSM-irqbalance: Decided to move IRQ57 from CPU0 to CPU1
11-27 19:27:09.775  1231  1231 I DeviceIdleController: updateChargingLocked: charging=true
11-27 19:27:09.775  1231  1231 I DeviceIdleController: becomeActiveLocked, reason = charging
11-27 19:27:11.163 19128 19332 D com.tenforwardconsulting.bgloc.DistanceFilterLocationProvider: Exiting stationary region
11-27 19:27:11.174 19128 19332 I com.tenforwardconsulting.bgloc.DistanceFilterLocationProvider: Fetching last best location: radius=1.0 minTime=1480271226173
11-27 19:27:11.183 19128 19332 D com.tenforwardconsulting.bgloc.DistanceFilterLocationProvider: Test provider=passive lat=51.5324197 lon=9.9344715 acy=2.948 v=0.6069517m/s time=1480271231059
11-27 19:27:11.192 19128 19332 D com.tenforwardconsulting.bgloc.DistanceFilterLocationProvider: Test provider=gps lat=51.53241971893741 lon=9.934471475992133 acy=2.9477472 v=0.6069517m/s time=1480271231059
11-27 19:27:11.201 19128 19332 D com.tenforwardconsulting.bgloc.DistanceFilterLocationProvider: Test provider=network lat=51.53237617783808 lon=9.934421968956014 acy=4.437312 v=0.610795m/s time=1480271231009
11-27 19:27:11.208 19128 19332 D com.tenforwardconsulting.bgloc.DistanceFilterLocationProvider: Best result found provider=gps lat=51.53241971893741 lon=9.934471475992133 acy=2.9477472 v=0.6069517m/s time=1480271231059
11-27 19:27:11.214 19128 19332 I com.tenforwardconsulting.bgloc.DistanceFilterLocationProvider: Exited stationary: lat=51.53241971893741 long=9.934471475992133 acy=2.9477472}'
11-27 19:27:11.224 19128 19332 I com.tenforwardconsulting.bgloc.DistanceFilterLocationProvider: Setting pace: true
11-27 19:27:11.435 19128 19332 D com.tenforwardconsulting.bgloc.DistanceFilterLocationProvider: Location change: Location[network 51,532363,9,934425 acc=6 et=+14m26s724ms alt=157.3856658935547 vel=0.115582794 mock {Bundle[mParcelledData.dataSize=456]}] isMoving=true
11-27 19:27:11.451 19128 19332 D com.tenforwardconsulting.bgloc.DistanceFilterLocationProvider: Location change: Location[gps 51,532410,9,934480 acc=2 et=+14m26s726ms alt=160.34059143066406 vel=0.039308224 mock] isMoving=true
11-27 19:27:11.460 19128 19332 D com.tenforwardconsulting.bgloc.DistanceFilterLocationProvider: Location change: Location[gps 51,532410,9,934480 acc=2 et=+14m26s726ms alt=160.34059143066406 vel=0.039308224 mock {Bundle[mParcelledData.dataSize=456]}] isMoving=true
11-27 19:27:11.469 19128 19332 I com.tenforwardconsulting.bgloc.DistanceFilterLocationProvider: Setting pace: true
11-27 19:27:11.479 19128 19332 D com.marianhello.bgloc.LocationService: New location BGLocation[gps 51,532410,9,934480 id=null acc=2 t=1480271231276 et=+14m26s726ms alt=160.34059143066406 vel=0.039308224 mock {Bundle[mParcelledData.dataSize=456]} locprov=0]
11-27 19:27:11.489 19128 19332 D com.marianhello.bgloc.LocationService: Persisted location: BGLocation[gps 51,532410,9,934480 id=268 acc=2 t=1480271231276 et=+14m26s726ms alt=160.34059143066406 vel=0.039308224 mock {Bundle[mParcelledData.dataSize=456]} locprov=0]
11-27 19:27:11.495 19128 19212 D com.tenforwardconsulting.cordova.BackgroundGeolocationPlugin: Sending location to webview
11-27 19:27:11.496 19128 19332 D com.tenforwardconsulting.bgloc.DistanceFilterLocationProvider: Location change: Location[network 51,532363,9,934425 acc=6 et=+14m26s724ms alt=157.3856658935547 vel=0.115582794 mock {Bundle[mParcelledData.dataSize=456]}] isMoving=true
11-27 19:27:11.507 19128 19332 D com.marianhello.bgloc.LocationService: New location BGLocation[network 51,532363,9,934425 id=null acc=6 t=1480271231313 et=+14m26s724ms alt=157.3856658935547 vel=0.115582794 mock {Bundle[mParcelledData.dataSize=456]} locprov=0]
11-27 19:27:11.522 19128 19332 D com.marianhello.bgloc.LocationService: Persisted location: BGLocation[network 51,532363,9,934425 id=269 acc=6 t=1480271231313 et=+14m26s724ms alt=157.3856658935547 vel=0.115582794 mock {Bundle[mParcelledData.dataSize=456]} locprov=0]
11-27 19:27:11.530 19128 19212 D com.tenforwardconsulting.cordova.BackgroundGeolocationPlugin: Sending location to webview
11-27 19:27:11.743 19128 19332 D com.tenforwardconsulting.bgloc.DistanceFilterLocationProvider: Location change: Location[gps 51,532400,9,934471 acc=1 et=+14m27s29ms alt=159.658935546875 vel=0.32128617 mock] isMoving=true
11-27 19:27:11.761 19128 19332 D com.marianhello.bgloc.LocationService: New location BGLocation[gps 51,532400,9,934471 id=null acc=1 t=1480271231594 et=+14m27s29ms alt=159.658935546875 vel=0.32128617 mock locprov=0]
11-27 19:27:11.781 19128 19332 D com.marianhello.bgloc.LocationService: Persisted location: BGLocation[gps 51,532400,9,934471 id=270 acc=1 t=1480271231594 et=+14m27s29ms alt=159.658935546875 vel=0.32128617 mock locprov=0]
11-27 19:27:11.787 19128 19212 D com.tenforwardconsulting.cordova.BackgroundGeolocationPlugin: Sending location to webview
11-27 19:27:11.952  4555  4555 I chatty  : uid=1010(wifi) /system/bin/wpa_supplicant expire 12 lines
11-27 19:27:13.630  4655  5743 I GCoreUlr: Filtering location: Location[fused 51,532394,9,934472 acc=1 et=+14m28s872ms alt=158.71739196777344 vel=0.18418016 mock {Bundle[{mockLocation=true, noGPSLocation=Location[fused 51,527870,9,933994 acc=20 et=+12m41s355ms {Bundle[mParcelledData.dataSize=180]}], locationType=1}]}]
11-27 19:27:13.630  4655  5743 I GCoreUlr: No valid location reports to store
11-27 19:27:13.752   579   579 I MSM-irqbalance: Decided to move IRQ65 from CPU0 to CPU1
11-27 19:27:15.550 19128 19331 I com.tenforwardconsulting.cordova.BackgroundGeolocationPlugin: Unbinding from bg service
11-27 19:27:15.559 19128 19331 I com.tenforwardconsulting.cordova.BackgroundGeolocationPlugin: Stopping bg service
11-27 19:27:15.570 19128 19128 I com.marianhello.bgloc.LocationService: Destroying LocationService
11-27 19:27:15.582 19128 19128 I com.tenforwardconsulting.bgloc.DistanceFilterLocationProvider: Destroying DistanceFilterLocationProvider
11-27 19:27:15.652   358   358 W auditd  : type=1400 "ipacm""/dev/socket/ipacm_log_file"
11-27 19:27:15.652   358   358 W auditd  : type=1400 "ipacm""/dev/socket/ipacm_log_file"
11-27 19:27:15.652   358   358 W auditd  : type=1400 "ipacm""/dev/socket/ipacm_log_file"
11-27 19:27:15.652   358   358 W auditd  : type=1400 "ipacm""/dev/socket/ipacm_log_file"
11-27 19:27:15.653   358   358 W auditd  : type=1400 "ipacm""/dev/socket/ipacm_log_file"
11-27 19:27:15.765  1231  1231 I DeviceIdleController: updateChargingLocked: charging=true
11-27 19:27:15.765  1231  1231 I DeviceIdleController: becomeActiveLocked, reason = charging
11-27 19:27:16.513 19128 19331 I com.tenforwardconsulting.cordova.BackgroundGeolocationPlugin: Stopping bg service
11-27 19:27:16.517 19128 19128 I chromium: [INFO:CONSOLE(12)] "[object Object]", source: file:///android_asset/www/build/main.js (12)
11-27 19:27:16.517 19128 19128 I chromium: [INFO:CONSOLE(12)] "[object Object]", source: file:///android_asset/www/build/main.js (12)
11-27 19:27:16.518 19128 19128 I chromium: [INFO:CONSOLE(12)] "[object Object]", source: file:///android_asset/www/build/main.js (12)
11-27 19:27:16.876 19128 19128 I chromium: [INFO:CONSOLE(10)] "[object Object]", source: file:///android_asset/www/build/main.js (10)
11-27 19:27:16.893  1231  1295 I chatty  : uid=1000(system) Binder_1 expire 1 line
11-27 19:27:17.543  1231  4033 I chatty  : uid=1000(system) NetworkStats expire 79 lines
11-27 19:27:17.561  4813  4857 I chatty  : uid=1000(system) Binder_2 expire 10 lines
11-27 19:27:17.580  1231  4035 I chatty  : uid=1000(system) NetworkPolicy expire 38 lines
11-27 19:27:18.355  4813  4839 I chatty  : uid=1000(system) Binder_1 expire 10 lines
11-27 19:27:18.751   579   579 I MSM-irqbalance: Decided to move IRQ240 from CPU0 to CPU1
11-27 19:27:19.105  4813  5055 I chatty  : uid=1000(system) Binder_3 expire 9 lines
11-27 19:27:21.768  1231  1231 I DeviceIdleController: updateChargingLocked: charging=true
11-27 19:27:21.768  1231  1231 I DeviceIdleController: becomeActiveLocked, reason = charging
11-27 19:27:23.752   579   579 I MSM-irqbalance: Decided to move IRQ224 from CPU0 to CPU3
11-27 19:27:25.182  1231  1441 I chatty  : uid=1000(system) android.bg expire 56 lines
11-27 19:27:28.751   579   579 I MSM-irqbalance: Decided to move IRQ215 from CPU1 to CPU3
11-27 19:27:28.779   358   358 W auditd  : type=1400 "ipacm""/dev/socket/ipacm_log_file"
11-27 19:27:28.779   358   358 W auditd  : type=1400 "ipacm""/dev/socket/ipacm_log_file"
11-27 19:27:28.779   358   358 W auditd  : type=1400 "ipacm""/dev/socket/ipacm_log_file"
11-27 19:27:28.779   358   358 W auditd  : type=1400 "ipacm""/dev/socket/ipacm_log_file"
11-27 19:27:28.844  4655  5743 I GCoreUlr: Filtering location: Location[fused 51,532373,9,934462 acc=2 et=+14m44s106ms alt=156.90805053710938 vel=0.68372977 mock {Bundle[{mockLocation=true, noGPSLocation=Location[fused 51,527870,9,933994 acc=20 et=+12m41s355ms {Bundle[mParcelledData.dataSize=180]}], locationType=1}]}]
11-27 19:27:28.844  4655  5743 I GCoreUlr: No valid location reports to store
11-27 19:27:30.022  4555  4555 I chatty  : uid=1010(wifi) /system/bin/wpa_supplicant expire 10 lines
11-27 19:27:31.659   358   358 W auditd  : type=1400 "ipacm""/dev/socket/ipacm_log_file"
11-27 19:27:31.659   358   358 W auditd  : type=1400 "ipacm""/dev/socket/ipacm_log_file"
11-27 19:27:31.660   358   358 W auditd  : type=1400 "ipacm""/dev/socket/ipacm_log_file"
11-27 19:27:31.660   358   358 W auditd  : type=1400 "ipacm""/dev/socket/ipacm_log_file"
11-27 19:27:31.661   358   358 W auditd  : type=1400 "ipacm""/dev/socket/ipacm_log_file"
11-27 19:27:33.751   579   579 I MSM-irqbalance: Decided to move IRQ57 from CPU1 to CPU3
11-27 19:27:33.767  1231  1231 I DeviceIdleController: updateChargingLocked: charging=true
11-27 19:27:33.767  1231  1231 I DeviceIdleController: becomeActiveLocked, reason = charging
11-27 19:27:34.221  1231  4033 I chatty  : uid=1000(system) NetworkStats expire 37 lines
11-27 19:27:34.222  1231  4035 I chatty  : uid=1000(system) NetworkPolicy expire 20 lines
11-27 19:27:38.750   579   579 I MSM-irqbalance: Decided to move IRQ115 from CPU1 to CPU3
11-27 19:27:39.767  1231  1231 I DeviceIdleController: updateChargingLocked: charging=true
11-27 19:27:39.767  1231  1231 I DeviceIdleController: becomeActiveLocked, reason = charging
11-27 19:27:42.262  1231  1441 I chatty  : uid=1000(system) android.bg expire 10 lines
11-27 19:27:43.750   579   579 I MSM-irqbalance: Decided to move IRQ240 from CPU1 to CPU3
11-27 19:27:44.103  4655  5823 I GCoreUlr: Filtering location: Location[fused 51,532417,9,934496 acc=3 et=+14m59s356ms alt=159.86276245117188 vel=0.1760896 mock {Bundle[{mockLocation=true, noGPSLocation=Location[fused 51,527870,9,933994 acc=20 et=+12m41s355ms {Bundle[mParcelledData.dataSize=180]}], locationType=1}]}]
11-27 19:27:44.103  4655  5823 I GCoreUlr: No valid location reports to store
11-27 19:27:44.883 19128 19128 I chromium: [INFO:CONSOLE(12)] "Hello Tracking Component", source: file:///android_asset/www/build/main.js (12)
11-27 19:27:45.079  4555  4555 I chatty  : uid=1010(wifi) /system/bin/wpa_supplicant expire 10 lines
11-27 19:27:45.305  1231  4033 D NtpTrustedTime: currentTimeMillis() cache hit
11-27 19:27:45.314  1231  4033 I TetherStatsReporting: getTetherStats() called NetworkStats: elapsedRealtime=900597
11-27 19:27:45.314  1231  4033 I TetherStatsReporting:   [0] iface=rmnet_data0 uid=0 set=DEFAULT tag=0x0 rxBytes=901 rxPackets=7 txBytes=665 txPackets=10 operations=0
11-27 19:27:45.314  1231  4033 I TetherStatsReporting:   [1] iface=rmnet_data0 uid=0 set=FOREGROUND tag=0x0 rxBytes=0 rxPackets=0 txBytes=0 txPackets=0 operations=0
11-27 19:27:45.314  1231  4033 I TetherStatsReporting:   [2] iface=rmnet_data0 uid=1000 set=DEFAULT tag=0x0 rxBytes=4452 rxPackets=11 txBytes=2256 txPackets=17 operations=0
11-27 19:27:45.314  1231  4033 I TetherStatsReporting:   [3] iface=rmnet_data0 uid=1000 set=FOREGROUND tag=0x0 rxBytes=0 rxPackets=0 txBytes=0 txPackets=0 operations=0
11-27 19:27:45.314  1231  4033 I TetherStatsReporting:   [4] iface=rmnet_data0 uid=10028 set=DEFAULT tag=0x0 rxBytes=844 rxPackets=8 txBytes=1282 txPackets=9 operations=0
11-27 19:27:45.314  1231  4033 I TetherStatsReporting:   [5] iface=rmnet_data0 uid=10028 set=FOREGROUND tag=0x0 rxBytes=0 rxPackets=0 txBytes=0 txPackets=0 operations=0
11-27 19:27:45.314  1231  4033 I TetherStatsReporting:   [6] iface=rmnet_data0 uid=10089 set=DEFAULT tag=0x0 rxBytes=506 rxPackets=7 txBytes=829 txPackets=9 operations=0
11-27 19:27:45.314  1231  4033 I TetherStatsReporting:   [7] iface=rmnet_data0 uid=10089 set=FOREGROUND tag=0x0 rxBytes=0 rxPackets=0 txBytes=0 txPackets=0 operations=0
11-27 19:27:45.314  1231  4033 I TetherStatsReporting:   [8] iface=rmnet_data0 uid=10118 set=DEFAULT tag=0x0 rxBytes=4457 rxPackets=7 txBytes=1330 txPackets=9 operations=0
11-27 19:27:45.314  1231  4033 I TetherStatsReporting:   [9] iface=rmnet_data0 uid=10118 set=FOREGROUND tag=0x0 rxBytes=0 rxPackets=0 txBytes=0 txPackets=0 operations=0
11-27 19:27:45.314  1231  4033 I TetherStatsReporting:   [10] iface=rmnet_data0 uid=1000 set=DEFAULT tag=0x600 rxBytes=4069 rxPackets=6 txBytes=1264 txPackets=8 operations=0
11-27 19:27:45.314  1231  4033 I TetherStatsReporting:   [11] iface=rmnet_data0 uid=1000 set=FOREGROUND tag=0x600 rxBytes=0 rxPackets=0 txBytes=0 txPackets=0 operations=0
11-27 19:27:45.314  1231  4033 I TetherStatsReporting:   [12] iface=rmnet_data0 uid=10118 set=DEFAULT tag=0x12440004 rxBytes=4457 rxPackets=7 txBytes=1330 txPackets=9 operations=0
11-27 19:27:45.314  1231  4033 I TetherStatsReporting:   [13] iface=rmnet_data0 uid=10118 set=FOREGROUND tag=0x12440004 rxBytes=0 rxPackets=0 txBytes=0 txPackets=0 operations=0
11-27 19:27:45.314  1231  4033 I TetherStatsReporting:   [14] iface=wlan0 uid=0 set=DEFAULT tag=0x0 rxBytes=21620 rxPackets=274 txBytes=11343 txPackets=164 operations=0
11-27 19:27:45.314  1231  4033 I TetherStatsReporting:   [15] iface=wlan0 uid=0 set=FOREGROUND tag=0x0 rxBytes=0 rxPackets=0 txBytes=0 txPackets=0 operations=0
11-27 19:27:45.314  1231  4033 I TetherStatsReporting:   [16] iface=wlan0 uid=1000 set=DEFAULT tag=0x0 rxBytes=6918 rxPackets=24 txBytes=4083 txPackets=37 operations=0
11-27 19:27:45.314  1231  4033 I TetherStatsReporting:   [17] iface=wlan0 uid=1000 set=FOREGROUND tag=0x0 rxBytes=0 rxPackets=0 txBytes=0 txPackets=0 operations=0
11-27 19:27:45.314  1231  4033 I TetherStatsReporting:   [18] iface=wlan0 uid=10000 set=DEFAULT tag=0x0 rxBytes=9960 rxPackets=23 txBytes=7839 txPackets=31 operations=0
11-27 19:27:45.314  1231  4033 I TetherStatsReporting:   [19] iface=wlan0 uid=10000 set=FOREGROUND tag=0x0 rxBytes=0 rxPackets=0 txBytes=0 txPackets=0 operations=0
11-27 19:27:45.314  1231  4033 I TetherStatsReporting:   [20] iface=wlan0 uid=10001 set=DEFAULT tag=0x0 rxBytes=8380 rxPackets=13 txBytes=1869 txPackets=18 operations=0
11-27 19:27:45.314  1231  4033 I TetherStatsReporting:   [21] iface=wlan0 uid=10001 set=FOREGROUND tag=0x0 rxBytes=0 rxPackets=0 txBytes=0 txPackets=0 operations=0
11-27 19:27:45.314  1231  4033 I TetherStatsReporting:   [22] iface=wlan0 uid=10010 set=DEFAULT tag=0x0 rxBytes=0 rxPackets=0 txBytes=156 txPackets=3 operations=1
11-27 19:27:45.314  1231  4033 I TetherStatsReporting:   [23] iface=wlan0 uid=10010 set=FOREGROUND tag=0x0 rxBytes=0 rxPackets=0 txBytes=0 txPackets=0 operations=0
11-27 19:27:45.314  1231  4033 I TetherStatsReporting:   [24] iface=wlan0 uid=10012 set=DEFAULT tag=0x0 rxBytes=204204 rxPackets=282 txBytes=87552 txPackets=263 operations=0
11-27 19:27:45.314  1231  4033 I TetherStatsReporting:   [25] iface=wlan0 uid=10012 set=FOREGROUND tag=0x0 rxBytes=4920 rxPackets=16 txBytes=1098 txPackets=9 operations=0
11-27 19:27:45.314  1231  4033 I TetherStatsReporting:   [26] iface=wlan0 uid=10019 set=DEFAULT tag=0x0 rxBytes=80506 rxPackets=120 txBytes=37694 txPackets=133 operations=0
11-27 19:27:45.314  1231  4033 I TetherStatsReporting:   [27] iface=wlan0 uid=10019 set=FOREGROUND tag=0x0 rxBytes=0 rxPackets=0 txBytes=0 txPackets=0 operations=0
11-27 19:27:45.314  1231  4033 I TetherStatsReporting:   [28] iface=wlan0 uid=10024 set=DEFAULT tag=0x0 rxBytes=24181 rxPackets=21 txBytes=1628 txPackets=15 operations=0
11-27 19:27:45.314  1231  4033 I TetherStatsReporting:   [29] iface=wlan0 uid=10024 set=FOREGROUND tag=0x0 rxBytes=0 rxPackets=0 txBytes=0 txPackets=0 operations=0
11-27 19:27:45.314  1231  4033 I TetherStatsReporting:   [30] iface=wlan0 uid=10028 set=DEFAULT tag=0x0 rxBytes=1055 rxPackets=8 txBytes=1539 txPackets=17 operations=0
11-27 19:27:45.314  1231  4033 I TetherStatsReporting:   [31] iface=wlan0 uid=10028 set=FOREGROUND tag=0x0 rxBytes=0 rxPackets=0 txBytes=0 txPackets=0 operations=0
11-27 19:27:45.314  1231  4033 I TetherStatsReporting:   [32] iface=wlan0 uid=10042 set=DEFAULT tag=0x0 rxBytes=35563 rxPackets=69 txBytes=17894 txPackets=89 operations=0
11-27 19:27:45.314  1231  4033 I TetherStatsReporting:   [33] iface=wlan0 uid=10042 set=FOREGROUND tag=0x0 rxBytes=0 rxPackets=0 txBytes=0 txPackets=0 operations=0
11-27 19:27:45.314  1231  4033 I TetherStatsReporting:   [34] iface=wlan0 uid=10044 set=DEFAULT tag=0x0 rxBytes=60 rxPackets=1 txBytes=164 txPackets=3 operations=0
11-27 19:27:45.314  1231  4033 I TetherStatsReporting:   [35] iface=wlan0 uid
11-27 19:27:45.314  1231  4033 I TetherStatsReporting: combining tether stats
11-27 19:27:45.315  4813  5055 D QtiTetherService/IpaWrapper: getStats(false)
11-27 19:27:45.321  1231  1441 W GpsLocationProvider: inject location, lat: 51.53244246555078, lon: 9.93455751674701
11-27 19:27:45.340  1231  4033 D NtpTrustedTime: currentTimeMillis() cache hit
11-27 19:27:45.341  1231  4035 D NtpTrustedTime: currentTimeMillis() cache hit
11-27 19:27:45.341  1231  4035 D NtpTrustedTime: currentTimeMillis() cache hit
11-27 19:27:45.386  1231  1299 E LocationManagerService: request location: pid=19128, uid=10565, provider=fused, package=de.fpo.greencity
11-27 19:27:45.630  1231  1441 W GpsLocationProvider: inject location, lat: 51.53245446222648, lon: 9.934551698023009
11-27 19:27:45.768  1231  1231 I DeviceIdleController: updateChargingLocked: charging=true
11-27 19:27:45.768  1231  1231 I DeviceIdleController: becomeActiveLocked, reason = charging
11-27 19:27:45.819   358   358 W auditd  : type=1400 "ipacm""/dev/socket/ipacm_log_file"
11-27 19:27:45.819   358   358 W auditd  : type=1400 "ipacm""/dev/socket/ipacm_log_file"
11-27 19:27:45.819   358   358 W auditd  : type=1400 "ipacm""/dev/socket/ipacm_log_file"
11-27 19:27:45.819   358   358 W auditd  : type=1400 "ipacm""/dev/socket/ipacm_log_file"
11-27 19:27:45.819   358   358 W auditd  : type=1400 "ipacm""/dev/socket/ipacm_log_file"
11-27 19:27:45.926  1231  1441 W GpsLocationProvider: inject location, lat: 51.53244113334076, lon: 9.934552042380927
11-27 19:27:46.239  1231  1441 W GpsLocationProvider: inject location, lat: 51.5324372579977, lon: 9.93453928465805
11-27 19:27:46.459  1231  4033 D NtpTrustedTime: currentTimeMillis() cache hit
11-27 19:27:46.462  1231  1441 V ActivityManager: killProcessGroupAsync took 0 ms for PID 15281 on thread 14
11-27 19:27:46.466  1231  4033 I TetherStatsReporting: getTetherStats() called NetworkStats: elapsedRealtime=901750
11-27 19:27:46.466  1231  4033 I TetherStatsReporting:   [0] iface=rmnet_data0 uid=0 set=DEFAULT tag=0x0 rxBytes=901 rxPackets=7 txBytes=665 txPackets=10 operations=0
11-27 19:27:46.466  1231  4033 I TetherStatsReporting:   [1] iface=rmnet_data0 uid=0 set=FOREGROUND tag=0x0 rxBytes=0 rxPackets=0 txBytes=0 txPackets=0 operations=0
11-27 19:27:46.466  1231  4033 I TetherStatsReporting:   [2] iface=rmnet_data0 uid=1000 set=DEFAULT tag=0x0 rxBytes=4452 rxPackets=11 txBytes=2256 txPackets=17 operations=0
11-27 19:27:46.466  1231  4033 I TetherStatsReporting:   [3] iface=rmnet_data0 uid=1000 set=FOREGROUND tag=0x0 rxBytes=0 rxPackets=0 txBytes=0 txPackets=0 operations=0
11-27 19:27:46.466  1231  4033 I TetherStatsReporting:   [4] iface=rmnet_data0 uid=10028 set=DEFAULT tag=0x0 rxBytes=844 rxPackets=8 txBytes=1282 txPackets=9 operations=0
11-27 19:27:46.466  1231  4033 I TetherStatsReporting:   [5] iface=rmnet_data0 uid=10028 set=FOREGROUND tag=0x0 rxBytes=0 rxPackets=0 txBytes=0 txPackets=0 operations=0
11-27 19:27:46.466  1231  4033 I TetherStatsReporting:   [6] iface=rmnet_data0 uid=10089 set=DEFAULT tag=0x0 rxBytes=506 rxPackets=7 txBytes=829 txPackets=9 operations=0
11-27 19:27:46.466  1231  4033 I TetherStatsReporting:   [7] iface=rmnet_data0 uid=10089 set=FOREGROUND tag=0x0 rxBytes=0 rxPackets=0 txBytes=0 txPackets=0 operations=0
11-27 19:27:46.466  1231  4033 I TetherStatsReporting:   [8] iface=rmnet_data0 uid=10118 set=DEFAULT tag=0x0 rxBytes=4457 rxPackets=7 txBytes=1330 txPackets=9 operations=0
11-27 19:27:46.466  1231  4033 I TetherStatsReporting:   [9] iface=rmnet_data0 uid=10118 set=FOREGROUND tag=0x0 rxBytes=0 rxPackets=0 txBytes=0 txPackets=0 operations=0
11-27 19:27:46.466  1231  4033 I TetherStatsReporting:   [10] iface=rmnet_data0 uid=1000 set=DEFAULT tag=0x600 rxBytes=4069 rxPackets=6 txBytes=1264 txPackets=8 operations=0
11-27 19:27:46.466  1231  4033 I TetherStatsReporting:   [11] iface=rmnet_data0 uid=1000 set=FOREGROUND tag=0x600 rxBytes=0 rxPackets=0 txBytes=0 txPackets=0 operations=0
11-27 19:27:46.466  1231  4033 I TetherStatsReporting:   [12] iface=rmnet_data0 uid=10118 set=DEFAULT tag=0x12440004 rxBytes=4457 rxPackets=7 txBytes=1330 txPackets=9 operations=0
11-27 19:27:46.466  1231  4033 I TetherStatsReporting:   [13] iface=rmnet_data0 uid=10118 set=FOREGROUND tag=0x12440004 rxBytes=0 rxPackets=0 txBytes=0 txPackets=0 operations=0
11-27 19:27:46.466  1231  4033 I TetherStatsReporting:   [14] iface=wlan0 uid=0 set=DEFAULT tag=0x0 rxBytes=21620 rxPackets=274 txBytes=11343 txPackets=164 operations=0
11-27 19:27:46.466  1231  4033 I TetherStatsReporting:   [15] iface=wlan0 uid=0 set=FOREGROUND tag=0x0 rxBytes=0 rxPackets=0 txBytes=0 txPackets=0 operations=0
11-27 19:27:46.466  1231  4033 I TetherStatsReporting:   [16] iface=wlan0 uid=1000 set=DEFAULT tag=0x0 rxBytes=6918 rxPackets=24 txBytes=4083 txPackets=37 operations=0
11-27 19:27:46.466  1231  4033 I TetherStatsReporting:   [17] iface=wlan0 uid=1000 set=FOREGROUND tag=0x0 rxBytes=0 rxPackets=0 txBytes=0 txPackets=0 operations=0
11-27 19:27:46.466  1231  4033 I TetherStatsReporting:   [18] iface=wlan0 uid=10000 set=DEFAULT tag=0x0 rxBytes=9960 rxPackets=23 txBytes=7839 txPackets=31 operations=0
11-27 19:27:46.466  1231  4033 I TetherStatsReporting:   [19] iface=wlan0 uid=10000 set=FOREGROUND tag=0x0 rxBytes=0 rxPackets=0 txBytes=0 txPackets=0 operations=0
11-27 19:27:46.466  1231  4033 I TetherStatsReporting:   [20] iface=wlan0 uid=10001 set=DEFAULT tag=0x0 rxBytes=8380 rxPackets=13 txBytes=1869 txPackets=18 operations=0
11-27 19:27:46.466  1231  4033 I TetherStatsReporting:   [21] iface=wlan0 uid=10001 set=FOREGROUND tag=0x0 rxBytes=0 rxPackets=0 txBytes=0 txPackets=0 operations=0
11-27 19:27:46.466  1231  4033 I TetherStatsReporting:   [22] iface=wlan0 uid=10010 set=DEFAULT tag=0x0 rxBytes=0 rxPackets=0 txBytes=156 txPackets=3 operations=1
11-27 19:27:46.466  1231  4033 I TetherStatsReporting:   [23] iface=wlan0 uid=10010 set=FOREGROUND tag=0x0 rxBytes=0 rxPackets=0 txBytes=0 txPackets=0 operations=0
11-27 19:27:46.466  1231  4033 I TetherStatsReporting:   [24] iface=wlan0 uid=10012 set=DEFAULT tag=0x0 rxBytes=204204 rxPackets=282 txBytes=87552 txPackets=263 operations=0
11-27 19:27:46.466  1231  4033 I TetherStatsReporting:   [25] iface=wlan0 uid=10012 set=FOREGROUND tag=0x0 rxBytes=4920 rxPackets=16 txBytes=1098 txPackets=9 operations=0
11-27 19:27:46.466  1231  4033 I TetherStatsReporting:   [26] iface=wlan0 uid=10019 set=DEFAULT tag=0x0 rxBytes=80506 rxPackets=120 txBytes=37694 txPackets=133 operations=0
11-27 19:27:46.466  1231  4033 I TetherStatsReporting:   [27] iface=wlan0 uid=10019 set=FOREGROUND tag=0x0 rxBytes=0 rxPackets=0 txBytes=0 txPackets=0 operations=0
11-27 19:27:46.466  1231  4033 I TetherStatsReporting:   [28] iface=wlan0 uid=10024 set=DEFAULT tag=0x0 rxBytes=24181 rxPackets=21 txBytes=1628 txPackets=15 operations=0
11-27 19:27:46.466  1231  4033 I TetherStatsReporting:   [29] iface=wlan0 uid=10024 set=FOREGROUND tag=0x0 rxBytes=0 rxPackets=0 txBytes=0 txPackets=0 operations=0
11-27 19:27:46.466  1231  4033 I TetherStatsReporting:   [30] iface=wlan0 uid=10028 set=DEFAULT tag=0x0 rxBytes=1055 rxPackets=8 txBytes=1539 txPackets=17 operations=0
11-27 19:27:46.466  1231  4033 I TetherStatsReporting:   [31] iface=wlan0 uid=10028 set=FOREGROUND tag=0x0 rxBytes=0 rxPackets=0 txBytes=0 txPackets=0 operations=0
11-27 19:27:46.466  1231  4033 I TetherStatsReporting:   [32] iface=wlan0 uid=10042 set=DEFAULT tag=0x0 rxBytes=35563 rxPackets=69 txBytes=17894 txPackets=89 operations=0
11-27 19:27:46.466  1231  4033 I TetherStatsReporting:   [33] iface=wlan0 uid=10042 set=FOREGROUND tag=0x0 rxBytes=0 rxPackets=0 txBytes=0 txPackets=0 operations=0
11-27 19:27:46.466  1231  4033 I TetherStatsReporting:   [34] iface=wlan0 uid=10044 set=DEFAULT tag=0x0 rxBytes=60 rxPackets=1 txBytes=164 txPackets=3 operations=0
11-27 19:27:46.466  1231  4033 I TetherStatsReporting:   [35] iface=wlan0 uid
11-27 19:27:46.466  1231  4033 I TetherStatsReporting: combining tether stats
11-27 19:27:46.467  4813  4857 D QtiTetherService/IpaWrapper: getStats(false)
11-27 19:27:46.539  1231  4843 I ActivityManager: Process de.schildbach.wallet (pid 15281) has died
11-27 19:27:46.540  1231  1441 W GpsLocationProvider: inject location, lat: 51.532450424671474, lon: 9.934541386200001
11-27 19:27:46.563  1231  5238 I ActivityManager: Process com.google.android.apps.photos (pid 15238) has died
11-27 19:27:46.564  1231  1441 V ActivityManager: killProcessGroupAsync took 0 ms for PID 15238 on thread 14
11-27 19:27:46.568  1231  4033 D NtpTrustedTime: currentTimeMillis() cache hit
11-27 19:27:46.569  1231  4035 D NtpTrustedTime: currentTimeMillis() cache hit
11-27 19:27:46.569  1231  4035 D NtpTrustedTime: currentTimeMillis() cache hit
11-27 19:27:46.621  1231  1240 I art     : Background sticky concurrent mark sweep GC freed 187796(11MB) AllocSpace objects, 162(3MB) LOS objects, 29% free, 35MB/50MB, paused 1.833ms total 152.432ms
11-27 19:27:46.834 19128 19331 D com.marianhello.bgloc.data.sqlite.SQLiteConfigurationDAO: Configuration persisted with rowId = 1
11-27 19:27:46.836 19128 19331 I com.tenforwardconsulting.cordova.BackgroundGeolocationPlugin: Starting bg service
11-27 19:27:46.861  1231  1441 W GpsLocationProvider: inject location, lat: 51.532439541018114, lon: 9.934549088398807
11-27 19:27:46.865 19128 19331 I com.tenforwardconsulting.cordova.BackgroundGeolocationPlugin: Binding to bg service
11-27 19:27:46.872 19128 19128 I com.marianhello.bgloc.LocationService: Creating LocationService
11-27 19:27:46.935  1231  4242 W AccountManagerService: insertAccountIntoDatabase: Account {name=dummy, type=de.fpo.greencity.account}, skipping since the account already exists
11-27 19:27:46.938 19128 19128 I com.marianhello.bgloc.LocationService: Received start startId: 1 intent: Intent { flg=0x4 cmp=de.fpo.greencity/com.marianhello.bgloc.LocationService (has extras) }
11-27 19:27:46.939 19128 19601 I com.marianhello.bgloc.LocationService: Network condition changed hasConnectivity: true
11-27 19:27:46.945 19128 19128 D com.marianhello.bgloc.LocationService: Will start service with: Config[distanceFilter=1 stationaryRadius=1.0 desiredAccuracy=0 interval=5000 fastestInterval=120000 activitiesInterval=10000 isDebugging=false stopOnTerminate=true stopOnStillActivity=true startOnBoot=false startForeground=true locationProvider=0 nTitle=Background tracking nText=ENABLED nIconLarge=null nIconSmall=null nIconColor=null url= syncUrl= syncThreshold=100 httpHeaders={} maxLocations=10000]
11-27 19:27:46.961   455  4477 D APM-AudioPolicyManager: getOutput() device 2, stream 5, samplingRate 0, format 0, channelMask 3, flags 0
11-27 19:27:46.961   455  4477 D AudioPolicyManagerCustom: getOutput() The last flag  8
11-27 19:27:46.961   455  4477 D AudioPolicyManagerCustom: getOutputForDevice() returns output 6
11-27 19:27:46.961 19128 19128 D AudioTrack: set(): streamType 5, sampleRate 48000, format 0x1, channelMask 0x1, frameCount 0, flags #4, notificationFrames 0, sessionId 0, transferType 1, uid -1, pid -1
11-27 19:27:46.962   455   455 D AudioPolicyManagerCustom: getOutput() The last flag  4
11-27 19:27:46.962   455   455 D AudioPolicyManagerCustom: getOutputForDevice() returns output 2
11-27 19:27:46.963   455  4477 D AudioFlinger: AudioOut_2 createTrack_l() stmType 5,typeVolume 1.000000,fc 384,sId 40, flags 2
11-27 19:27:46.963   455  4477 D AudioFlinger: Creating track with 1024 buffers bytes.format 1,mFrameSize 2,mFrameCount 384
11-27 19:27:46.965 19128 19128 I com.tenforwardconsulting.bgloc.DistanceFilterLocationProvider: Creating DistanceFilterLocationProvider
11-27 19:27:46.995 19128 19128 I com.tenforwardconsulting.bgloc.DistanceFilterLocationProvider: Start recording
11-27 19:27:47.019 19128 19128 I com.tenforwardconsulting.bgloc.DistanceFilterLocationProvider: Setting pace: false
11-27 19:27:47.048  1231  4843 E LocationManagerService: request location: pid=19128, uid=10565, provider=passive, package=de.fpo.greencity
11-27 19:27:47.050  1231  4880 E LocationManagerService: request location: pid=19128, uid=10565, provider=gps, package=de.fpo.greencity
11-27 19:27:47.051  1231  5242 E LocationManagerService: request location: pid=19128, uid=10565, provider=network, package=de.fpo.greencity
11-27 19:27:47.152 19128 19128 D com.tenforwardconsulting.bgloc.DistanceFilterLocationProvider: Location change: Location[network 51,532431,9,934539 acc=5 et=+15m2s440ms alt=158.3542938232422 vel=0.60754496 mock {Bundle[mParcelledData.dataSize=456]}] isMoving=false
11-27 19:27:47.172  1231  1441 W GpsLocationProvider: inject location, lat: 51.53243141023719, lon: 9.934538521082288
11-27 19:27:47.176 19128 19128 D com.tenforwardconsulting.bgloc.DistanceFilterLocationProvider: Location change: Location[network 51,532431,9,934539 acc=5 et=+15m2s440ms alt=158.3542938232422 vel=0.60754496 mock {Bundle[mParcelledData.dataSize=456]}] isMoving=false
11-27 19:27:47.191 19128 19128 D com.tenforwardconsulting.bgloc.DistanceFilterLocationProvider: Location change: Location[gps 51,532346,9,934485 acc=2 et=+15m2s441ms alt=160.86619567871094 vel=0.46633273 mock] isMoving=false
11-27 19:27:47.204 19128 19128 D com.tenforwardconsulting.bgloc.DistanceFilterLocationProvider: Location change: Location[gps 51,532346,9,934485 acc=2 et=+15m2s441ms alt=160.86619567871094 vel=0.46633273 mock {Bundle[mParcelledData.dataSize=456]}] isMoving=false
11-27 19:27:47.453 19128 19128 D com.tenforwardconsulting.bgloc.DistanceFilterLocationProvider: Location change: Location[network 51,532444,9,934543 acc=4 et=+15m2s742ms alt=158.94923400878906 vel=0.35171974 mock {Bundle[mParcelledData.dataSize=456]}] isMoving=false
11-27 19:27:47.456  1231  1441 W GpsLocationProvider: inject location, lat: 51.53244393952917, lon: 9.934543081194045
11-27 19:27:47.475 19128 19128 I com.tenforwardconsulting.bgloc.DistanceFilterLocationProvider: startMonitoringStationaryRegion: lat=51.53234613322233 lon=9.934485160203092 acy=1.5950472
11-27 19:27:47.491  1231  1231 E LocationManagerService: request location: pid=1231, uid=1000, provider=fused, package=android
11-27 19:27:47.495 19128 19128 D com.marianhello.bgloc.LocationService: New location BGLocation[network 51,532444,9,934543 id=null acc=4 t=1480271267286 et=+15m2s742ms alt=158.94923400878906 vel=0.35171974 mock {Bundle[mParcelledData.dataSize=456]} locprov=0]
11-27 19:27:47.516 19128 19128 D com.marianhello.bgloc.LocationService: Persisted location: BGLocation[network 51,532444,9,934543 id=271 acc=4 t=1480271267286 et=+15m2s742ms alt=158.94923400878906 vel=0.35171974 mock {Bundle[mParcelledData.dataSize=456]} locprov=0]
11-27 19:27:47.542 19128 19212 D com.tenforwardconsulting.cordova.BackgroundGeolocationPlugin: Sending location to webview
11-27 19:27:47.545 19128 19128 D com.tenforwardconsulting.bgloc.DistanceFilterLocationProvider: Location change: Location[network 51,532444,9,934543 acc=4 et=+15m2s742ms alt=158.94923400878906 vel=0.35171974 mock {Bundle[mParcelledData.dataSize=456]}] isMoving=false
11-27 19:27:47.556 19128 19128 D com.tenforwardconsulting.bgloc.DistanceFilterLocationProvider: Location change: Location[gps 51,532353,9,934496 acc=4 et=+15m2s743ms alt=159.41514587402344 vel=0.08586904 mock] isMoving=false
11-27 19:27:47.564 19128 19128 D com.tenforwardconsulting.bgloc.DistanceFilterLocationProvider: Location change: Location[gps 51,532353,9,934496 acc=4 et=+15m2s743ms alt=159.41514587402344 vel=0.08586904 mock {Bundle[mParcelledData.dataSize=456]}] isMoving=false
11-27 19:27:47.705  1231  4033 D NtpTrustedTime: currentTimeMillis() cache hit
11-27 19:27:47.713  1231  4033 I TetherStatsReporting: getTetherStats() called NetworkStats: elapsedRealtime=902996
11-27 19:27:47.713  1231  4033 I TetherStatsReporting:   [0] iface=rmnet_data0 uid=0 set=DEFAULT tag=0x0 rxBytes=901 rxPackets=7 txBytes=665 txPackets=10 operations=0
11-27 19:27:47.713  1231  4033 I TetherStatsReporting:   [1] iface=rmnet_data0 uid=0 set=FOREGROUND tag=0x0 rxBytes=0 rxPackets=0 txBytes=0 txPackets=0 operations=0
11-27 19:27:47.713  1231  4033 I TetherStatsReporting:   [2] iface=rmnet_data0 uid=1000 set=DEFAULT tag=0x0 rxBytes=4452 rxPackets=11 txBytes=2256 txPackets=17 operations=0
11-27 19:27:47.713  1231  4033 I TetherStatsReporting:   [3] iface=rmnet_data0 uid=1000 set=FOREGROUND tag=0x0 rxBytes=0 rxPackets=0 txBytes=0 txPackets=0 operations=0
11-27 19:27:47.713  1231  4033 I TetherStatsReporting:   [4] iface=rmnet_data0 uid=10028 set=DEFAULT tag=0x0 rxBytes=844 rxPackets=8 txBytes=1282 txPackets=9 operations=0
11-27 19:27:47.713  1231  4033 I TetherStatsReporting:   [5] iface=rmnet_data0 uid=10028 set=FOREGROUND tag=0x0 rxBytes=0 rxPackets=0 txBytes=0 txPackets=0 operations=0
11-27 19:27:47.713  1231  4033 I TetherStatsReporting:   [6] iface=rmnet_data0 uid=10089 set=DEFAULT tag=0x0 rxBytes=506 rxPackets=7 txBytes=829 txPackets=9 operations=0
11-27 19:27:47.713  1231  4033 I TetherStatsReporting:   [7] iface=rmnet_data0 uid=10089 set=FOREGROUND tag=0x0 rxBytes=0 rxPackets=0 txBytes=0 txPackets=0 operations=0
11-27 19:27:47.713  1231  4033 I TetherStatsReporting:   [8] iface=rmnet_data0 uid=10118 set=DEFAULT tag=0x0 rxBytes=4457 rxPackets=7 txBytes=1330 txPackets=9 operations=0
11-27 19:27:47.713  1231  4033 I TetherStatsReporting:   [9] iface=rmnet_data0 uid=10118 set=FOREGROUND tag=0x0 rxBytes=0 rxPackets=0 txBytes=0 txPackets=0 operations=0
11-27 19:27:47.713  1231  4033 I TetherStatsReporting:   [10] iface=rmnet_data0 uid=1000 set=DEFAULT tag=0x600 rxBytes=4069 rxPackets=6 txBytes=1264 txPackets=8 operations=0
11-27 19:27:47.713  1231  4033 I TetherStatsReporting:   [11] iface=rmnet_data0 uid=1000 set=FOREGROUND tag=0x600 rxBytes=0 rxPackets=0 txBytes=0 txPackets=0 operations=0
11-27 19:27:47.713  1231  4033 I TetherStatsReporting:   [12] iface=rmnet_data0 uid=10118 set=DEFAULT tag=0x12440004 rxBytes=4457 rxPackets=7 txBytes=1330 txPackets=9 operations=0
11-27 19:27:47.713  1231  4033 I TetherStatsReporting:   [13] iface=rmnet_data0 uid=10118 set=FOREGROUND tag=0x12440004 rxBytes=0 rxPackets=0 txBytes=0 txPackets=0 operations=0
11-27 19:27:47.713  1231  4033 I TetherStatsReporting:   [14] iface=wlan0 uid=0 set=DEFAULT tag=0x0 rxBytes=21620 rxPackets=274 txBytes=11343 txPackets=164 operations=0
11-27 19:27:47.713  1231  4033 I TetherStatsReporting:   [15] iface=wlan0 uid=0 set=FOREGROUND tag=0x0 rxBytes=0 rxPackets=0 txBytes=0 txPackets=0 operations=0
11-27 19:27:47.713  1231  4033 I TetherStatsReporting:   [16] iface=wlan0 uid=1000 set=DEFAULT tag=0x0 rxBytes=6918 rxPackets=24 txBytes=4083 txPackets=37 operations=0
11-27 19:27:47.713  1231  4033 I TetherStatsReporting:   [17] iface=wlan0 uid=1000 set=FOREGROUND tag=0x0 rxBytes=0 rxPackets=0 txBytes=0 txPackets=0 operations=0
11-27 19:27:47.713  1231  4033 I TetherStatsReporting:   [18] iface=wlan0 uid=10000 set=DEFAULT tag=0x0 rxBytes=9960 rxPackets=23 txBytes=7839 txPackets=31 operations=0
11-27 19:27:47.713  1231  4033 I TetherStatsReporting:   [19] iface=wlan0 uid=10000 set=FOREGROUND tag=0x0 rxBytes=0 rxPackets=0 txBytes=0 txPackets=0 operations=0
11-27 19:27:47.713  1231  4033 I TetherStatsReporting:   [20] iface=wlan0 uid=10001 set=DEFAULT tag=0x0 rxBytes=8380 rxPackets=13 txBytes=1869 txPackets=18 operations=0
11-27 19:27:47.713  1231  4033 I TetherStatsReporting:   [21] iface=wlan0 uid=10001 set=FOREGROUND tag=0x0 rxBytes=0 rxPackets=0 txBytes=0 txPackets=0 operations=0
11-27 19:27:47.713  1231  4033 I TetherStatsReporting:   [22] iface=wlan0 uid=10010 set=DEFAULT tag=0x0 rxBytes=0 rxPackets=0 txBytes=156 txPackets=3 operations=1
11-27 19:27:47.713  1231  4033 I TetherStatsReporting:   [23] iface=wlan0 uid=10010 set=FOREGROUND tag=0x0 rxBytes=0 rxPackets=0 txBytes=0 txPackets=0 operations=0
11-27 19:27:47.713  1231  4033 I TetherStatsReporting:   [24] iface=wlan0 uid=10012 set=DEFAULT tag=0x0 rxBytes=204204 rxPackets=282 txBytes=87552 txPackets=263 operations=0
11-27 19:27:47.713  1231  4033 I TetherStatsReporting:   [25] iface=wlan0 uid=10012 set=FOREGROUND tag=0x0 rxBytes=4920 rxPackets=16 txBytes=1098 txPackets=9 operations=0
