11-27 18:55:39.850  1202  3986 D WifiService: Client connection lost with reason: 4
11-27 18:55:39.850  1202  4874 I ActivityManager: Process com.google.android.googlequicksearchbox:search (pid 11666) has died
11-27 18:55:39.850  1202  1367 V ActivityManager: killProcessGroupAsync took 0 ms for PID 11666 on thread 14
11-27 18:55:39.859  1202  4851 I ActivityManager: Process com.google.process.gapps (pid 11605) has died
11-27 18:55:39.863  1202  1367 V ActivityManager: killProcessGroupAsync took 0 ms for PID 11605 on thread 14
11-27 18:55:40.543  1202  5587 I ActivityManager: Process com.google.android.gms (pid 11846) has died
11-27 18:55:40.543  1202  1367 V ActivityManager: killProcessGroupAsync took 0 ms for PID 11846 on thread 14
11-27 18:55:40.543  1202  5587 W ActivityManager: Scheduling restart of crashed service com.google.android.gms/com.google.android.location.places.service.GeoDataService in 35297ms
11-27 18:55:40.556  1202  6083 W libprocessgroup: failed to kill pid 11846: No such process
11-27 18:55:40.560  1202  5301 I ActivityManager: Process com.tinder (pid 13950) has died
11-27 18:55:40.563  1202  1367 V ActivityManager: killProcessGroupAsync took 0 ms for PID 13950 on thread 14
11-27 18:55:40.652  1202  4874 I ActivityManager: Start proc 15076:com.google.android.gms/u0a12 for service com.google.android.gms/com.google.android.location.places.service.GeoDataService
11-27 18:55:41.133  1202  1213 I ActivityManager: Start proc 15096:com.google.process.gapps/u0a12 for content provider com.google.android.gsf/.gservices.GservicesProvider
11-27 18:55:41.923 15076 15088 I ActivityThread: Removing dead content provider:android.content.ContentProviderProxy@c5b7f34
11-27 18:55:41.932  1202  4159 I ActivityManager: Process com.google.process.gapps (pid 15096) early provider death
11-27 18:55:41.934  1202  4159 I ActivityManager: Process com.google.process.gapps (pid 15096) has died
11-27 18:55:41.935  1202  1367 V ActivityManager: killProcessGroupAsync took 1 ms for PID 15096 on thread 14
11-27 18:55:41.951  1202  1213 I ActivityManager: Start proc 15114:com.google.process.gapps/u0a12 for content provider com.google.android.gsf/.gservices.GservicesProvider
11-27 18:55:42.070  1202  4886 I ActivityManager: Process com.google.android.apps.messaging:rcs (pid 12170) has died
11-27 18:55:42.070  1202  4886 W ActivityManager: Scheduling restart of crashed service com.google.android.apps.messaging/com.google.android.rcs.service.service.JibeService in 33770ms
11-27 18:55:42.073  1202  3986 D WifiService: Client connection lost with reason: 4
11-27 18:55:42.074  1202  4874 I ActivityManager: Process net.oneplus.odm (pid 12384) has died
11-27 18:55:42.074  1202  4874 W ActivityManager: Scheduling restart of crashed service net.oneplus.odm/.insight.OneplusAnalyticsJobService in 43766ms
11-27 18:55:42.074  1202  4874 W ActivityManager: Scheduling restart of crashed service net.oneplus.odm/.DeviceManagerService in 53766ms
11-27 18:55:42.081  1202  1367 V ActivityManager: killProcessGroupAsync took 10 ms for PID 12170 on thread 14
11-27 18:55:42.082  1202  1367 V ActivityManager: killProcessGroupAsync took 0 ms for PID 12384 on thread 14
11-27 18:55:42.110  1202  4159 I ActivityManager: Process com.whatsapp (pid 12626) has died
11-27 18:55:42.110  1202  1367 V ActivityManager: killProcessGroupAsync took 0 ms for PID 12626 on thread 14
11-27 18:55:42.110  1202  4159 W ActivityManager: Scheduling restart of crashed service com.whatsapp/.messaging.MessageService in 63730ms
11-27 18:55:42.149  1202  5587 I ActivityManager: Process com.android.engineeringmode (pid 12750) has died
11-27 18:55:42.150  1202  1367 V ActivityManager: killProcessGroupAsync took 0 ms for PID 12750 on thread 14
11-27 18:55:42.150  1202  5587 W ActivityManager: Scheduling restart of crashed service com.android.engineeringmode/.nvbackup.NVBackupStatusService in 73690ms
11-27 18:55:42.190  1202  5335 I ActivityManager: Process com.qualcomm.qti.modemtestmode (pid 12531) has died
11-27 18:55:42.191  1202  1367 V ActivityManager: killProcessGroupAsync took 1 ms for PID 12531 on thread 14
11-27 18:55:42.192  1202  5335 W ActivityManager: Scheduling restart of crashed service com.qualcomm.qti.modemtestmode/.MbnSystemService in 83649ms
11-27 18:55:42.211  1202  1213 I ActivityManager: Process com.google.process.gapps (pid 15114) has died
11-27 18:55:42.212 15076 15076 I ActivityThread: Removing dead content provider:android.content.ContentProviderProxy@6d08ad2
11-27 18:55:42.212  1202  1367 V ActivityManager: killProcessGroupAsync took 1 ms for PID 15114 on thread 14
11-27 18:55:42.226  1202  4739 I ActivityManager: Start proc 15134:com.google.process.gapps/u0a12 for content provider com.google.android.gsf/.gservices.GservicesProvider
11-27 18:55:42.250  1202  1212 I ActivityManager: Process com.qualcomm.telephony (pid 12815) has died
11-27 18:55:42.250  1202  1212 W ActivityManager: Scheduling restart of crashed service com.qualcomm.simcontacts/.SimContactsService in 93590ms
11-27 18:55:42.251  1202  1367 V ActivityManager: killProcessGroupAsync took 0 ms for PID 12815 on thread 14
11-27 18:55:42.254  1202  5587 I ActivityManager: Process org.telegram.messenger (pid 11526) has died
11-27 18:55:42.254  1202  5587 W ActivityManager: Scheduling restart of crashed service org.telegram.messenger/.NotificationsService in 103586ms
11-27 18:55:42.257  1202  1367 V ActivityManager: killProcessGroupAsync took 0 ms for PID 11526 on thread 14
11-27 18:55:42.325  1202  4177 I ActivityManager: Process com.android.launcher3 (pid 11508) has died
11-27 18:55:42.325  1202  1367 V ActivityManager: killProcessGroupAsync took 0 ms for PID 11508 on thread 14
11-27 18:55:42.392  1202  5586 I WindowState: WIN DEATH: Window{bafb0c3 u0 com.android.launcher3/com.android.launcher3.Launcher}
11-27 18:55:42.512  1202  4177 I ActivityManager: Start proc 15147:com.android.launcher3/1000 for activity
11-27 18:55:42.560  1202  5604 I ActivityManager: Process com.google.process.gapps (pid 15134) has died
11-27 18:55:42.560 15076 15088 I ActivityThread: Removing dead content provider:android.content.ContentProviderProxy@fcb5aa0
11-27 18:55:42.560  1202  1367 V ActivityManager: killProcessGroupAsync took 0 ms for PID 15134 on thread 14
11-27 18:55:42.573  1202  4851 I ActivityManager: Start proc 15162:com.google.process.gapps/u0a12 for content provider com.google.android.gsf/.gservices.GservicesProvider
11-27 18:55:42.709  1202  4739 I ActivityManager: Process com.google.process.gapps (pid 15162) has died
11-27 18:55:42.709  1202  1367 V ActivityManager: killProcessGroupAsync took 0 ms for PID 15162 on thread 14
11-27 18:55:42.746  1202  4879 I ActivityManager: Start proc 15178:com.google.process.gapps/u0a12 for content provider com.google.android.gsf/.gservices.GservicesProvider
11-27 18:55:42.870  1202  5335 I ActivityManager: Process com.google.process.gapps (pid 15178) has died
11-27 18:55:42.870  1202  1367 V ActivityManager: killProcessGroupAsync took 0 ms for PID 15178 on thread 14
11-27 18:55:42.887  1202  1213 I ActivityManager: Start proc 15194:com.google.process.gapps/u0a12 for content provider com.google.android.gsf/.gservices.GservicesProvider
11-27 18:55:43.013  1202  5587 I ActivityManager: Process com.google.process.gapps (pid 15194) has died
11-27 18:55:43.015  1202  1367 V ActivityManager: killProcessGroupAsync took 0 ms for PID 15194 on thread 14
11-27 18:55:43.119  1202  4874 I ActivityManager: Process android.process.media (pid 13111) has died
11-27 18:55:43.120  1202  1367 V ActivityManager: killProcessGroupAsync took 0 ms for PID 13111 on thread 14
11-27 18:55:43.122  1202  4874 W ActivityManager: Scheduling restart of crashed service com.android.providers.media/.MtpService in 497734ms
11-27 18:55:43.160  1202  1213 I ActivityManager: Process android.process.acore (pid 11589) has died
11-27 18:55:43.160  1202  1367 V ActivityManager: killProcessGroupAsync took 1 ms for PID 11589 on thread 14
11-27 18:55:43.170  1202  4159 I ActivityManager: Process com.android.dialer (pid 13022) has died
11-27 18:55:43.170  1202  4159 W ActivityManager: Scheduling restart of crashed service com.android.dialer/com.oneplus.dialer.OPDialerPersistService in 112670ms
11-27 18:55:43.170  1202  1367 V ActivityManager: killProcessGroupAsync took 0 ms for PID 13022 on thread 14
11-27 18:55:43.200  1202  5588 I ActivityManager: Process net.oneplus.odm.provider (pid 11651) has died
11-27 18:55:43.200  1202  1367 V ActivityManager: killProcessGroupAsync took 0 ms for PID 11651 on thread 14
11-27 18:55:43.686  1202  5335 I ActivityManager: Process com.lexa.fakegps (pid 12948) has died
11-27 18:55:43.687  1202  1367 V ActivityManager: killProcessGroupAsync took 0 ms for PID 12948 on thread 14
11-27 18:55:43.690  1202  5335 W ActivityManager: Scheduling restart of crashed service com.lexa.fakegps/.FakeGPSService in 122151ms
11-27 18:55:44.281  1202  5492 I ActivityManager: Process com.google.android.inputmethod.latin (pid 11726) has died
11-27 18:55:44.281  1202  1367 V ActivityManager: killProcessGroupAsync took 0 ms for PID 11726 on thread 14
11-27 18:55:44.283  1202  5492 W ActivityManager: Scheduling restart of crashed service com.google.android.inputmethod.latin/com.android.inputmethod.latin.LatinIME in 131558ms
11-27 18:55:44.337  1202  1202 W InputMethodManagerService: Session failed to close due to remote exception
11-27 18:55:44.337  1202  1202 W InputMethodManagerService: android.os.DeadObjectException
11-27 18:55:44.337  1202  1202 W InputMethodManagerService: 	at android.os.BinderProxy.transactNative(Native Method)
11-27 18:55:44.337  1202  1202 W InputMethodManagerService: 	at android.os.BinderProxy.transact(Binder.java:527)
11-27 18:55:44.337  1202  1202 W InputMethodManagerService: 	at com.android.internal.view.IInputMethodSession$Stub$Proxy.finishSession(IInputMethodSession.java:305)
11-27 18:55:44.337  1202  1202 W InputMethodManagerService: 	at com.android.server.InputMethodManagerService.finishSessionLocked(InputMethodManagerService.java:1706)
11-27 18:55:44.337  1202  1202 W InputMethodManagerService: 	at com.android.server.InputMethodManagerService.clearClientSessionLocked(InputMethodManagerService.java:1697)
11-27 18:55:44.337  1202  1202 W InputMethodManagerService: 	at com.android.server.InputMethodManagerService.clearCurMethodLocked(InputMethodManagerService.java:1723)
11-27 18:55:44.337  1202  1202 W InputMethodManagerService: 	at com.android.server.InputMethodManagerService.onServiceDisconnected(InputMethodManagerService.java:1742)
11-27 18:55:44.337  1202  1202 W InputMethodManagerService: 	at android.app.LoadedApk$ServiceDispatcher.doDeath(LoadedApk.java:1256)
11-27 18:55:44.337  1202  1202 W InputMethodManagerService: 	at android.app.LoadedApk$ServiceDispatcher$RunConnection.run(LoadedApk.java:1270)
11-27 18:55:44.337  1202  1202 W InputMethodManagerService: 	at android.os.Handler.handleCallback(Handler.java:739)
11-27 18:55:44.337  1202  1202 W InputMethodManagerService: 	at android.os.Handler.dispatchMessage(Handler.java:95)
11-27 18:55:44.337  1202  1202 W InputMethodManagerService: 	at android.os.Looper.loop(Looper.java:152)
11-27 18:55:44.337  1202  1202 W InputMethodManagerService: 	at com.android.server.SystemServer.run(SystemServer.java:286)
11-27 18:55:44.337  1202  1202 W InputMethodManagerService: 	at com.android.server.SystemServer.main(SystemServer.java:171)
11-27 18:55:44.337  1202  1202 W InputMethodManagerService: 	at java.lang.reflect.Method.invoke(Native Method)
11-27 18:55:44.337  1202  1202 W InputMethodManagerService: 	at com.android.internal.os.ZygoteInit$MethodAndArgsCaller.run(ZygoteInit.java:726)
11-27 18:55:44.337  1202  1202 W InputMethodManagerService: 	at com.android.internal.os.ZygoteInit.main(ZygoteInit.java:616)
11-27 18:55:44.341  1202  1202 W InputMethodManagerService: Session failed to close due to remote exception
11-27 18:55:44.341  1202  1202 W InputMethodManagerService: android.os.DeadObjectException
11-27 18:55:44.341  1202  1202 W InputMethodManagerService: 	at android.os.BinderProxy.transactNative(Native Method)
11-27 18:55:44.341  1202  1202 W InputMethodManagerService: 	at android.os.BinderProxy.transact(Binder.java:527)
11-27 18:55:44.341  1202  1202 W InputMethodManagerService: 	at com.android.internal.view.IInputMethodSession$Stub$Proxy.finishSession(IInputMethodSession.java:305)
11-27 18:55:44.341  1202  1202 W InputMethodManagerService: 	at com.android.server.InputMethodManagerService.finishSessionLocked(InputMethodManagerService.java:1706)
11-27 18:55:44.341  1202  1202 W InputMethodManagerService: 	at com.android.server.InputMethodManagerService.clearClientSessionLocked(InputMethodManagerService.java:1697)
11-27 18:55:44.341  1202  1202 W InputMethodManagerService: 	at com.android.server.InputMethodManagerService.clearCurMethodLocked(InputMethodManagerService.java:1723)
11-27 18:55:44.341  1202  1202 W InputMethodManagerService: 	at com.android.server.InputMethodManagerService.onServiceDisconnected(InputMethodManagerService.java:1742)
11-27 18:55:44.341  1202  1202 W InputMethodManagerService: 	at android.app.LoadedApk$ServiceDispatcher.doDeath(LoadedApk.java:1256)
11-27 18:55:44.341  1202  1202 W InputMethodManagerService: 	at android.app.LoadedApk$ServiceDispatcher$RunConnection.run(LoadedApk.java:1270)
11-27 18:55:44.341  1202  1202 W InputMethodManagerService: 	at android.os.Handler.handleCallback(Handler.java:739)
11-27 18:55:44.341  1202  1202 W InputMethodManagerService: 	at android.os.Handler.dispatchMessage(Handler.java:95)
11-27 18:55:44.341  1202  1202 W InputMethodManagerService: 	at android.os.Looper.loop(Looper.java:152)
11-27 18:55:44.341  1202  1202 W InputMethodManagerService: 	at com.android.server.SystemServer.run(SystemServer.java:286)
11-27 18:55:44.341  1202  1202 W InputMethodManagerService: 	at com.android.server.SystemServer.main(SystemServer.java:171)
11-27 18:55:44.341  1202  1202 W InputMethodManagerService: 	at java.lang.reflect.Method.invoke(Native Method)
11-27 18:55:44.341  1202  1202 W InputMethodManagerService: 	at com.android.internal.os.ZygoteInit$MethodAndArgsCaller.run(ZygoteInit.java:726)
11-27 18:55:44.341  1202  1202 W InputMethodManagerService: 	at com.android.internal.os.ZygoteInit.main(ZygoteInit.java:616)
11-27 18:55:44.928  1202  4159 I ActivityManager: Process com.google.android.gms.persistent (pid 11553) has died
11-27 18:55:44.929  1202  3986 D WifiService: Client connection lost with reason: 4
11-27 18:55:44.932  1202  4159 W ActivityManager: Scheduling restart of crashed service com.google.android.gms/com.google.android.location.geocode.GeocodeService in 140910ms
11-27 18:55:44.932  1202  4159 W ActivityManager: Scheduling restart of crashed service com.google.android.gms/com.google.android.location.places.service.PlaceDetectionService in 150909ms
11-27 18:55:44.932  1202  1367 V ActivityManager: killProcessGroupAsync took 1 ms for PID 11553 on thread 14
11-27 18:55:44.932  1202  4159 W ActivityManager: Scheduling restart of crashed service com.google.android.gms/.auth.setup.devicesignals.LockScreenService in 160909ms
11-27 18:55:44.932  1202  4159 W ActivityManager: Scheduling restart of crashed service com.google.android.gms/com.google.location.nearby.direct.service.NearbyDirectService in 170909ms
11-27 18:55:44.933  1202  4159 W ActivityManager: Scheduling restart of crashed service com.google.android.gms/com.google.android.location.internal.server.GoogleLocationService in 170908ms
11-27 18:55:44.933  1202  4159 W ActivityManager: Scheduling restart of crashed service com.google.android.gms/.gcm.GcmService in 180908ms
11-27 18:55:44.933  1202  4159 W ActivityManager: Scheduling restart of crashed service com.google.android.gms/.deviceconnection.service.DeviceConnectionServiceBroker in 190908ms
11-27 18:55:44.933  1202  4159 W ActivityManager: Scheduling restart of crashed service com.google.android.gms/.common.stats.GmsCoreStatsService in 200908ms
11-27 18:55:44.933  1202  4159 W ActivityManager: Scheduling restart of crashed service com.google.android.gms/com.google.android.location.network.NetworkLocationService in 210908ms
11-27 18:55:44.933  1202  4159 W ActivityManager: Scheduling restart of crashed service com.google.android.gms/com.google.android.contextmanager.service.ContextManagerService in 220908ms
11-27 18:55:44.934  1202  4159 W ActivityManager: Scheduling restart of crashed service com.google.android.gms/com.google.android.location.geofencer.service.GeofenceProviderService in 230908ms
11-27 18:55:44.934  1202  4159 W ActivityManager: Scheduling restart of crashed service com.google.android.gms/com.google.android.location.reporting.service.DispatchingService in 240907ms
11-27 18:55:44.934  1202  4159 W ActivityManager: Scheduling restart of crashed service com.google.android.gms/.auth.trustagent.GoogleTrustAgent in 240907ms
11-27 18:55:44.934  1202  4159 W ActivityManager: Scheduling restart of crashed service com.google.android.gms/com.google.android.location.internal.GoogleLocationManagerService in 250907ms
11-27 18:55:44.934  1202  4159 W ActivityManager: Scheduling restart of crashed service com.google.android.gms/.fitness.service.recording.FitRecordingBroker in 260907ms
11-27 18:55:44.934  1202  4159 W ActivityManager: Scheduling restart of crashed service com.google.android.gms/.nearby.discovery.service.ScreenOnListenerService in 270907ms
11-27 18:55:44.934  1202  4159 W ActivityManager: Scheduling restart of crashed service com.google.android.gms/com.google.android.location.fused.service.FusedProviderService in 280907ms
11-27 18:55:44.934  1202  4159 W ActivityManager: Scheduling restart of crashed service com.google.android.gms/.nearby.messages.service.NearbyMessagesService in 290907ms
11-27 18:55:44.934  1202  4159 W ActivityManager: Scheduling restart of crashed service com.google.android.gms/com.google.android.location.internal.PendingIntentCallbackService in 300907ms
11-27 18:55:44.934  1202  4159 W ActivityManager: Scheduling restart of crashed service com.google.android.gms/com.google.android.location.internal.server.HardwareArProviderService in 300907ms
11-27 18:55:44.934  1202  4159 W ActivityManager: Scheduling restart of crashed service com.google.android.gms/com.google.android.location.fused.FusedLocationService in 310907ms
11-27 18:55:44.953  1202  4054 D RttService: Client connection lost with reason: 4
11-27 18:55:44.953  1202  4054 D RttService: closing client android.os.Messenger@6655883
11-27 18:55:45.560  1202  5604 I ActivityManager: Process com.google.android.gms (pid 15076) has died
11-27 18:55:45.560  1202  1367 V ActivityManager: killProcessGroupAsync took 0 ms for PID 15076 on thread 14
11-27 18:55:45.877  1202  1389 I ActivityManager: Start proc 15227:com.qti.service.colorservice/1000 for service com.qti.service.colorservice/.ColorServiceApp
11-27 18:55:45.910  1202  5586 I ActivityManager: Process com.fitbit.FitbitMobile (pid 13062) has died
11-27 18:55:45.910  1202  5586 W ActivityManager: Scheduling restart of crashed service com.fitbit.FitbitMobile/com.fitbit.dncs.observers.AllAppNotificationListenerService in 1000ms
11-27 18:55:45.911  1202  1367 V ActivityManager: killProcessGroupAsync took 0 ms for PID 13062 on thread 14
11-27 18:55:45.913  1202  1202 V NotificationListeners: notification listener connection lost: ComponentInfo{com.fitbit.FitbitMobile/com.fitbit.dncs.observers.AllAppNotificationListenerService}
11-27 18:55:46.027  1202  7123 I ActivityManager: Start proc 15240:com.google.android.gms.persistent/u0a12 for service com.google.android.gms/com.google.android.location.network.NetworkLocationService
11-27 18:55:46.119  1202  5586 I ActivityManager: Process com.qti.service.colorservice (pid 15227) has died
11-27 18:55:46.120  1202  5586 W ActivityManager: Scheduling restart of crashed service com.qti.service.colorservice/.ColorServiceApp in 139721ms
11-27 18:55:46.120  1202  1367 V ActivityManager: killProcessGroupAsync took 0 ms for PID 15227 on thread 14
11-27 18:55:46.179  1202  4739 I ActivityManager: Process com.google.android.googlequicksearchbox:interactor (pid 14223) has died
11-27 18:55:46.180  1202  1367 V ActivityManager: killProcessGroupAsync took 0 ms for PID 14223 on thread 14
11-27 18:55:46.180  1202  4739 W ActivityManager: Scheduling restart of crashed service com.google.android.googlequicksearchbox/com.google.android.voiceinteraction.GsaVoiceInteractionService in 149661ms
11-27 18:55:46.330  1202  4159 I ActivityManager: Process com.qualcomm.qcrilmsgtunnel (pid 12548) has died
11-27 18:55:46.330  1202  1367 V ActivityManager: killProcessGroupAsync took 0 ms for PID 12548 on thread 14
11-27 18:55:46.330  1202  4159 W ActivityManager: Scheduling restart of crashed service com.qualcomm.qcrilmsgtunnel/.QcrilMsgTunnelService in 159511ms
11-27 18:55:46.449  1202  4851 I ActivityManager: Start proc 15252:com.google.process.gapps/u0a12 for content provider com.google.android.gsf/.gservices.GservicesProvider
11-27 18:55:46.677  1202  1202 I DeviceIdleController: updateChargingLocked: charging=true
11-27 18:55:46.677  1202  1202 I DeviceIdleController: becomeActiveLocked, reason = charging
11-27 18:55:46.927  1202  1389 I ActivityManager: Start proc 15267:com.fitbit.FitbitMobile/u0a0 for service com.fitbit.FitbitMobile/com.fitbit.dncs.observers.AllAppNotificationListenerService
11-27 18:55:47.620  1202  1212 I WindowState: WIN DEATH: Window{ccd8d77 u0 de.fpo.greencity/de.fpo.greencity.MainActivity}
11-27 18:55:47.620  1202  4874 I ActivityManager: Process de.fpo.greencity (pid 13796) has died
11-27 18:55:47.621  1202  4874 W ActivityManager: Force removing ActivityRecord{4e6f648 u0 de.fpo.greencity/.MainActivity t12453}: app died, no saved state
11-27 18:55:47.622  1202  1367 V ActivityManager: killProcessGroupAsync took 1 ms for PID 13796 on thread 14
11-27 18:55:47.626  1202  5587 D ConnectivityService: ConnectivityService NetworkRequestInfo binderDied(NetworkRequest [ id=48, legacyType=-1, [ Capabilities: INTERNET&NOT_RESTRICTED&TRUSTED] ], android.os.BinderProxy@3299ce0)
11-27 18:55:47.626  1202  3987 D ConnectivityService: releasing NetworkRequest NetworkRequest [ id=48, legacyType=-1, [ Capabilities: INTERNET&NOT_RESTRICTED&TRUSTED] ]
11-27 18:55:47.627  1202  3987 D ConnectivityService: sending notification RELEASED for NetworkRequest [ id=48, legacyType=-1, [ Capabilities: INTERNET&NOT_RESTRICTED&TRUSTED] ]
11-27 18:55:47.649  1202  3987 E ConnectivityService: RemoteException caught trying to send a callback msg for NetworkRequest [ id=48, legacyType=-1, [ Capabilities: INTERNET&NOT_RESTRICTED&TRUSTED] ]
11-27 18:55:47.903  1202  3939 V AlarmManager: Triggering alarm #0: Alarm{6ba135b type 3 when 13322261 android}operation =Intent { act=android.content.jobscheduler.JOB_DELAY_EXPIRED }
11-27 18:55:48.041  1202  3986 D WifiService: New client listening to asynchronous messages
11-27 18:55:48.074  1202  3939 V AlarmManager: Triggering alarm #0: Alarm{d214de6 type 3 when 13322415 android}operation =Intent { act=android.content.jobscheduler.JOB_DELAY_EXPIRED }
11-27 18:55:48.320  1202  4054 D RttService: New client listening to asynchronous messages: android.os.Messenger@5d68382
11-27 18:55:48.346  1202  4177 I ActivityManager: Start proc 15337:net.oneplus.odm.provider/u0a18 for content provider net.oneplus.odm.provider/.PayloadProvider
11-27 18:55:48.491  1202  1389 I ActivityManager: Start proc 15375:com.google.android.googlequicksearchbox:search/u0a24 for broadcast com.google.android.googlequicksearchbox/.SearchWidgetProvider
11-27 18:55:48.941  1202  4886 W InputMethodManagerService: Got RemoteException sending setActive(false) notification to pid 13796 uid 10565
11-27 18:55:48.953  1202  1389 I ActivityManager: Start proc 15413:com.google.android.talk/u0a52 for broadcast com.google.android.talk/com.google.android.apps.hangouts.service.broadcastreceiver.GcmStateReceiver
11-27 18:55:48.965  1202  4886 I ActivityManager: Start proc 15424:com.google.android.inputmethod.latin/u0a56 for service com.google.android.inputmethod.latin/com.android.inputmethod.latin.LatinIME
11-27 18:55:48.965  1202  4886 V InputMethodManagerService: Adding window token: android.os.Binder@f16d719
11-27 18:55:49.321  1202  5587 I ActivityManager: Start proc 15445:com.google.android.gms/u0a12 for service com.google.android.gms/com.google.android.location.places.service.GeoDataService
11-27 18:55:49.692  1202  5604 I ActivityManager: Start proc 15480:android.process.acore/u0a7 for content provider com.android.providers.contacts/.ContactsProvider2
11-27 18:55:49.711  1202  3986 D WifiService: New client listening to asynchronous messages
11-27 18:55:49.980  1202  4739 I ActivityManager: Start proc 15520:com.google.android.partnersetup/u0a15 for content provider com.google.android.partnersetup/.RlzAppProvider
11-27 18:55:50.415  1202  1389 I ActivityManager: Start proc 15577:com.google.android.keep/u0a55 for broadcast com.google.android.keep/.notification.AlertReceiver
11-27 18:55:50.429  1202  1212 I ActivityManager: Start proc 15583:com.google.android.gm/u0a47 for content provider com.google.android.gm/com.android.exchange.provider.ExchangeDirectoryProvider
11-27 18:55:50.491  1202  3939 V AlarmManager: Triggering alarm #0: Alarm{bbfe8bf type 2 when 13324742 com.google.android.gms}operation =Intent { act=com.google.android.location.ALARM_WAKEUP_BURST_COLLECTION_TRIGGER }
11-27 18:55:50.692  1202  5586 I ActivityManager: Start proc 15619:com.endomondo.android/u0a1 for service com.endomondo.android/.common.activityrecognition.ActivityRecognitionService
11-27 18:55:50.699 15240 15240 E ActivityThread: Service com.google.android.location.places.service.PlaceDetectionService has leaked IntentReceiver kzx@cc7aec9 that was originally registered here. Are you missing a call to unregisterReceiver()?
11-27 18:55:50.699 15240 15240 E ActivityThread: android.app.IntentReceiverLeaked: Service com.google.android.location.places.service.PlaceDetectionService has leaked IntentReceiver kzx@cc7aec9 that was originally registered here. Are you missing a call to unregisterReceiver()?
11-27 18:55:50.699 15240 15240 E ActivityThread: 	at android.app.LoadedApk$ReceiverDispatcher.<init>(LoadedApk.java:946)
11-27 18:55:50.699 15240 15240 E ActivityThread: 	at android.app.LoadedApk.getReceiverDispatcher(LoadedApk.java:742)
11-27 18:55:50.699 15240 15240 E ActivityThread: 	at android.app.ContextImpl.registerReceiverInternal(ContextImpl.java:1188)
11-27 18:55:50.699 15240 15240 E ActivityThread: 	at android.app.ContextImpl.registerReceiver(ContextImpl.java:1168)
11-27 18:55:50.699 15240 15240 E ActivityThread: 	at android.content.ContextWrapper.registerReceiver(ContextWrapper.java:562)
11-27 18:55:50.699 15240 15240 E ActivityThread: 	at android.content.ContextWrapper.registerReceiver(ContextWrapper.java:562)
11-27 18:55:50.699 15240 15240 E ActivityThread: 	at android.content.ContextWrapper.registerReceiver(ContextWrapper.java:562)
11-27 18:55:50.699 15240 15240 E ActivityThread: 	at kzu.c(:com.google.android.gms:457)
11-27 18:55:50.699 15240 15240 E ActivityThread: 	at kzu.a(:com.google.android.gms:231)
11-27 18:55:50.699 15240 15240 E ActivityThread: 	at albh.a(:com.google.android.gms:463)
11-27 18:55:50.699 15240 15240 E ActivityThread: 	at albh.a(:com.google.android.gms:166)
11-27 18:55:50.699 15240 15240 E ActivityThread: 	at alet.run(:com.google.android.gms:1316)
11-27 18:55:50.699 15240 15240 E ActivityThread: 	at android.os.Handler.handleCallback(Handler.java:739)
11-27 18:55:50.699 15240 15240 E ActivityThread: 	at android.os.Handler.dispatchMessage(Handler.java:95)
11-27 18:55:50.699 15240 15240 E ActivityThread: 	at android.os.Looper.loop(Looper.java:152)
11-27 18:55:50.699 15240 15240 E ActivityThread: 	at android.os.HandlerThread.run(HandlerThread.java:61)
11-27 18:55:50.746  1202  5604 I ActivityManager: Start proc 15631:com.google.android.apps.fitness/u0a555 for service com.google.android.apps.fitness/.api.services.ActivityUpsamplingService
11-27 18:55:50.763  1202  5604 D WifiService: acquireWifiLockLocked: WifiLock{NlpWifiLock type=2 binder=android.os.BinderProxy@ffd0543}
11-27 18:55:50.805  1202  4159 D WifiService: releaseWifiLockLocked: WifiLock{NlpWifiLock type=2 binder=android.os.BinderProxy@ffd0543}
11-27 18:55:50.817  1202  5587 D WifiService: acquireWifiLockLocked: WifiLock{NlpWifiLock type=2 binder=android.os.BinderProxy@67d143e}
11-27 18:55:50.817 15583 15646 D ActivityThread: Loading provider com.google.android.gmail.provider;com.android.mail.notifier;com.google.android.gm.email.provider;com.google.android.gm.email.notifier: com.android.email.provider.EmailProvider
11-27 18:55:51.243  1202  5586 I ActivityManager: Start proc 15687:com.google.process.gapps/u0a118 for content provider com.google.android.syncadapters.contacts/.GalProvider
11-27 18:55:51.375  1202  5301 W ActivityManager: Unable to start service Intent { cmp=com.google.android.gm/com.android.email.service.AttachmentService } U=0: not found
11-27 18:55:51.386 15619 15711 W ActivityThread: ClassLoader.loadClass: The class loader returned by Thread.getContextClassLoader() may fail for processes that host multiple applications. You should explicitly specify a context class loader. For example: Thread.setContextClassLoader(getClass().getClassLoader());
11-27 18:55:51.404  1202  1213 W ActivityManager: Unable to start service Intent { cmp=com.google.android.gm.exchange/com.android.exchange.service.EasService } U=0: not found
11-27 18:55:52.636  1202  1202 I DeviceIdleController: updateChargingLocked: charging=true
11-27 18:55:52.636  1202  1202 I DeviceIdleController: becomeActiveLocked, reason = charging
11-27 18:55:54.137  1202  3987 D ConnectivityService: rematching NetworkAgentInfo [WIFI () - 101]
11-27 18:55:54.137  1202  3987 D ConnectivityService:  network has: [ Transports: WIFI Capabilities: INTERNET&NOT_RESTRICTED&TRUSTED&NOT_VPN&VALIDATED LinkUpBandwidth>=1048576Kbps LinkDnBandwidth>=1048576Kbps SignalStrength: -59]
11-27 18:55:54.137  1202  3987 D ConnectivityService: Network NetworkAgentInfo [WIFI () - 101] was already satisfying request 1. No change.
11-27 18:55:54.137  1202  3987 D ConnectivityService:   checking if request is satisfied: NetworkRequest [ id=3, legacyType=-1, [] ]
11-27 18:55:54.137  1202  3987 D ConnectivityService: notifyType CAP_CHANGED for NetworkAgentInfo [WIFI () - 101]
11-27 18:55:54.137  1202  3987 D ConnectivityService:  sending notification for NetworkRequest [ id=1, legacyType=-1, [ Capabilities: INTERNET&NOT_RESTRICTED&TRUSTED&NOT_VPN] ]
11-27 18:55:54.137  1202  3987 D ConnectivityService:  sending notification for NetworkRequest [ id=3, legacyType=-1, [] ]
11-27 18:55:54.138  1202  3987 D ConnectivityService: sending notification CAP_CHANGED for NetworkRequest [ id=3, legacyType=-1, [] ]
11-27 18:55:55.341  1202  5586 D WifiService: releaseWifiLockLocked: WifiLock{NlpWifiLock type=2 binder=android.os.BinderProxy@67d143e}
11-27 18:55:57.153  1202  3987 D ConnectivityService: rematching NetworkAgentInfo [WIFI () - 101]
11-27 18:55:57.154  1202  3987 D ConnectivityService:  network has: [ Transports: WIFI Capabilities: INTERNET&NOT_RESTRICTED&TRUSTED&NOT_VPN&VALIDATED LinkUpBandwidth>=1048576Kbps LinkDnBandwidth>=1048576Kbps SignalStrength: -69]
11-27 18:55:57.154  1202  3987 D ConnectivityService: Network NetworkAgentInfo [WIFI () - 101] was already satisfying request 1. No change.
11-27 18:55:57.155  1202  3987 D ConnectivityService:   checking if request is satisfied: NetworkRequest [ id=3, legacyType=-1, [] ]
11-27 18:55:57.155  1202  3987 D ConnectivityService: notifyType CAP_CHANGED for NetworkAgentInfo [WIFI () - 101]
11-27 18:55:57.155  1202  3987 D ConnectivityService:  sending notification for NetworkRequest [ id=1, legacyType=-1, [ Capabilities: INTERNET&NOT_RESTRICTED&TRUSTED&NOT_VPN] ]
11-27 18:55:57.155  1202  3987 D ConnectivityService:  sending notification for NetworkRequest [ id=3, legacyType=-1, [] ]
11-27 18:55:57.156  1202  3987 D ConnectivityService: sending notification CAP_CHANGED for NetworkRequest [ id=3, legacyType=-1, [] ]
11-27 18:55:58.643  1202  1202 I DeviceIdleController: updateChargingLocked: charging=true
11-27 18:55:58.643  1202  1202 I DeviceIdleController: becomeActiveLocked, reason = charging
11-27 18:56:00.000  1202  3939 V AlarmManager: Triggering alarm #0: Alarm{5ea2245 type 3 when 13334361 android}operation =Intent { act=android.intent.action.TIME_TICK flg=0x50000000 }
11-27 18:56:00.842  1202  1591 I DisplayPowerController: useProximityForceSuspend = false
11-27 18:56:02.308  1202  1591 I DisplayPowerController: useProximityForceSuspend = false
11-27 18:56:04.647  1202  1202 I DeviceIdleController: updateChargingLocked: charging=true
11-27 18:56:04.648  1202  1202 I DeviceIdleController: becomeActiveLocked, reason = charging
11-27 18:56:05.174  1202  5588 I Telecom : PhoneAccountRegistrar: SimCallManager queried, returning: null
11-27 18:56:05.199  1202  5586 I Telecom : PhoneAccountRegistrar: SimCallManager queried, returning: null
11-27 18:56:05.651  1202  3939 V AlarmManager: Triggering alarm #0: Alarm{3e03fa2 type 2 when 13340012 com.google.android.gms}operation =Intent { act=com.google.android.location.ALARM_WAKEUP_BURST_COLLECTOR }
11-27 18:56:05.873  1202  1389 I ActivityManager: Start proc 15919:com.android.smspush/u0a83 for service com.android.smspush/.WapPushManager
11-27 18:56:15.864  1202  1389 I ActivityManager: Start proc 15982:com.google.android.apps.messaging:rcs/u0a29 for service com.google.android.apps.messaging/com.google.android.rcs.service.service.JibeService
--------- beginning of main
11-27 18:56:16.446 15982 15982 D RcsService: RcsEngine: Constructor
11-27 18:56:16.530 15982 15982 W RcsProvisioning: No config URL. RCS will be disabled!
11-27 18:56:16.536 15982 15982 D RcsService: Never provisioned and consent not granted, skipped config update request
11-27 18:56:16.562 15982 15982 D RcsStack: a: Scheduling task "Thread-1751" for execution in 86400s
11-27 18:56:16.566 15982 15982 D RcsStack: a: Cancelling task Thread-1751
11-27 18:56:16.570 15982 15982 D RcsStack: a: Scheduling task "Thread-1752" for execution in 86400s
11-27 18:56:16.639  1202  1202 I DeviceIdleController: updateChargingLocked: charging=true
11-27 18:56:16.639  1202  1202 I DeviceIdleController: becomeActiveLocked, reason = charging
11-27 18:56:16.653 15982 15982 E Bugle   : PhoneUtils.getValidE164Number(): Not able to parse phone number Redacted-0 for country DE
11-27 18:56:16.653 15982 15982 D RcsProvisioning: Last known [IMSI: null, MSISDN: null], New [IMSI: 262032017735551, MSISDN: ]
11-27 18:56:16.653 15982 15982 D RcsProvisioning: Invalid SIM, no SIM inserted or in airplane mode. Assuming no change. New [IMSI: 262032017735551, MSISDN: ]
11-27 18:56:16.662 15982 16000 D RcsStack: a: processConnectivityIntent(): mNetworkInfo=[type: WIFI[], state: CONNECTED/CONNECTED, reason: (unspecified), extra: "WuTangLan", roaming: false, failover: false, isAvailable: true] isConnected=true mState=CONNECTED
11-27 18:56:16.663 15982 15982 D RcsService: Never provisioned and consent not granted, skipped config update request
11-27 18:56:18.598   563   563 I MSM-irqbalance: Decided to move IRQ188 from CPU2 to CPU0
11-27 18:56:21.321  4489  4489 I chatty  : uid=1010(wifi) /system/bin/wpa_supplicant expire 51 lines
11-27 18:56:21.652  1202  1591 I DisplayPowerController: useProximityForceSuspend = false
11-27 18:56:21.701  1202  5604 I ActivityManager: START u0 {act=android.intent.action.MAIN cat=[android.intent.category.LAUNCHER] flg=0x10200000 cmp=de.fpo.greencity/.MainActivity (has extras)} from uid 1000 pid 15147 on display 0
11-27 18:56:21.735 15147 15147 W ContextImpl: Calling a method in the system process without a qualified user: android.app.ContextImpl.sendBroadcast:794 android.content.ContextWrapper.sendBroadcast:402 com.android.launcher3.Stats.recordLaunch:459 com.android.launcher3.Launcher.startAppShortcutOrInfoActivity:3015 com.android.launcher3.Launcher.onClick:2840 
11-27 18:56:21.736  1202  1389 W BroadcastQueue: Permission Denial: receiving Intent { act=com.android.launcher3.action.LAUNCH flg=0x10 (has extras) } to com.google.android.gms/.chimera.GmsIntentOperationService$GmsExternalReceiver requires com.android.launcher3.permission.RECEIVE_LAUNCH_BROADCASTS due to sender com.android.launcher3 (uid 1000)
11-27 18:56:21.736  1202  1389 W BroadcastQueue: Permission Denial: receiving Intent { act=com.android.launcher3.action.LAUNCH flg=0x10 (has extras) } to com.google.android.gms/.icing.proxy.ApplicationLauncherReceiver requires com.android.launcher3.permission.RECEIVE_LAUNCH_BROADCASTS due to sender com.android.launcher3 (uid 1000)
11-27 18:56:21.736  1202  1389 W BroadcastQueue: Permission Denial: receiving Intent { act=com.android.launcher3.action.LAUNCH flg=0x10 (has extras) } to com.google.android.googlequicksearchbox/com.google.android.apps.gsa.search.core.icingsync.ApplicationLaunchReceiver requires com.android.launcher3.permission.RECEIVE_LAUNCH_BROADCASTS due to sender com.android.launcher3 (uid 1000)
11-27 18:56:21.751   445  3993 D APM-AudioPolicyManager: getOutput() device 2, stream 1, samplingRate 0, format 0, channelMask 3, flags 0
11-27 18:56:21.752   445  3993 D AudioPolicyManagerCustom: getOutput() The last flag  8
11-27 18:56:21.754   445  3993 D AudioPolicyManagerCustom: getOutputForDevice() returns output 6
11-27 18:56:21.755   445   445 D APM-AudioPolicyManager: getOutput() device 2, stream 1, samplingRate 0, format 0, channelMask 3, flags 0
11-27 18:56:21.755   445   445 D AudioPolicyManagerCustom: getOutput() The last flag  8
11-27 18:56:21.755   445   445 D AudioPolicyManagerCustom: getOutputForDevice() returns output 6
11-27 18:56:21.764   445  3756 D APM-AudioPolicyManager: startOutput() output 2, stream 1, session 18
11-27 18:56:21.764   445  3756 D AudioPolicyManagerCustom: getNewOutputDevice() selected device 2
11-27 18:56:21.764   445  3756 D APM-AudioPolicyManager: setOutputDevice() device 0002 delayMs 0
11-27 18:56:21.770 16039 16039 I art     : Late-enabling -Xcheck:jni
11-27 18:56:21.770  1202  4159 I ActivityManager: Start proc 16039:de.fpo.greencity/u0a565 for activity de.fpo.greencity/.MainActivity
11-27 18:56:21.779   445  3759 D audio_hw_primary: out_set_parameters: enter: usecase(1: low-latency-playback) kvpairs: routing=2
11-27 18:56:21.779   445  3759 D audio_hw_extn: audio_extn_set_anc_parameters: anc_enabled:0
11-27 18:56:21.780   445  3756 D APM-AudioPolicyManager: startOutput()--
11-27 18:56:21.783 15147 15147 I chatty  : uid=1000(system) expire 10 lines
11-27 18:56:21.795   445  3759 D audio_hw_primary: start_output_stream: enter: stream(0xf2d47f00)usecase(1: low-latency-playback) devices(0x2)
11-27 18:56:21.795   445  3759 D audio_hw_primary: select_devices: out_snd_device(2: speaker) in_snd_device(0: )
11-27 18:56:21.795   445  3759 W msm8974_platform: Codec backend bitwidth 16, samplerate 48000
11-27 18:56:21.795   445  3759 D hardware_info: hw_info_append_hw_type : device_name = speaker
11-27 18:56:21.795   445  3759 D audio_hw_primary: enable_snd_device: snd_device(2: speaker)
11-27 18:56:21.795   445  3759 I soundtrigger: audio_extn_sound_trigger_update_device_status: device 0x2 of type 0 for Event 1, with Raise=0
11-27 18:56:21.795   445  3759 I audio_hw_primary: select_devices Selected apptype: 69937
11-27 18:56:21.795   445  3759 D soundtrigger: audio_extn_sound_trigger_update_stream_status: uc_id 1 of type 0 for Event 3, with Raise=0
11-27 18:56:21.796   445  3759 D ACDB-LOADER: ACDB -> send_audio_cal, acdb_id = 15, path =  0
11-27 18:56:21.797   445  3759 D ACDB-LOADER: ACDB -> AUDIO_SET_AUDPROC_VOL_CAL
11-27 18:56:21.797   445  3759 D ACDB-LOADER: ACDB -> send_hw_delay : acdb_id = 15 path = 0
11-27 18:56:21.798   445  3759 I audio_hw_utils: audio_extn_utils_send_app_type_cfg app_type 69937, acdb_dev_id 15, sample_rate 48000
11-27 18:56:21.799   445  3759 D audio_hw_primary: enable_audio_route: apply mixer and update path: low-latency-playback speaker
11-27 18:56:21.800   445  3759 D audio_hw_primary: select_devices: done
11-27 18:56:21.802   445  3759 D msm8974_platform: platform_set_channel_map mixer_ctl_name:Playback Channel Map15
11-27 18:56:21.802   445  3759 D msm8974_platform: platform_set_channel_map: set mapping(1 2 0 0 0 0 0 0) for channel:2
11-27 18:56:21.834 16039 16039 W System  : ClassLoader referenced unknown path: /data/app/de.fpo.greencity-2/lib/arm64
11-27 18:56:21.844   445  3759 D audio_hw_primary: start_output_stream: exit
11-27 18:56:21.873 16039 16039 I WebViewFactory: Loading com.google.android.webview version 54.0.2840.85 (code 284008550)
11-27 18:56:21.973 16039 16039 I art     : Rejecting re-init on previously-failed class java.lang.Class<com.android.webview.chromium.TokenBindingManagerAdapter>
11-27 18:56:21.974 16039 16039 I art     : Rejecting re-init on previously-failed class java.lang.Class<com.android.webview.chromium.TokenBindingManagerAdapter>
11-27 18:56:21.976 16039 16039 I art     : Rejecting re-init on previously-failed class java.lang.Class<com.android.webview.chromium.ServiceWorkerControllerAdapter>
11-27 18:56:21.977 16039 16039 I art     : Rejecting re-init on previously-failed class java.lang.Class<com.android.webview.chromium.ServiceWorkerControllerAdapter>
11-27 18:56:21.995 16039 16039 I cr_LibraryLoader: Time to load native libraries: 6 ms (timestamps 6349-6355)
11-27 18:56:21.995 16039 16039 I cr_LibraryLoader: Expected native library version number "54.0.2840.85", actual native library version number "54.0.2840.85"
11-27 18:56:22.014 16039 16039 I cr_LibraryLoader: Expected native library version number "54.0.2840.85", actual native library version number "54.0.2840.85"
11-27 18:56:22.027 16039 16039 I chromium: [INFO:library_loader_hooks.cc(151)] Chromium logging enabled: level = 0, default verbosity = 0
11-27 18:56:22.042 16039 16039 I cr_BrowserStartup: Initializing chromium process, singleProcess=true
11-27 18:56:22.102   445  3756 D APM-AudioPolicyManager: stopOutput() output 2, stream 1, session 18
11-27 18:56:22.102   445  3756 D AudioPolicyManagerCustom: getNewOutputDevice() selected device 0
11-27 18:56:22.102   445  3756 D APM-AudioPolicyManager: setOutputDevice() device 0000 delayMs 96
11-27 18:56:22.139 16039 16039 I Adreno  : QUALCOMM build                   : 183c040, Iff84fb1103
11-27 18:56:22.139 16039 16039 I Adreno  : Build Date                       : 03/18/16
11-27 18:56:22.139 16039 16039 I Adreno  : OpenGL ES Shader Compiler Version: XE031.06.00.02
11-27 18:56:22.139 16039 16039 I Adreno  : Local Branch                     : 
11-27 18:56:22.139 16039 16039 I Adreno  : Remote Branch                    : refs/tags/AU_LINUX_ANDROID_LA.BF64.1.2.2_RB4.06.00.01.180.031
11-27 18:56:22.139 16039 16039 I Adreno  : Remote Branch                    : NONE
11-27 18:56:22.139 16039 16039 I Adreno  : Reconstruct Branch               : NOTHING
11-27 18:56:22.239  1202  5301 D ConnectivityService: listenForNetwork for Listen from uid/pid:10565/16039 for NetworkRequest [ id=50, legacyType=-1, [ Capabilities: INTERNET&NOT_RESTRICTED&TRUSTED] ]
11-27 18:56:22.240  1202  3987 D ConnectivityService: rematching NetworkAgentInfo [WIFI () - 101]
11-27 18:56:22.240  1202  3987 D ConnectivityService:  network has: [ Transports: WIFI Capabilities: INTERNET&NOT_RESTRICTED&TRUSTED&NOT_VPN&VALIDATED LinkUpBandwidth>=1048576Kbps LinkDnBandwidth>=1048576Kbps SignalStrength: -69]
11-27 18:56:22.240  1202  3987 D ConnectivityService: Network NetworkAgentInfo [WIFI () - 101] was already satisfying request 1. No change.
11-27 18:56:22.240  1202  3987 D ConnectivityService:   checking if request is satisfied: NetworkRequest [ id=50, legacyType=-1, [ Capabilities: INTERNET&NOT_RESTRICTED&TRUSTED] ]
11-27 18:56:22.240  1202  3987 D ConnectivityService:   checking if request is satisfied: NetworkRequest [ id=3, legacyType=-1, [] ]
11-27 18:56:22.240  1202  3987 D ConnectivityService: sending notification AVAILABLE for NetworkRequest [ id=50, legacyType=-1, [ Capabilities: INTERNET&NOT_RESTRICTED&TRUSTED] ]
11-27 18:56:22.243   357   357 W auditd  : type=1400 "Binder_1""socket:[736896]""sockfs"
11-27 18:56:22.243   357   357 W auditd  : type=1400 "Binder_1""socket:[736896]""sockfs"
11-27 18:56:22.269 16039 16039 D SystemWebViewEngine: CordovaWebView is running on device made by: OnePlus
11-27 18:56:22.275 16039 16039 D CameraPreview: Constructing
11-27 18:56:22.368   357   357 W auditd  : type=1400 "Binder_1""socket:[800672]""sockfs"
11-27 18:56:22.368 16039 16072 D OpenGLRenderer: Use EGL_SWAP_BEHAVIOR_PRESERVED: true
11-27 18:56:22.368   357   357 W auditd  : type=1400 "Binder_1""socket:[800672]""sockfs"
11-27 18:56:22.372   357   357 W auditd  : type=1400 "Binder_4""socket:[800675]""sockfs"
11-27 18:56:22.373   357   357 W auditd  : type=1400 "Binder_4""socket:[800675]""sockfs"
11-27 18:56:22.390   357   357 W auditd  : type=1400 "Binder_7""socket:[736907]""sockfs"
11-27 18:56:22.390   357   357 W auditd  : type=1400 "Binder_7""socket:[736907]""sockfs"
11-27 18:56:22.400 16039 16039 I IONIC.DEPLOY.INIT: Version Label 1: 0.1.0:1480269155808:NO_DEPLOY_AVAILABLE
11-27 18:56:22.400 16039 16039 I IONIC.DEPLOY.INIT: Version Label 2: 0.1.0:1480269155808:NO_DEPLOY_AVAILABLE
11-27 18:56:22.412 16039 16064 W cr_media: Requires BLUETOOTH permission
11-27 18:56:22.416 16039 16039 I cr_Ime  : ImeThread is enabled.
11-27 18:56:22.426 16039 16039 D AppTracker: App Event: start
11-27 18:56:22.432   357   357 W auditd  : type=1400 "Binder_8""socket:[811795]""sockfs"
11-27 18:56:22.432   357   357 W auditd  : type=1400 "Binder_8""socket:[811795]""sockfs"
11-27 18:56:22.444  1202  4886 D ConnectivityService: listenForNetwork for Listen from uid/pid:10565/16039 for NetworkRequest [ id=51, legacyType=-1, [ Capabilities: INTERNET&NOT_RESTRICTED&TRUSTED] ]
11-27 18:56:22.444  1202  3987 D ConnectivityService: rematching NetworkAgentInfo [WIFI () - 101]
11-27 18:56:22.444  1202  3987 D ConnectivityService:  network has: [ Transports: WIFI Capabilities: INTERNET&NOT_RESTRICTED&TRUSTED&NOT_VPN&VALIDATED LinkUpBandwidth>=1048576Kbps LinkDnBandwidth>=1048576Kbps SignalStrength: -69]
11-27 18:56:22.445  1202  3987 D ConnectivityService: Network NetworkAgentInfo [WIFI () - 101] was already satisfying request 1. No change.
11-27 18:56:22.445  1202  3987 D ConnectivityService:   checking if request is satisfied: NetworkRequest [ id=51, legacyType=-1, [ Capabilities: INTERNET&NOT_RESTRICTED&TRUSTED] ]
11-27 18:56:22.445  1202  3987 D ConnectivityService:   checking if request is satisfied: NetworkRequest [ id=50, legacyType=-1, [ Capabilities: INTERNET&NOT_RESTRICTED&TRUSTED] ]
11-27 18:56:22.445  1202  3987 D ConnectivityService:   checking if request is satisfied: NetworkRequest [ id=3, legacyType=-1, [] ]
11-27 18:56:22.445  1202  3987 D ConnectivityService: sending notification AVAILABLE for NetworkRequest [ id=51, legacyType=-1, [ Capabilities: INTERNET&NOT_RESTRICTED&TRUSTED] ]
11-27 18:56:22.466 16039 16072 I OpenGLRenderer: Initialized EGL, version 1.4
11-27 18:56:22.504  1202  5586 I chatty  : uid=1000(system) Binder_D expire 2 lines
11-27 18:56:22.505   357   357 W auditd  : type=1400 "Binder_D""socket:[800690]""sockfs"
11-27 18:56:22.505   357   357 W auditd  : type=1400 "Binder_D""socket:[800690]""sockfs"
11-27 18:56:22.505   357   357 W auditd  : type=1400 "Binder_9""socket:[800689]""sockfs"
11-27 18:56:22.506   357   357 W auditd  : type=1400 "Binder_9""socket:[800689]""sockfs"
11-27 18:56:22.509 16039 16039 D AbstractTracker: Event success
11-27 18:56:22.610 16039 16085 E libEGL  : validate_display:255 error 3008 (EGL_BAD_DISPLAY)
11-27 18:56:22.635  1202  1202 I DeviceIdleController: updateChargingLocked: charging=true
11-27 18:56:22.635  1202  1202 I DeviceIdleController: becomeActiveLocked, reason = charging
11-27 18:56:22.644 16039 16085 W VideoCapabilities: Unrecognized profile 2130706433 for video/avc
11-27 18:56:22.655 16039 16085 W VideoCapabilities: Unrecognized profile/level 0/3 for video/mpeg2
11-27 18:56:22.656 16039 16085 W VideoCapabilities: Unrecognized profile/level 0/3 for video/mpeg2
11-27 18:56:22.658 16039 16085 W VideoCapabilities: Unsupported mime video/x-ms-wmv
11-27 18:56:22.659 16039 16085 W VideoCapabilities: Unsupported mime video/x-ms-wmv
11-27 18:56:22.660 16039 16085 W VideoCapabilities: Unsupported mime video/divx
11-27 18:56:22.661 16039 16085 W VideoCapabilities: Unsupported mime video/divx311
11-27 18:56:22.662 16039 16085 W VideoCapabilities: Unsupported mime video/divx4
11-27 18:56:22.671 16039 16085 W VideoCapabilities: Unsupported mime video/mp4v-esdp
11-27 18:56:22.678 16039 16085 I VideoCapabilities: Unsupported profile 4 for video/mp4v-es
11-27 18:56:22.706 16039 16039 W cr_BindingManager: Cannot call determinedVisibility() - never saw a connection for the pid: 16039
11-27 18:56:23.131  1202  1591 I DisplayPowerController: useProximityForceSuspend = false
11-27 18:56:23.183 16039 16039 D JsMessageQueue: Set native->JS mode to OnlineEventsBridgeMode
11-27 18:56:23.184  1202  3987 D ConnectivityService: releasing NetworkRequest NetworkRequest [ id=50, legacyType=-1, [ Capabilities: INTERNET&NOT_RESTRICTED&TRUSTED] ]
11-27 18:56:23.185  1202  3987 D ConnectivityService: sending notification RELEASED for NetworkRequest [ id=50, legacyType=-1, [ Capabilities: INTERNET&NOT_RESTRICTED&TRUSTED] ]
11-27 18:56:23.590   563   563 I MSM-irqbalance: Decided to move IRQ128 from CPU3 to CPU2
11-27 18:56:23.854  1202  4755 I chatty  : uid=1000(system) WifiMonitor expire 16 lines
11-27 18:56:24.341  1202  3987 D ConnectivityService: rematching NetworkAgentInfo [WIFI () - 101]
11-27 18:56:24.341  1202  3987 D ConnectivityService:  network has: [ Transports: WIFI Capabilities: INTERNET&NOT_RESTRICTED&TRUSTED&NOT_VPN&VALIDATED LinkUpBandwidth>=1048576Kbps LinkDnBandwidth>=1048576Kbps SignalStrength: -61]
