11-27 18:48:04.637  1202  1202 I DeviceIdleController: updateChargingLocked: charging=true
11-27 18:48:04.637  1202  1202 I DeviceIdleController: becomeActiveLocked, reason = charging
11-27 18:48:10.656  1202  1202 I DeviceIdleController: updateChargingLocked: charging=true
11-27 18:48:10.656  1202  1202 I DeviceIdleController: becomeActiveLocked, reason = charging
11-27 18:48:11.185  1202  1389 I ActivityManager: Start proc 10645:com.qualcomm.telephony/1000 for service com.qualcomm.simcontacts/.SimContactsService
11-27 18:48:16.642  1202  1202 I DeviceIdleController: updateChargingLocked: charging=true
11-27 18:48:16.642  1202  1202 I DeviceIdleController: becomeActiveLocked, reason = charging
11-27 18:48:21.193  1202  1389 I ActivityManager: Start proc 10712:com.android.engineeringmode/1000 for service com.android.engineeringmode/.nvbackup.NVBackupStatusService
11-27 18:48:21.316 10712 10712 W ContextImpl: Calling a method in the system process without a qualified user: android.app.ContextImpl.startService:1237 android.content.ContextWrapper.startService:582 com.qualcomm.qcrilhook.QcRilHook.<init>:123 com.android.engineeringmode.nvbackup.OemHookManager.onCreate:39 android.app.Instrumentation.callApplicationOnCreate:1021 
11-27 18:48:21.319 10712 10712 W ContextImpl: Calling a method in the system process without a qualified user: android.app.ContextImpl.bindService:1301 android.content.ContextWrapper.bindService:605 com.qualcomm.qcrilhook.QcRilHook.<init>:125 com.android.engineeringmode.nvbackup.OemHookManager.onCreate:39 android.app.Instrumentation.callApplicationOnCreate:1021 
11-27 18:48:22.636  1202  1202 I DeviceIdleController: updateChargingLocked: charging=true
11-27 18:48:22.636  1202  1202 I DeviceIdleController: becomeActiveLocked, reason = charging
11-27 18:48:28.637  1202  1202 I DeviceIdleController: updateChargingLocked: charging=true
11-27 18:48:28.637  1202  1202 I DeviceIdleController: becomeActiveLocked, reason = charging
11-27 18:48:31.188  1202  1389 I ActivityManager: Start proc 10774:com.whatsapp/u0a89 for service com.whatsapp/.messaging.MessageService
11-27 18:48:34.650  1202  3939 V AlarmManager: Triggering alarm #0: Alarm{686d149 type 2 when 12833275 net.oneplus.odm}operation =Intent { act=intent_local_schedule (has extras) }
11-27 18:48:34.651  1202  3939 V AlarmManager: Triggering alarm #1: Alarm{2a18a4e type 3 when 12845202 com.google.android.gms}operation =Intent { cmp=com.google.android.gms/.lockbox.LockboxAlarmReceiver }
11-27 18:48:34.651  1202  3939 V AlarmManager: Triggering alarm #2: Alarm{d3fd76f type 2 when 12886238 com.google.android.gms}operation =Intent { act=com.google.android.location.ALARM_WAKEUP_SENSOR_UPLOADER }
11-27 18:48:34.651  1202  3939 V AlarmManager: Triggering alarm #3: Alarm{6acbc7c type 2 when 12889010 com.instagram.android}operation =Intent { act=action_batch_upload cmp=com.instagram.android/com.instagram.common.analytics.AnalyticsUploadAlarmReceiver }
11-27 18:48:34.651  1202  3939 V AlarmManager: Triggering alarm #4: Alarm{ce23905 type 3 when 0 com.whatsapp}operation =Intent { act=com.whatsapp.action.HOURLY_CRON cmp=com.whatsapp/.AlarmBroadcastReceiver }
11-27 18:48:34.651  1202  3939 V AlarmManager: Triggering alarm #5: Alarm{88ffd5a type 3 when 0 com.whatsapp}operation =Intent { act=com.whatsapp.action.UPDATE_NTP cmp=com.whatsapp/.AlarmBroadcastReceiver }
11-27 18:48:34.719  1202  3986 D WifiService: New client listening to asynchronous messages
11-27 18:48:34.924  1202  5492 I ActivityManager: Start proc 10873:com.instagram.android/u0a394 for broadcast com.instagram.android/com.instagram.common.analytics.AnalyticsUploadAlarmReceiver
11-27 18:48:35.361  1202  4874 I ActivityManager: Killing 9744:com.google.android.apps.fitness/u0a555 (adj 15): empty #11
11-27 18:48:35.361  1202  1367 V ActivityManager: killProcessGroupAsync took 0 ms for PID 9744 on thread 14
11-27 18:48:35.480  1202  4886 D ConnectivityService: listenForNetwork for Listen from uid/pid:10394/10873 for NetworkRequest [ id=44, legacyType=-1, [ Capabilities: INTERNET&NOT_RESTRICTED&TRUSTED&NOT_VPN] ]
11-27 18:48:35.481  1202  3987 D ConnectivityService: rematching NetworkAgentInfo [WIFI () - 101]
11-27 18:48:35.481  1202  3987 D ConnectivityService:  network has: [ Transports: WIFI Capabilities: INTERNET&NOT_RESTRICTED&TRUSTED&NOT_VPN&VALIDATED LinkUpBandwidth>=1048576Kbps LinkDnBandwidth>=1048576Kbps SignalStrength: -62]
11-27 18:48:35.481  1202  3987 D ConnectivityService: Network NetworkAgentInfo [WIFI () - 101] was already satisfying request 1. No change.
11-27 18:48:35.481  1202  3987 D ConnectivityService:   checking if request is satisfied: NetworkRequest [ id=3, legacyType=-1, [] ]
11-27 18:48:35.481  1202  3987 D ConnectivityService:   checking if request is satisfied: NetworkRequest [ id=44, legacyType=-1, [ Capabilities: INTERNET&NOT_RESTRICTED&TRUSTED&NOT_VPN] ]
11-27 18:48:35.481  1202  3987 D ConnectivityService:   checking if request is satisfied: NetworkRequest [ id=43, legacyType=-1, [ Capabilities: INTERNET&NOT_RESTRICTED&TRUSTED] ]
11-27 18:48:35.481  1202  3987 D ConnectivityService: sending notification AVAILABLE for NetworkRequest [ id=44, legacyType=-1, [ Capabilities: INTERNET&NOT_RESTRICTED&TRUSTED&NOT_VPN] ]
11-27 18:48:40.643  1202  1202 I DeviceIdleController: updateChargingLocked: charging=true
11-27 18:48:40.644  1202  1202 I DeviceIdleController: becomeActiveLocked, reason = charging
11-27 18:48:41.389 10873 10873 E ActivityThread: Failed to find provider info for com.facebook.katana.provider.AttributionIdProvider
11-27 18:48:41.448 10873 10897 E ActivityThread: Failed to find provider info for com.facebook.katana.provider.AttributionIdProvider
11-27 18:48:46.638  1202  1202 I DeviceIdleController: updateChargingLocked: charging=true
11-27 18:48:46.638  1202  1202 I DeviceIdleController: becomeActiveLocked, reason = charging
11-27 18:48:52.638  1202  1202 I DeviceIdleController: updateChargingLocked: charging=true
11-27 18:48:52.638  1202  1202 I DeviceIdleController: becomeActiveLocked, reason = charging
11-27 18:48:58.458  1202  3939 V AlarmManager: Triggering alarm #0: Alarm{693b13 type 2 when 12893173 com.google.android.gms}operation =Intent { act=com.google.android.location.ALARM_WAKEUP_LOCATOR }
11-27 18:48:58.459  1202  3939 V AlarmManager: Triggering alarm #1: Alarm{802150 type 2 when 12901875 com.whatsapp}operation =Intent { act=com.whatsapp.messaging.h.CLIENT_PINGER_ACTION }
11-27 18:48:58.459  1202  3939 V AlarmManager: Triggering alarm #2: Alarm{494bf49 type 0 when 1480268938457 de.fpo.greencity}operation =Intent { act=com.tenforwardconsulting.cordova.bgloc.STATIONARY_LOCATION_MONITOR_ACTION }
11-27 18:48:58.475  1202  5335 D WifiService: acquireWifiLockLocked: WifiLock{NlpWifiLock type=2 binder=android.os.BinderProxy@113e04e}
11-27 18:48:58.639  1202  1202 I DeviceIdleController: updateChargingLocked: charging=true
11-27 18:48:58.639  1202  1202 I DeviceIdleController: becomeActiveLocked, reason = charging
11-27 18:49:00.000  1202  3939 V AlarmManager: Triggering alarm #0: Alarm{bf7c0c5 type 3 when 12914361 android}operation =Intent { act=android.intent.action.TIME_TICK flg=0x50000000 }
11-27 18:49:01.193  1202  1389 I ActivityManager: Start proc 11059:com.android.dialer/u0a114 for service com.android.dialer/com.oneplus.dialer.OPDialerPersistService
11-27 18:49:02.896  1202  4874 D WifiService: releaseWifiLockLocked: WifiLock{NlpWifiLock type=2 binder=android.os.BinderProxy@113e04e}
11-27 18:49:04.639  1202  1202 I DeviceIdleController: updateChargingLocked: charging=true
11-27 18:49:04.639  1202  1202 I DeviceIdleController: becomeActiveLocked, reason = charging
11-27 18:49:16.645  1202  1202 I DeviceIdleController: updateChargingLocked: charging=true
11-27 18:49:16.645  1202  1202 I DeviceIdleController: becomeActiveLocked, reason = charging
11-27 18:49:22.641  1202  1202 I DeviceIdleController: updateChargingLocked: charging=true
11-27 18:49:22.642  1202  1202 I DeviceIdleController: becomeActiveLocked, reason = charging
11-27 18:49:28.643  1202  1202 I DeviceIdleController: updateChargingLocked: charging=true
11-27 18:49:28.643  1202  1202 I DeviceIdleController: becomeActiveLocked, reason = charging
11-27 18:49:31.210  1202  1389 I ActivityManager: Start proc 11235:com.qti.service.colorservice/1000 for service com.qti.service.colorservice/.ColorServiceApp
11-27 18:49:34.638  1202  1202 I DeviceIdleController: updateChargingLocked: charging=true
11-27 18:49:34.638  1202  1202 I DeviceIdleController: becomeActiveLocked, reason = charging
11-27 18:49:35.104  1202  3939 V AlarmManager: Triggering alarm #0: Alarm{beba449 type 2 when 12918070 com.google.android.gms}operation =Intent { act=com.google.android.location.ALARM_WAKEUP_LOCATOR }
11-27 18:49:35.104  1202  3939 V AlarmManager: Triggering alarm #1: Alarm{8d9614e type 3 when 12949465 com.google.android.gms}operation =Intent { cmp=com.google.android.gms/.lockbox.LockboxAlarmReceiver }
11-27 18:49:35.108  1202  5492 D WifiService: acquireWifiLockLocked: WifiLock{NlpWifiLock type=2 binder=android.os.BinderProxy@113e04e}
11-27 18:49:39.826  1202  4886 D WifiService: releaseWifiLockLocked: WifiLock{NlpWifiLock type=2 binder=android.os.BinderProxy@113e04e}
11-27 18:49:41.195  1202  1389 I ActivityManager: Start proc 11318:com.android.smspush/u0a83 for service com.android.smspush/.WapPushManager
11-27 18:49:45.960  1202  3987 D ConnectivityService: rematching NetworkAgentInfo [WIFI () - 101]
11-27 18:49:45.960  1202  3987 D ConnectivityService:  network has: [ Transports: WIFI Capabilities: INTERNET&NOT_RESTRICTED&TRUSTED&NOT_VPN&VALIDATED LinkUpBandwidth>=1048576Kbps LinkDnBandwidth>=1048576Kbps SignalStrength: -67]
11-27 18:49:45.960  1202  3987 D ConnectivityService: Network NetworkAgentInfo [WIFI () - 101] was already satisfying request 1. No change.
11-27 18:49:45.960  1202  3987 D ConnectivityService:   checking if request is satisfied: NetworkRequest [ id=3, legacyType=-1, [] ]
11-27 18:49:45.960  1202  3987 D ConnectivityService:   checking if request is satisfied: NetworkRequest [ id=44, legacyType=-1, [ Capabilities: INTERNET&NOT_RESTRICTED&TRUSTED&NOT_VPN] ]
11-27 18:49:45.960  1202  3987 D ConnectivityService:   checking if request is satisfied: NetworkRequest [ id=43, legacyType=-1, [ Capabilities: INTERNET&NOT_RESTRICTED&TRUSTED] ]
11-27 18:49:45.960  1202  3987 D ConnectivityService: notifyType CAP_CHANGED for NetworkAgentInfo [WIFI () - 101]
11-27 18:49:45.960  1202  3987 D ConnectivityService:  sending notification for NetworkRequest [ id=1, legacyType=-1, [ Capabilities: INTERNET&NOT_RESTRICTED&TRUSTED&NOT_VPN] ]
11-27 18:49:45.960  1202  3987 D ConnectivityService:  sending notification for NetworkRequest [ id=3, legacyType=-1, [] ]
11-27 18:49:45.960  1202  3987 D ConnectivityService: sending notification CAP_CHANGED for NetworkRequest [ id=3, legacyType=-1, [] ]
11-27 18:49:45.961  1202  3987 D ConnectivityService:  sending notification for NetworkRequest [ id=43, legacyType=-1, [ Capabilities: INTERNET&NOT_RESTRICTED&TRUSTED] ]
11-27 18:49:45.961  1202  3987 D ConnectivityService: sending notification CAP_CHANGED for NetworkRequest [ id=43, legacyType=-1, [ Capabilities: INTERNET&NOT_RESTRICTED&TRUSTED] ]
11-27 18:49:45.961  1202  3987 D ConnectivityService:  sending notification for NetworkRequest [ id=44, legacyType=-1, [ Capabilities: INTERNET&NOT_RESTRICTED&TRUSTED&NOT_VPN] ]
11-27 18:49:45.961  1202  3987 D ConnectivityService: sending notification CAP_CHANGED for NetworkRequest [ id=44, legacyType=-1, [ Capabilities: INTERNET&NOT_RESTRICTED&TRUSTED&NOT_VPN] ]
11-27 18:49:46.636  1202  1202 I DeviceIdleController: updateChargingLocked: charging=true
11-27 18:49:46.636  1202  1202 I DeviceIdleController: becomeActiveLocked, reason = charging
11-27 18:49:52.636  1202  1202 I DeviceIdleController: updateChargingLocked: charging=true
11-27 18:49:52.636  1202  1202 I DeviceIdleController: becomeActiveLocked, reason = charging
11-27 18:49:58.635  1202  1202 I DeviceIdleController: updateChargingLocked: charging=true
11-27 18:49:58.635  1202  1202 I DeviceIdleController: becomeActiveLocked, reason = charging
11-27 18:50:00.000  1202  3939 V AlarmManager: Triggering alarm #0: Alarm{471613 type 3 when 12974361 android}operation =Intent { act=android.intent.action.TIME_TICK flg=0x50000000 }
11-27 18:50:04.636  1202  1202 I DeviceIdleController: updateChargingLocked: charging=true
11-27 18:50:04.636  1202  1202 I DeviceIdleController: becomeActiveLocked, reason = charging
11-27 18:50:07.504  1202  5587 I ActivityManager: Process com.google.android.gm (pid 9710) has died
11-27 18:50:07.506  1202  1367 V ActivityManager: killProcessGroupAsync took 0 ms for PID 9710 on thread 14
11-27 18:50:07.570  1202  5604 I ActivityManager: Process com.endomondo.android (pid 9757) has died
11-27 18:50:07.570  1202  1367 V ActivityManager: killProcessGroupAsync took 0 ms for PID 9757 on thread 14
11-27 18:50:07.590  1202  4177 I ActivityManager: Process com.google.process.gapps (pid 9822) has died
11-27 18:50:07.590  1202  1367 V ActivityManager: killProcessGroupAsync took 0 ms for PID 9822 on thread 14
11-27 18:50:09.224  1202  4159 I ActivityManager: Process com.google.android.talk (pid 9540) has died
11-27 18:50:09.224  1202  1367 V ActivityManager: killProcessGroupAsync took 0 ms for PID 9540 on thread 14
11-27 18:50:09.262  1202  3986 D WifiService: Client connection lost with reason: 4
11-27 18:50:09.262  1202  5587 I ActivityManager: Process com.google.android.googlequicksearchbox:search (pid 9513) has died
11-27 18:50:09.263  1202  1367 V ActivityManager: killProcessGroupAsync took 0 ms for PID 9513 on thread 14
11-27 18:50:09.310  1202  4851 I ActivityManager: Process com.android.vending (pid 10035) has died
11-27 18:50:09.311  1202  1367 V ActivityManager: killProcessGroupAsync took 1 ms for PID 10035 on thread 14
11-27 18:50:10.060  1202  1212 I ActivityManager: Process com.google.android.apps.messaging (pid 10539) has died
11-27 18:50:10.060  1202  1367 V ActivityManager: killProcessGroupAsync took 0 ms for PID 10539 on thread 14
11-27 18:50:10.100  1202  5492 I ActivityManager: Process com.google.android.keep (pid 9727) has died
11-27 18:50:10.100  1202  1367 V ActivityManager: killProcessGroupAsync took 0 ms for PID 9727 on thread 14
11-27 18:50:10.150  1202  5335 I ActivityManager: Process com.instagram.android (pid 10873) has died
11-27 18:50:10.156  1202  1367 V ActivityManager: killProcessGroupAsync took 0 ms for PID 10873 on thread 14
11-27 18:50:10.163  1202  1213 D ConnectivityService: ConnectivityService NetworkRequestInfo binderDied(NetworkRequest [ id=44, legacyType=-1, [ Capabilities: INTERNET&NOT_RESTRICTED&TRUSTED&NOT_VPN] ], android.os.BinderProxy@813fe9a)
11-27 18:50:10.164  1202  3987 D ConnectivityService: releasing NetworkRequest NetworkRequest [ id=44, legacyType=-1, [ Capabilities: INTERNET&NOT_RESTRICTED&TRUSTED&NOT_VPN] ]
11-27 18:50:10.170  1202  4851 I ActivityManager: Process com.google.process.gapps (pid 9436) has died
11-27 18:50:10.170  1202  1367 V ActivityManager: killProcessGroupAsync took 0 ms for PID 9436 on thread 14
11-27 18:50:10.181  1202  3987 D ConnectivityService: sending notification RELEASED for NetworkRequest [ id=44, legacyType=-1, [ Capabilities: INTERNET&NOT_RESTRICTED&TRUSTED&NOT_VPN] ]
11-27 18:50:10.193  1202  3987 E ConnectivityService: RemoteException caught trying to send a callback msg for NetworkRequest [ id=44, legacyType=-1, [ Capabilities: INTERNET&NOT_RESTRICTED&TRUSTED&NOT_VPN] ]
11-27 18:50:10.639  1202  1202 I DeviceIdleController: updateChargingLocked: charging=true
11-27 18:50:10.639  1202  1202 I DeviceIdleController: becomeActiveLocked, reason = charging
11-27 18:50:11.802  1202  4851 I ActivityManager: Process org.telegram.messenger (pid 10410) has died
11-27 18:50:11.802  1202  4851 W ActivityManager: Scheduling restart of crashed service org.telegram.messenger/.NotificationsService in 1000ms
11-27 18:50:11.803  1202  1367 V ActivityManager: killProcessGroupAsync took 0 ms for PID 10410 on thread 14
11-27 18:50:11.811  1202  5335 I ActivityManager: Process com.google.android.apps.messaging:rcs (pid 10210) has died
11-27 18:50:11.811  1202  5335 W ActivityManager: Scheduling restart of crashed service com.google.android.apps.messaging/com.google.android.rcs.service.service.JibeService in 10991ms
11-27 18:50:11.811  1202  1367 V ActivityManager: killProcessGroupAsync took 0 ms for PID 10210 on thread 14
11-27 18:50:11.870  1202  4739 I ActivityManager: Process android.process.media (pid 10113) has died
11-27 18:50:11.871  1202  1367 V ActivityManager: killProcessGroupAsync took 0 ms for PID 10113 on thread 14
11-27 18:50:11.874  1202  4739 W ActivityManager: Scheduling restart of crashed service com.android.providers.media/.MtpService in 303966ms
11-27 18:50:11.930  1202  4159 I ActivityManager: Process net.oneplus.odm (pid 9458) has died
11-27 18:50:11.930  1202  4159 W ActivityManager: Scheduling restart of crashed service net.oneplus.odm/.insight.OneplusAnalyticsJobService in 20872ms
11-27 18:50:11.930  1202  1367 V ActivityManager: killProcessGroupAsync took 0 ms for PID 9458 on thread 14
11-27 18:50:11.930  1202  4159 W ActivityManager: Scheduling restart of crashed service net.oneplus.odm/.DeviceManagerService in 30872ms
11-27 18:50:11.936  1202  3986 D WifiService: Client connection lost with reason: 4
11-27 18:50:11.950  1202  4177 I ActivityManager: Process com.qualcomm.qti.modemtestmode (pid 10502) has died
11-27 18:50:11.951  1202  4177 W ActivityManager: Scheduling restart of crashed service com.qualcomm.qti.modemtestmode/.MbnSystemService in 40851ms
11-27 18:50:11.952  1202  1367 V ActivityManager: killProcessGroupAsync took 2 ms for PID 10502 on thread 14
11-27 18:50:11.975  1202  4851 I ActivityManager: Process com.android.engineeringmode (pid 10712) has died
11-27 18:50:11.976  1202  1367 V ActivityManager: killProcessGroupAsync took 0 ms for PID 10712 on thread 14
11-27 18:50:11.983  1202  4851 W ActivityManager: Scheduling restart of crashed service com.android.engineeringmode/.nvbackup.NVBackupStatusService in 50819ms
11-27 18:50:12.010  1202  5492 I ActivityManager: Process com.qualcomm.telephony (pid 10645) has died
11-27 18:50:12.010  1202  5492 W ActivityManager: Scheduling restart of crashed service com.qualcomm.simcontacts/.SimContactsService in 60792ms
11-27 18:50:12.012  1202  1367 V ActivityManager: killProcessGroupAsync took 0 ms for PID 10645 on thread 14
11-27 18:50:12.070  1202  4739 I ActivityManager: Process com.android.launcher3 (pid 9373) has died
11-27 18:50:12.070  1202  1367 V ActivityManager: killProcessGroupAsync took 0 ms for PID 9373 on thread 14
11-27 18:50:12.075  1202  5301 I WindowState: WIN DEATH: Window{f557b64 u0 com.android.launcher3/com.android.launcher3.Launcher}
11-27 18:50:12.508  1202  4739 I ActivityManager: Start proc 11508:com.android.launcher3/1000 for activity
11-27 18:50:12.509  1202  4874 I ActivityManager: Process com.whatsapp (pid 10774) has died
11-27 18:50:12.509  1202  4874 W ActivityManager: Scheduling restart of crashed service com.whatsapp/.messaging.MessageService in 70293ms
11-27 18:50:12.512  1202  1367 V ActivityManager: killProcessGroupAsync took 0 ms for PID 10774 on thread 14
11-27 18:50:12.512  1202  5588 I ActivityManager: Process android.process.acore (pid 9632) has died
11-27 18:50:12.514  1202  4177 I ActivityManager: Process com.android.dialer (pid 11059) has died
11-27 18:50:12.515  1202  4177 W ActivityManager: Scheduling restart of crashed service com.android.dialer/com.oneplus.dialer.OPDialerPersistService in 80287ms
11-27 18:50:12.515  1202  1367 V ActivityManager: killProcessGroupAsync took 0 ms for PID 9632 on thread 14
11-27 18:50:12.515  1202  1367 V ActivityManager: killProcessGroupAsync took 0 ms for PID 11059 on thread 14
11-27 18:50:12.740  1202  1367 V ActivityManager: killProcessGroupAsync took 1 ms for PID 9497 on thread 14
11-27 18:50:12.740  1202  1212 I ActivityManager: Process net.oneplus.odm.provider (pid 9497) has died
11-27 18:50:13.013  1202  1389 I ActivityManager: Start proc 11526:org.telegram.messenger/u0a28 for service org.telegram.messenger/.NotificationsService
11-27 18:50:13.014  1202  4851 I ActivityManager: Process com.lexa.fakegps (pid 9947) has died
11-27 18:50:13.015  1202  1367 V ActivityManager: killProcessGroupAsync took 0 ms for PID 9947 on thread 14
11-27 18:50:13.037  1202  4851 W ActivityManager: Scheduling restart of crashed service com.lexa.fakegps/.FakeGPSService in 89766ms
11-27 18:50:13.540  1202  4177 I ActivityManager: Process com.google.android.inputmethod.latin (pid 9553) has died
11-27 18:50:13.541  1202  1367 V ActivityManager: killProcessGroupAsync took 1 ms for PID 9553 on thread 14
11-27 18:50:13.541  1202  4177 W ActivityManager: Scheduling restart of crashed service com.google.android.inputmethod.latin/com.android.inputmethod.latin.LatinIME in 99262ms
11-27 18:50:13.721  1202  1202 W InputMethodManagerService: Session failed to close due to remote exception
11-27 18:50:13.721  1202  1202 W InputMethodManagerService: android.os.DeadObjectException
11-27 18:50:13.721  1202  1202 W InputMethodManagerService: 	at android.os.BinderProxy.transactNative(Native Method)
11-27 18:50:13.721  1202  1202 W InputMethodManagerService: 	at android.os.BinderProxy.transact(Binder.java:527)
11-27 18:50:13.721  1202  1202 W InputMethodManagerService: 	at com.android.internal.view.IInputMethodSession$Stub$Proxy.finishSession(IInputMethodSession.java:305)
11-27 18:50:13.721  1202  1202 W InputMethodManagerService: 	at com.android.server.InputMethodManagerService.finishSessionLocked(InputMethodManagerService.java:1706)
11-27 18:50:13.721  1202  1202 W InputMethodManagerService: 	at com.android.server.InputMethodManagerService.clearClientSessionLocked(InputMethodManagerService.java:1697)
11-27 18:50:13.721  1202  1202 W InputMethodManagerService: 	at com.android.server.InputMethodManagerService.clearCurMethodLocked(InputMethodManagerService.java:1723)
11-27 18:50:13.721  1202  1202 W InputMethodManagerService: 	at com.android.server.InputMethodManagerService.onServiceDisconnected(InputMethodManagerService.java:1742)
11-27 18:50:13.721  1202  1202 W InputMethodManagerService: 	at android.app.LoadedApk$ServiceDispatcher.doDeath(LoadedApk.java:1256)
11-27 18:50:13.721  1202  1202 W InputMethodManagerService: 	at android.app.LoadedApk$ServiceDispatcher$RunConnection.run(LoadedApk.java:1270)
11-27 18:50:13.721  1202  1202 W InputMethodManagerService: 	at android.os.Handler.handleCallback(Handler.java:739)
11-27 18:50:13.721  1202  1202 W InputMethodManagerService: 	at android.os.Handler.dispatchMessage(Handler.java:95)
11-27 18:50:13.721  1202  1202 W InputMethodManagerService: 	at android.os.Looper.loop(Looper.java:152)
11-27 18:50:13.721  1202  1202 W InputMethodManagerService: 	at com.android.server.SystemServer.run(SystemServer.java:286)
11-27 18:50:13.721  1202  1202 W InputMethodManagerService: 	at com.android.server.SystemServer.main(SystemServer.java:171)
11-27 18:50:13.721  1202  1202 W InputMethodManagerService: 	at java.lang.reflect.Method.invoke(Native Method)
11-27 18:50:13.721  1202  1202 W InputMethodManagerService: 	at com.android.internal.os.ZygoteInit$MethodAndArgsCaller.run(ZygoteInit.java:726)
11-27 18:50:13.721  1202  1202 W InputMethodManagerService: 	at com.android.internal.os.ZygoteInit.main(ZygoteInit.java:616)
11-27 18:50:13.739  1202  1202 W InputMethodManagerService: Session failed to close due to remote exception
11-27 18:50:13.739  1202  1202 W InputMethodManagerService: android.os.DeadObjectException
11-27 18:50:13.739  1202  1202 W InputMethodManagerService: 	at android.os.BinderProxy.transactNative(Native Method)
11-27 18:50:13.739  1202  1202 W InputMethodManagerService: 	at android.os.BinderProxy.transact(Binder.java:527)
11-27 18:50:13.739  1202  1202 W InputMethodManagerService: 	at com.android.internal.view.IInputMethodSession$Stub$Proxy.finishSession(IInputMethodSession.java:305)
11-27 18:50:13.739  1202  1202 W InputMethodManagerService: 	at com.android.server.InputMethodManagerService.finishSessionLocked(InputMethodManagerService.java:1706)
11-27 18:50:13.739  1202  1202 W InputMethodManagerService: 	at com.android.server.InputMethodManagerService.clearClientSessionLocked(InputMethodManagerService.java:1697)
11-27 18:50:13.739  1202  1202 W InputMethodManagerService: 	at com.android.server.InputMethodManagerService.clearCurMethodLocked(InputMethodManagerService.java:1723)
11-27 18:50:13.739  1202  1202 W InputMethodManagerService: 	at com.android.server.InputMethodManagerService.onServiceDisconnected(InputMethodManagerService.java:1742)
11-27 18:50:13.739  1202  1202 W InputMethodManagerService: 	at android.app.LoadedApk$ServiceDispatcher.doDeath(LoadedApk.java:1256)
11-27 18:50:13.739  1202  1202 W InputMethodManagerService: 	at android.app.LoadedApk$ServiceDispatcher$RunConnection.run(LoadedApk.java:1270)
11-27 18:50:13.739  1202  1202 W InputMethodManagerService: 	at android.os.Handler.handleCallback(Handler.java:739)
11-27 18:50:13.739  1202  1202 W InputMethodManagerService: 	at android.os.Handler.dispatchMessage(Handler.java:95)
11-27 18:50:13.739  1202  1202 W InputMethodManagerService: 	at android.os.Looper.loop(Looper.java:152)
11-27 18:50:13.739  1202  1202 W InputMethodManagerService: 	at com.android.server.SystemServer.run(SystemServer.java:286)
11-27 18:50:13.739  1202  1202 W InputMethodManagerService: 	at com.android.server.SystemServer.main(SystemServer.java:171)
11-27 18:50:13.739  1202  1202 W InputMethodManagerService: 	at java.lang.reflect.Method.invoke(Native Method)
11-27 18:50:13.739  1202  1202 W InputMethodManagerService: 	at com.android.internal.os.ZygoteInit$MethodAndArgsCaller.run(ZygoteInit.java:726)
11-27 18:50:13.739  1202  1202 W InputMethodManagerService: 	at com.android.internal.os.ZygoteInit.main(ZygoteInit.java:616)
11-27 18:50:13.972  1202  1213 I ActivityManager: Process com.google.android.gms.persistent (pid 9406) has died
11-27 18:50:13.972  1202  1367 V ActivityManager: killProcessGroupAsync took 0 ms for PID 9406 on thread 14
11-27 18:50:13.973  1202  3986 D WifiService: Client connection lost with reason: 4
11-27 18:50:13.976  1202  1213 W ActivityManager: Scheduling restart of crashed service com.google.android.gms/com.google.android.location.geocode.GeocodeService in 108827ms
11-27 18:50:13.976  1202  1213 W ActivityManager: Scheduling restart of crashed service com.google.android.gms/com.google.android.location.internal.PendingIntentCallbackService in 118827ms
11-27 18:50:13.976  1202  1213 W ActivityManager: Scheduling restart of crashed service com.google.android.gms/.auth.setup.devicesignals.LockScreenService in 118827ms
11-27 18:50:13.976  1202  1213 W ActivityManager: Scheduling restart of crashed service com.google.android.gms/com.google.android.location.places.service.PlaceDetectionService in 128827ms
11-27 18:50:13.976  1202  1213 W ActivityManager: Scheduling restart of crashed service com.google.android.gms/com.google.android.location.internal.server.GoogleLocationService in 138827ms
11-27 18:50:13.976  1202  1213 W ActivityManager: Scheduling restart of crashed service com.google.android.gms/.gcm.GcmService in 148827ms
11-27 18:50:13.976  1202  1213 W ActivityManager: Scheduling restart of crashed service com.google.android.gms/.deviceconnection.service.DeviceConnectionServiceBroker in 158827ms
11-27 18:50:13.976  1202  1213 W ActivityManager: Scheduling restart of crashed service com.google.android.gms/.common.stats.GmsCoreStatsService in 187199ms
11-27 18:50:13.976  1202  1213 W ActivityManager: Scheduling restart of crashed service com.google.android.gms/com.google.android.contextmanager.service.ContextManagerService in 197199ms
11-27 18:50:13.976  1202  1213 W ActivityManager: Scheduling restart of crashed service com.google.android.gms/com.google.android.location.network.NetworkLocationService in 207199ms
11-27 18:50:13.976  1202  1213 W ActivityManager: Scheduling restart of crashed service com.google.android.gms/.nearby.messages.service.NearbyMessagesService in 217199ms
11-27 18:50:13.977  1202  1213 W ActivityManager: Scheduling restart of crashed service com.google.android.gms/com.google.android.location.geofencer.service.GeofenceProviderService in 227199ms
11-27 18:50:13.977  1202  1213 W ActivityManager: Scheduling restart of crashed service com.google.android.gms/.auth.trustagent.GoogleTrustAgent in 237199ms
11-27 18:50:13.977  1202  1213 W ActivityManager: Scheduling restart of crashed service com.google.android.gms/com.google.android.location.internal.GoogleLocationManagerService in 247199ms
11-27 18:50:13.977  1202  1213 W ActivityManager: Scheduling restart of crashed service com.google.android.gms/.fitness.service.recording.FitRecordingBroker in 257199ms
11-27 18:50:13.977  1202  1213 W ActivityManager: Scheduling restart of crashed service com.google.android.gms/.nearby.discovery.service.ScreenOnListenerService in 267199ms
11-27 18:50:13.977  1202  1213 W ActivityManager: Scheduling restart of crashed service com.google.android.gms/com.google.android.location.fused.service.FusedProviderService in 277199ms
11-27 18:50:13.977  1202  1213 W ActivityManager: Scheduling restart of crashed service com.google.android.gms/com.google.android.location.reporting.service.DispatchingService in 287199ms
11-27 18:50:13.977  1202  1213 W ActivityManager: Scheduling restart of crashed service com.google.android.gms/com.google.location.nearby.direct.service.NearbyDirectService in 287199ms
11-27 18:50:13.977  1202  1213 W ActivityManager: Scheduling restart of crashed service com.google.android.gms/com.google.android.location.internal.server.HardwareArProviderService in 287199ms
11-27 18:50:13.977  1202  1213 W ActivityManager: Scheduling restart of crashed service com.google.android.gms/com.google.android.location.fused.FusedLocationService in 311863ms
11-27 18:50:14.037  1202  4054 D RttService: Client connection lost with reason: 4
11-27 18:50:14.037  1202  4054 D RttService: closing client android.os.Messenger@785de46
11-27 18:50:14.082  1202  1367 V ActivityManager: killProcessGroupAsync took 0 ms for PID 9575 on thread 14
11-27 18:50:14.082  1202  5604 I ActivityManager: Process com.google.android.gms (pid 9575) has died
11-27 18:50:14.082  1202  3986 D WifiService: Client connection lost with reason: 4
11-27 18:50:15.146  1202  1202 V NotificationListeners: notification listener connection lost: ComponentInfo{com.fitbit.FitbitMobile/com.fitbit.dncs.observers.AllAppNotificationListenerService}
11-27 18:50:15.184  1202  7123 I ActivityManager: Start proc 11553:com.google.android.gms.persistent/u0a12 for service com.google.android.gms/com.google.android.location.network.NetworkLocationService
11-27 18:50:15.184  1202  4177 I ActivityManager: Process com.fitbit.FitbitMobile (pid 10054) has died
11-27 18:50:15.185  1202  4177 W ActivityManager: Scheduling restart of crashed service com.fitbit.FitbitMobile/com.fitbit.dncs.observers.AllAppNotificationListenerService in 320656ms
11-27 18:50:15.185  1202  1367 V ActivityManager: killProcessGroupAsync took 0 ms for PID 10054 on thread 14
11-27 18:50:15.195  1202  1213 I ActivityManager: Process com.qti.service.colorservice (pid 11235) has died
11-27 18:50:15.195  1202  1213 W ActivityManager: Scheduling restart of crashed service com.qti.service.colorservice/.ColorServiceApp in 330645ms
11-27 18:50:15.196  1202  1367 V ActivityManager: killProcessGroupAsync took 1 ms for PID 11235 on thread 14
11-27 18:50:15.196  1202  4851 I ActivityManager: Process com.qualcomm.qcrilmsgtunnel (pid 10514) has died
11-27 18:50:15.197  1202  1367 V ActivityManager: killProcessGroupAsync took 1 ms for PID 10514 on thread 14
11-27 18:50:15.197  1202  4851 W ActivityManager: Scheduling restart of crashed service com.qualcomm.qcrilmsgtunnel/.QcrilMsgTunnelService in 340643ms
11-27 18:50:15.210  1202  5335 I ActivityManager: Process com.android.smspush (pid 11318) has died
11-27 18:50:15.210  1202  1367 V ActivityManager: killProcessGroupAsync took 0 ms for PID 11318 on thread 14
11-27 18:50:15.210  1202  5335 W ActivityManager: Scheduling restart of crashed service com.android.smspush/.WapPushManager in 350630ms
11-27 18:50:16.702  1202  4159 D ConnectivityService: ConnectivityService NetworkRequestInfo binderDied(NetworkRequest [ id=43, legacyType=-1, [ Capabilities: INTERNET&NOT_RESTRICTED&TRUSTED] ], android.os.BinderProxy@670ebd6)
11-27 18:50:16.702  1202  3987 D ConnectivityService: releasing NetworkRequest NetworkRequest [ id=43, legacyType=-1, [ Capabilities: INTERNET&NOT_RESTRICTED&TRUSTED] ]
11-27 18:50:16.704  1202  1213 I WindowState: WIN DEATH: Window{ca2b32d u0 de.fpo.greencity/de.fpo.greencity.MainActivity}
11-27 18:50:16.710  1202  5588 I ActivityManager: Start proc 11589:android.process.acore/u0a7 for content provider com.android.providers.contacts/.ContactsProvider2
11-27 18:50:16.710  1202  4739 I ActivityManager: Process de.fpo.greencity (pid 10238) has died
11-27 18:50:16.711  1202  1367 V ActivityManager: killProcessGroupAsync took 1 ms for PID 10238 on thread 14
11-27 18:50:16.734  1202  3987 D ConnectivityService: sending notification RELEASED for NetworkRequest [ id=43, legacyType=-1, [ Capabilities: INTERNET&NOT_RESTRICTED&TRUSTED] ]
11-27 18:50:16.736  1202  4739 W ActivityManager: Force removing ActivityRecord{dded584 u0 de.fpo.greencity/.MainActivity t12451}: app died, no saved state
11-27 18:50:16.746  1202  3987 E ConnectivityService: RemoteException caught trying to send a callback msg for NetworkRequest [ id=43, legacyType=-1, [ Capabilities: INTERNET&NOT_RESTRICTED&TRUSTED] ]
11-27 18:50:16.883  1202  5492 I ActivityManager: Start proc 11605:com.google.process.gapps/u0a12 for content provider com.google.android.gsf/.gservices.GservicesProvider
11-27 18:50:17.026  1202  3939 V AlarmManager: Triggering alarm #0: Alarm{40239b0 type 3 when 12991382 android}operation =Intent { act=android.content.jobscheduler.JOB_DELAY_EXPIRED }
11-27 18:50:17.377  1202  5335 I ActivityManager: Start proc 11636:com.google.android.gm/u0a47 for content provider com.google.android.gm/com.android.exchange.provider.ExchangeDirectoryProvider
11-27 18:50:17.458  1202  5492 I ActivityManager: Start proc 11651:net.oneplus.odm.provider/u0a18 for content provider net.oneplus.odm.provider/.PayloadProvider
11-27 18:50:17.710  1202  1389 I ActivityManager: Start proc 11666:com.google.android.googlequicksearchbox:search/u0a24 for broadcast com.google.android.googlequicksearchbox/.SearchWidgetProvider
11-27 18:50:17.788 11636 11681 D ActivityThread: Loading provider com.google.android.gmail.provider;com.android.mail.notifier;com.google.android.gm.email.provider;com.google.android.gm.email.notifier: com.android.email.provider.EmailProvider
11-27 18:50:18.019  1202  1212 I ActivityManager: Start proc 11695:com.google.process.gapps/u0a118 for content provider com.google.android.syncadapters.contacts/.GalProvider
11-27 18:50:18.137  1202  3939 V AlarmManager: Triggering alarm #0: Alarm{9edff7a type 3 when 12991498 android}operation =Intent { act=android.content.jobscheduler.JOB_DELAY_EXPIRED }
11-27 18:50:18.179  1202  3986 D WifiService: New client listening to asynchronous messages
11-27 18:50:18.197  1202  5604 W InputMethodManagerService: Got RemoteException sending setActive(false) notification to pid 10238 uid 10565
11-27 18:50:18.213  1202  5604 I ActivityManager: Start proc 11726:com.google.android.inputmethod.latin/u0a56 for service com.google.android.inputmethod.latin/com.android.inputmethod.latin.LatinIME
11-27 18:50:18.213  1202  5604 V InputMethodManagerService: Adding window token: android.os.Binder@d4831cc
11-27 18:50:18.214  1202  1212 W ActivityManager: Unable to start service Intent { cmp=com.google.android.gm/com.android.email.service.AttachmentService } U=0: not found
11-27 18:50:18.214  1202  5301 W ActivityManager: Unable to start service Intent { cmp=com.google.android.gm.exchange/com.android.exchange.service.EasService } U=0: not found
11-27 18:50:18.626  1202  4054 D RttService: New client listening to asynchronous messages: android.os.Messenger@6655883
11-27 18:50:18.864  1202  3986 D WifiService: New client listening to asynchronous messages
11-27 18:50:19.006  1202  4886 I ActivityManager: Start proc 11797:com.google.android.partnersetup/u0a15 for content provider com.google.android.partnersetup/.RlzAppProvider
11-27 18:50:19.156  1202  1389 I ActivityManager: Start proc 11814:com.google.android.talk/u0a52 for broadcast com.google.android.talk/com.google.android.apps.hangouts.service.broadcastreceiver.GcmStateReceiver
11-27 18:50:19.400  1202  1213 I ActivityManager: Start proc 11846:com.google.android.gms/u0a12 for service com.google.android.gms/com.google.android.location.places.service.GeoDataService
11-27 18:50:20.294 11553 11553 E ActivityThread: Service com.google.android.location.places.service.PlaceDetectionService has leaked IntentReceiver kzx@385b2cd that was originally registered here. Are you missing a call to unregisterReceiver()?
11-27 18:50:20.294 11553 11553 E ActivityThread: android.app.IntentReceiverLeaked: Service com.google.android.location.places.service.PlaceDetectionService has leaked IntentReceiver kzx@385b2cd that was originally registered here. Are you missing a call to unregisterReceiver()?
11-27 18:50:20.294 11553 11553 E ActivityThread: 	at android.app.LoadedApk$ReceiverDispatcher.<init>(LoadedApk.java:946)
11-27 18:50:20.294 11553 11553 E ActivityThread: 	at android.app.LoadedApk.getReceiverDispatcher(LoadedApk.java:742)
11-27 18:50:20.294 11553 11553 E ActivityThread: 	at android.app.ContextImpl.registerReceiverInternal(ContextImpl.java:1188)
11-27 18:50:20.294 11553 11553 E ActivityThread: 	at android.app.ContextImpl.registerReceiver(ContextImpl.java:1168)
11-27 18:50:20.294 11553 11553 E ActivityThread: 	at android.content.ContextWrapper.registerReceiver(ContextWrapper.java:562)
11-27 18:50:20.294 11553 11553 E ActivityThread: 	at android.content.ContextWrapper.registerReceiver(ContextWrapper.java:562)
11-27 18:50:20.294 11553 11553 E ActivityThread: 	at android.content.ContextWrapper.registerReceiver(ContextWrapper.java:562)
11-27 18:50:20.294 11553 11553 E ActivityThread: 	at kzu.c(:com.google.android.gms:457)
11-27 18:50:20.294 11553 11553 E ActivityThread: 	at kzu.a(:com.google.android.gms:231)
11-27 18:50:20.294 11553 11553 E ActivityThread: 	at albh.a(:com.google.android.gms:463)
11-27 18:50:20.294 11553 11553 E ActivityThread: 	at albh.a(:com.google.android.gms:166)
11-27 18:50:20.294 11553 11553 E ActivityThread: 	at alet.run(:com.google.android.gms:1316)
11-27 18:50:20.294 11553 11553 E ActivityThread: 	at android.os.Handler.handleCallback(Handler.java:739)
11-27 18:50:20.294 11553 11553 E ActivityThread: 	at android.os.Handler.dispatchMessage(Handler.java:95)
11-27 18:50:20.294 11553 11553 E ActivityThread: 	at android.os.Looper.loop(Looper.java:152)
11-27 18:50:20.294 11553 11553 E ActivityThread: 	at android.os.HandlerThread.run(HandlerThread.java:61)
11-27 18:50:20.525  1202  5492 I ActivityManager: Start proc 11930:com.tinder/u0a42 for service com.tinder/.globalping.service.GlobalPingTaskService
11-27 18:50:20.650  1202  1389 I ActivityManager: Start proc 11944:com.google.android.keep/u0a55 for broadcast com.google.android.keep/.notification.AlertReceiver
11-27 18:50:20.720  1202  4177 D WifiService: acquireWifiLockLocked: WifiLock{NlpWifiLock type=2 binder=android.os.BinderProxy@10654b4}
11-27 18:50:20.734  1202  3939 V AlarmManager: Triggering alarm #0: Alarm{4b918dd type 2 when 12994961 com.google.android.gms}operation =Intent { act=com.google.android.location.ALARM_WAKEUP_BURST_COLLECTION_TRIGGER }
11-27 18:50:20.793  1202  5604 I ActivityManager: Start proc 11961:com.google.android.apps.fitness/u0a555 for service com.google.android.apps.fitness/.api.services.ActivityUpsamplingService
11-27 18:50:20.816  1202  5604 I ActivityManager: Start proc 11973:com.endomondo.android/u0a1 for service com.endomondo.android/.common.activityrecognition.ActivityRecognitionService
11-27 18:50:21.213  1202  4874 D WifiService: acquireWifiLockLocked: WifiLock{NlpWifiLock type=2 binder=android.os.BinderProxy@7b88b5a}
11-27 18:50:21.252  1202  5588 D WifiService: releaseWifiLockLocked: WifiLock{NlpWifiLock type=2 binder=android.os.BinderProxy@7b88b5a}
11-27 18:50:21.473 11973 12079 W ActivityThread: ClassLoader.loadClass: The class loader returned by Thread.getContextClassLoader() may fail for processes that host multiple applications. You should explicitly specify a context class loader. For example: Thread.setContextClassLoader(getClass().getClassLoader());
11-27 18:50:22.637  1202  1202 I DeviceIdleController: updateChargingLocked: charging=true
11-27 18:50:22.637  1202  1202 I DeviceIdleController: becomeActiveLocked, reason = charging
11-27 18:50:22.814  1202  1389 I ActivityManager: Start proc 12170:com.google.android.apps.messaging:rcs/u0a29 for service com.google.android.apps.messaging/com.google.android.rcs.service.service.JibeService
11-27 18:50:25.177  1202  3987 D ConnectivityService: rematching NetworkAgentInfo [WIFI () - 101]
11-27 18:50:25.177  1202  3987 D ConnectivityService:  network has: [ Transports: WIFI Capabilities: INTERNET&NOT_RESTRICTED&TRUSTED&NOT_VPN&VALIDATED LinkUpBandwidth>=1048576Kbps LinkDnBandwidth>=1048576Kbps SignalStrength: -55]
11-27 18:50:25.177  1202  3987 D ConnectivityService: Network NetworkAgentInfo [WIFI () - 101] was already satisfying request 1. No change.
11-27 18:50:25.177  1202  3987 D ConnectivityService:   checking if request is satisfied: NetworkRequest [ id=3, legacyType=-1, [] ]
11-27 18:50:25.177  1202  3987 D ConnectivityService: notifyType CAP_CHANGED for NetworkAgentInfo [WIFI () - 101]
11-27 18:50:25.177  1202  3987 D ConnectivityService:  sending notification for NetworkRequest [ id=1, legacyType=-1, [ Capabilities: INTERNET&NOT_RESTRICTED&TRUSTED&NOT_VPN] ]
11-27 18:50:25.177  1202  3987 D ConnectivityService:  sending notification for NetworkRequest [ id=3, legacyType=-1, [] ]
11-27 18:50:25.177  1202  3987 D ConnectivityService: sending notification CAP_CHANGED for NetworkRequest [ id=3, legacyType=-1, [] ]
11-27 18:50:25.294  1202  5335 D WifiService: releaseWifiLockLocked: WifiLock{NlpWifiLock type=2 binder=android.os.BinderProxy@10654b4}
11-27 18:50:26.121  1202  5301 I ActivityManager: START u0 {act=android.intent.action.MAIN cat=[android.intent.category.LAUNCHER] flg=0x10200000 cmp=de.fpo.greencity/.MainActivity (has extras)} from uid 1000 pid 11508 on display 0
11-27 18:50:26.255 11508 11508 W ContextImpl: Calling a method in the system process without a qualified user: android.app.ContextImpl.sendBroadcast:794 android.content.ContextWrapper.sendBroadcast:402 com.android.launcher3.Stats.recordLaunch:459 com.android.launcher3.Launcher.startAppShortcutOrInfoActivity:3015 com.android.launcher3.Launcher.onClick:2840 
11-27 18:50:26.256  1202  1389 W BroadcastQueue: Permission Denial: receiving Intent { act=com.android.launcher3.action.LAUNCH flg=0x10 (has extras) } to com.google.android.gms/.chimera.GmsIntentOperationService$GmsExternalReceiver requires com.android.launcher3.permission.RECEIVE_LAUNCH_BROADCASTS due to sender com.android.launcher3 (uid 1000)
11-27 18:50:26.256  1202  1389 W BroadcastQueue: Permission Denial: receiving Intent { act=com.android.launcher3.action.LAUNCH flg=0x10 (has extras) } to com.google.android.gms/.icing.proxy.ApplicationLauncherReceiver requires com.android.launcher3.permission.RECEIVE_LAUNCH_BROADCASTS due to sender com.android.launcher3 (uid 1000)
11-27 18:50:26.256  1202  1389 W BroadcastQueue: Permission Denial: receiving Intent { act=com.android.launcher3.action.LAUNCH flg=0x10 (has extras) } to com.google.android.googlequicksearchbox/com.google.android.apps.gsa.search.core.icingsync.ApplicationLaunchReceiver requires com.android.launcher3.permission.RECEIVE_LAUNCH_BROADCASTS due to sender com.android.launcher3 (uid 1000)
11-27 18:50:26.293  1202  5586 I ActivityManager: Start proc 12253:de.fpo.greencity/u0a565 for activity de.fpo.greencity/.MainActivity
11-27 18:50:26.736  1202  1213 D ConnectivityService: listenForNetwork for Listen from uid/pid:10565/12253 for NetworkRequest [ id=45, legacyType=-1, [ Capabilities: INTERNET&NOT_RESTRICTED&TRUSTED] ]
11-27 18:50:26.736  1202  3987 D ConnectivityService: rematching NetworkAgentInfo [WIFI () - 101]
11-27 18:50:26.736  1202  3987 D ConnectivityService:  network has: [ Transports: WIFI Capabilities: INTERNET&NOT_RESTRICTED&TRUSTED&NOT_VPN&VALIDATED LinkUpBandwidth>=1048576Kbps LinkDnBandwidth>=1048576Kbps SignalStrength: -55]
11-27 18:50:26.736  1202  3987 D ConnectivityService: Network NetworkAgentInfo [WIFI () - 101] was already satisfying request 1. No change.
11-27 18:50:26.736  1202  3987 D ConnectivityService:   checking if request is satisfied: NetworkRequest [ id=45, legacyType=-1, [ Capabilities: INTERNET&NOT_RESTRICTED&TRUSTED] ]
11-27 18:50:26.736  1202  3987 D ConnectivityService:   checking if request is satisfied: NetworkRequest [ id=3, legacyType=-1, [] ]
11-27 18:50:26.736  1202  3987 D ConnectivityService: sending notification AVAILABLE for NetworkRequest [ id=45, legacyType=-1, [ Capabilities: INTERNET&NOT_RESTRICTED&TRUSTED] ]
11-27 18:50:26.924  1202  4851 D ConnectivityService: listenForNetwork for Listen from uid/pid:10565/12253 for NetworkRequest [ id=46, legacyType=-1, [ Capabilities: INTERNET&NOT_RESTRICTED&TRUSTED] ]
11-27 18:50:26.925  1202  3987 D ConnectivityService: rematching NetworkAgentInfo [WIFI () - 101]
11-27 18:50:26.925  1202  3987 D ConnectivityService:  network has: [ Transports: WIFI Capabilities: INTERNET&NOT_RESTRICTED&TRUSTED&NOT_VPN&VALIDATED LinkUpBandwidth>=1048576Kbps LinkDnBandwidth>=1048576Kbps SignalStrength: -55]
11-27 18:50:26.925  1202  3987 D ConnectivityService: Network NetworkAgentInfo [WIFI () - 101] was already satisfying request 1. No change.
11-27 18:50:26.925  1202  3987 D ConnectivityService:   checking if request is satisfied: NetworkRequest [ id=45, legacyType=-1, [ Capabilities: INTERNET&NOT_RESTRICTED&TRUSTED] ]
11-27 18:50:26.925  1202  3987 D ConnectivityService:   checking if request is satisfied: NetworkRequest [ id=3, legacyType=-1, [] ]
11-27 18:50:26.925  1202  3987 D ConnectivityService:   checking if request is satisfied: NetworkRequest [ id=46, legacyType=-1, [ Capabilities: INTERNET&NOT_RESTRICTED&TRUSTED] ]
11-27 18:50:26.925  1202  3987 D ConnectivityService: sending notification AVAILABLE for NetworkRequest [ id=46, legacyType=-1, [ Capabilities: INTERNET&NOT_RESTRICTED&TRUSTED] ]
11-27 18:50:27.658  1202  3987 D ConnectivityService: releasing NetworkRequest NetworkRequest [ id=45, legacyType=-1, [ Capabilities: INTERNET&NOT_RESTRICTED&TRUSTED] ]
11-27 18:50:27.659  1202  3987 D ConnectivityService: sending notification RELEASED for NetworkRequest [ id=45, legacyType=-1, [ Capabilities: INTERNET&NOT_RESTRICTED&TRUSTED] ]
11-27 18:50:28.187  1202  3987 D ConnectivityService: rematching NetworkAgentInfo [WIFI () - 101]
11-27 18:50:28.187  1202  3987 D ConnectivityService:  network has: [ Transports: WIFI Capabilities: INTERNET&NOT_RESTRICTED&TRUSTED&NOT_VPN&VALIDATED LinkUpBandwidth>=1048576Kbps LinkDnBandwidth>=1048576Kbps SignalStrength: -65]
11-27 18:50:28.187  1202  3987 D ConnectivityService: Network NetworkAgentInfo [WIFI () - 101] was already satisfying request 1. No change.
11-27 18:50:28.187  1202  3987 D ConnectivityService:   checking if request is satisfied: NetworkRequest [ id=3, legacyType=-1, [] ]
11-27 18:50:28.187  1202  3987 D ConnectivityService:   checking if request is satisfied: NetworkRequest [ id=46, legacyType=-1, [ Capabilities: INTERNET&NOT_RESTRICTED&TRUSTED] ]
11-27 18:50:28.188  1202  3987 D ConnectivityService: notifyType CAP_CHANGED for NetworkAgentInfo [WIFI () - 101]
11-27 18:50:28.188  1202  3987 D ConnectivityService:  sending notification for NetworkRequest [ id=1, legacyType=-1, [ Capabilities: INTERNET&NOT_RESTRICTED&TRUSTED&NOT_VPN] ]
11-27 18:50:28.188  1202  3987 D ConnectivityService:  sending notification for NetworkRequest [ id=3, legacyType=-1, [] ]
11-27 18:50:28.188  1202  3987 D ConnectivityService: sending notification CAP_CHANGED for NetworkRequest [ id=3, legacyType=-1, [] ]
11-27 18:50:28.188  1202  3987 D ConnectivityService:  sending notification for NetworkRequest [ id=46, legacyType=-1, [ Capabilities: INTERNET&NOT_RESTRICTED&TRUSTED] ]
11-27 18:50:28.189  1202  3987 D ConnectivityService: sending notification CAP_CHANGED for NetworkRequest [ id=46, legacyType=-1, [ Capabilities: INTERNET&NOT_RESTRICTED&TRUSTED] ]
11-27 18:50:28.637  1202  1202 I DeviceIdleController: updateChargingLocked: charging=true
11-27 18:50:28.637  1202  1202 I DeviceIdleController: becomeActiveLocked, reason = charging
11-27 18:50:32.825  1202  1389 I ActivityManager: Start proc 12384:net.oneplus.odm/1000 for service net.oneplus.odm/.insight.OneplusAnalyticsJobService
11-27 18:50:32.894 12384 12384 W ContextImpl: Calling a method in the system process without a qualified user: android.app.ContextImpl.startService:1237 android.content.ContextWrapper.startService:582 net.oneplus.odm.insight.OneplusAnalyticsScheduler.<init>:34 net.oneplus.odm.insight.OneplusAnalyticsScheduler.getInstance:39 net.oneplus.odm.DeviceManagerService.onCreate:126 
11-27 18:50:32.901  1202  3939 V AlarmManager: Triggering alarm #0: Alarm{c45f061 type 3 when 13007259 android}operation =Intent { act=android.content.jobscheduler.JOB_DELAY_EXPIRED }
11-27 18:50:34.648  1202  1202 I DeviceIdleController: updateChargingLocked: charging=true
11-27 18:50:34.649  1202  1202 I DeviceIdleController: becomeActiveLocked, reason = charging
