11-27 18:58:11.533 16664 16664 D com.tenforwardconsulting.bgloc.DistanceFilterLocationProvider: Location change: Location[gps 51,534267,9,940716 acc=4 et=+3h44m25s841ms alt=67.48430633544922 vel=0.67396396 mock {Bundle[mParcelledData.dataSize=664]}] isMoving=false
11-27 18:58:11.542 16664 16664 D com.tenforwardconsulting.bgloc.DistanceFilterLocationProvider: Location change: Location[network 51,534262,9,940708 acc=5 et=+3h44m25s840ms alt=68.45696258544922 vel=0.26950803 mock] isMoving=false
11-27 18:58:11.556 16664 16664 D com.tenforwardconsulting.bgloc.DistanceFilterLocationProvider: Location change: Location[network 51,534262,9,940708 acc=5 et=+3h44m25s840ms alt=68.45696258544922 vel=0.26950803 mock {Bundle[mParcelledData.dataSize=664]}] isMoving=false
11-27 18:58:11.559 17018 17018 D AppTracker: App Event: stop
11-27 18:58:11.610 15240 15240 I GCoreNlp: !shouldConfirmNlp, ensuring user opted into NLP
11-27 18:58:11.612 17250 17250 W System  : ClassLoader referenced unknown path: /data/app/com.android.vending-1/lib/arm64
11-27 18:58:11.658   357   357 W auditd  : type=1400 "Binder_6""socket:[804658]""sockfs"
11-27 18:58:11.658   357   357 W auditd  : type=1400 "Binder_6""socket:[804658]""sockfs"
11-27 18:58:11.694   445  3756 D APM-AudioPolicyManager: stopOutput() output 2, stream 1, session 18
11-27 18:58:11.694   445  3756 D AudioPolicyManagerCustom: getNewOutputDevice() selected device 0
11-27 18:58:11.694   445  3756 D APM-AudioPolicyManager: setOutputDevice() device 0000 delayMs 96
11-27 18:58:11.695 17018 17018 D AbstractTracker: Event success
11-27 18:58:11.700 17018 17153 D OpenGLRenderer: endAllStagingAnimators on 0x7f61071000 (RippleDrawable) with handle 0x7f6d0e1500
11-27 18:58:11.783 16664 16664 D com.tenforwardconsulting.bgloc.DistanceFilterLocationProvider: Location change: Location[network 51,534249,9,940712 acc=2 et=+3h44m26s141ms alt=163.76614379882813 vel=0.15965018 mock] isMoving=false
11-27 18:58:11.796 16664 16664 I com.tenforwardconsulting.bgloc.DistanceFilterLocationProvider: startMonitoringStationaryRegion: lat=51.534249221945025 lon=9.940711825330165 acy=1.6030124
11-27 18:58:12.012 15240 15240 I GCoreUlr: Starting service, intent=Intent { act=com.google.android.location.reporting.ACTION_UPDATE_WORLD cmp=com.google.android.gms/com.google.android.location.reporting.service.DispatchingService (has extras) }, extras=Bundle[{receiverAction=android.location.PROVIDERS_CHANGED}]
11-27 18:58:12.031 16664 16664 D com.marianhello.bgloc.LocationService: New location BGLocation[network 51,534249,9,940712 id=null acc=2 t=1480269491776 et=+3h44m26s141ms alt=163.76614379882813 vel=0.15965018 mock locprov=0]
11-27 18:58:12.061 16664 16664 D com.marianhello.bgloc.LocationService: Persisted location: BGLocation[network 51,534249,9,940712 id=238 acc=2 t=1480269491776 et=+3h44m26s141ms alt=163.76614379882813 vel=0.15965018 mock locprov=0]
11-27 18:58:12.085 16664 16744 D com.tenforwardconsulting.cordova.BackgroundGeolocationPlugin: Sending location to webview
11-27 18:58:12.085 16664 16664 D com.tenforwardconsulting.bgloc.DistanceFilterLocationProvider: Location change: Location[gps 51,534281,9,940716 acc=4 et=+3h44m26s142ms alt=160.99021911621094 vel=0.23389603 mock] isMoving=false
11-27 18:58:12.089 15240 15240 I GCoreNlp: !shouldConfirmNlp, ensuring user opted into NLP
11-27 18:58:12.127  1202  5335 W WindowManager: Force-removing child win Window{e11f525 u0 Panel:com.lexa.fakegps/com.lexa.fakegps.ui.Main EXITING} from container Window{606233 u0 com.lexa.fakegps/com.lexa.fakegps.ui.Main}
11-27 18:58:12.135 17250 17250 I DpmTcmClient: RegisterTcmMonitor from: org.apache.http.impl.conn.TcmIdleTimerMonitor
11-27 18:58:12.137 16664 16664 D com.tenforwardconsulting.bgloc.DistanceFilterLocationProvider: Location change: Location[gps 51,534281,9,940716 acc=4 et=+3h44m26s142ms alt=160.99021911621094 vel=0.23389603 mock {Bundle[mParcelledData.dataSize=664]}] isMoving=false
11-27 18:58:12.146 15240 15240 I GCoreUlr: Starting service, intent=Intent { act=com.google.android.location.reporting.ACTION_UPDATE_WORLD cmp=com.google.android.gms/com.google.android.location.reporting.service.DispatchingService (has extras) }, extras=Bundle[{receiverAction=android.location.PROVIDERS_CHANGED}]
11-27 18:58:12.150 15240 15323 I GCoreUlr: Filtering location: Location[fused 51,534268,9,940716 acc=4 et=+3h44m25s841ms alt=67.48430633544922 vel=0.67396396 mock {Bundle[{mockLocation=true, noGPSLocation=Location[fused 51,527870,9,933994 acc=20 et=+3h43m22s59ms {Bundle[mParcelledData.dataSize=204]}], locationType=1}]}]
11-27 18:58:12.150 15240 15323 I GCoreUlr: No valid location reports to store
11-27 18:58:12.155 16664 16664 D com.tenforwardconsulting.bgloc.DistanceFilterLocationProvider: Location change: Location[network 51,534249,9,940712 acc=2 et=+3h44m26s141ms alt=163.76614379882813 vel=0.15965018 mock {Bundle[mParcelledData.dataSize=664]}] isMoving=false
11-27 18:58:12.195 15240 15705 I GCoreUlr: WorldUpdater received intent Intent { act=com.google.android.location.reporting.ACTION_UPDATE_WORLD cmp=com.google.android.gms/com.google.android.location.reporting.service.DispatchingService (has extras) } with receiverAction android.location.PROVIDERS_CHANGED
11-27 18:58:12.214 16664 16839 D com.tenforwardconsulting.bgloc.DistanceFilterLocationProvider: Entering stationary region
11-27 18:58:12.222 15240 15240 I Coffee-PlaceTrustlet: Entered Trusted Places Id List: 
11-27 18:58:12.222 15240 15240 I Coffee-PlaceTrustlet: Nearby alert: ChIJj3xdar3UpEcRDyPdiA2SHFQ, Exit
11-27 18:58:12.228 15240 15240 I TrustAgent: [GoogleTrustAgentChimeraService] Trust state changed, trusted: false reason: null
11-27 18:58:12.229 15240 15240 I Coffee-PlaceTrustlet: isTrusted() && mEnteredTrustedPlacesIdList.isEmpty(), revokeTrust(null)
11-27 18:58:12.229 15240 15240 I Coffee-PlaceTrustlet: end of validateTrust
11-27 18:58:12.315 17250 17250 I Finsky  : [1] com.google.android.finsky.services.DailyHygiene.a(238): No need to run daily hygiene.
11-27 18:58:12.327 17250 17250 W Settings: Setting download_manager_max_bytes_over_mobile has moved from android.provider.Settings.Secure to android.provider.Settings.Global.
11-27 18:58:12.328 17250 17250 W Settings: Setting download_manager_recommended_max_bytes_over_mobile has moved from android.provider.Settings.Secure to android.provider.Settings.Global.
11-27 18:58:12.356 17250 17250 I Finsky  : [1] com.google.android.finsky.utils.bm.a(175): Enabling bucket experiment: factor=2.000, zeroDelta=0ms, forceNetwork=false
11-27 18:58:12.414 15240 15705 I GCoreUlr: WorldUpdater:android.location.PROVIDERS_CHANGED: Ensuring that reporting is active for [account#-8#]
11-27 18:58:12.423 15240 15705 I GCoreUlr: Place inference reporting - stop
11-27 18:58:12.424 17250 17308 V GoogleSignatureVerifier: com.google.android.gms signature not valid.  Found: 
11-27 18:58:12.424 17250 17308 V GoogleSignatureVerifier: MIIEQzCCAyugAwIBAgIJAMLgh0ZkSjCNMA0GCSqGSIb3DQEBBAUAMHQxCzAJBgNVBAYTAlVTMRMw
11-27 18:58:12.424 17250 17308 V GoogleSignatureVerifier: EQYDVQQIEwpDYWxpZm9ybmlhMRYwFAYDVQQHEw1Nb3VudGFpbiBWaWV3MRQwEgYDVQQKEwtHb29n
11-27 18:58:12.424 17250 17308 V GoogleSignatureVerifier: bGUgSW5jLjEQMA4GA1UECxMHQW5kcm9pZDEQMA4GA1UEAxMHQW5kcm9pZDAeFw0wODA4MjEyMzEz
11-27 18:58:12.424 17250 17308 V GoogleSignatureVerifier: MzRaFw0zNjAxMDcyMzEzMzRaMHQxCzAJBgNVBAYTAlVTMRMwEQYDVQQIEwpDYWxpZm9ybmlhMRYw
11-27 18:58:12.424 17250 17308 V GoogleSignatureVerifier: FAYDVQQHEw1Nb3VudGFpbiBWaWV3MRQwEgYDVQQKEwtHb29nbGUgSW5jLjEQMA4GA1UECxMHQW5k
11-27 18:58:12.424 17250 17308 V GoogleSignatureVerifier: cm9pZDEQMA4GA1UEAxMHQW5kcm9pZDCCASAwDQYJKoZIhvcNAQEBBQADggENADCCAQgCggEBAKtW
11-27 18:58:12.424 17250 17308 V GoogleSignatureVerifier: LgDYO6IIrgqWbxJOKdoR8qtW0I9Y4sypEwPpt1TTcvZApxsdyxMJZ2JORland2qSGT2y5b+3JKke
11-27 18:58:12.424 17250 17308 V GoogleSignatureVerifier: dxiLDmpHpDsz2WCbdxgxRczfey5YZnTJ4VZbH0xqWVW/8lGmPav5xVwnIiJS6HXk+BVKZF+JcWjA
11-27 18:58:12.424 17250 17308 V GoogleSignatureVerifier: sb/GEuq/eFdpuzSqeYTcfi6idkyugwfYwXFU1+5fZKUaRKYCwkkFQVfcAs1fXA5V+++FGfvjJ/Cx
11-27 18:58:12.424 17250 17308 V GoogleSignatureVerifier: URaSxaBvGdGDhfXE28LWuT9ozCl5xw4Yq5OGazvV24mZVSoOO0yZ31j7kYvtwYK6NeADwbSxDdJE
11-27 18:58:12.424 17250 17308 V GoogleSignatureVerifier: qO4k//0zOHKrUiGYXtqw/A0LFFtqoZKFjnkCAQOjgdkwgdYwHQYDVR0OBBYEFMd9jMIhF1Ylmn/T
11-27 18:58:12.424 17250 17308 V GoogleSignatureVerifier: gt9r45jk14alMIGmBgNVHSMEgZ4wgZuAFMd9jMIhF1Ylmn/Tgt9r45jk14aloXikdjB0MQswCQYD
11-27 18:58:12.424 17250 17308 V GoogleSignatureVerifier: VQQGEwJVUzETMBEGA1UECBMKQ2FsaWZvcm5pYTEWMBQGA1UEBxMNTW91bnRhaW4gVmlldzEUMBIG
11-27 18:58:12.424 17250 17308 V GoogleSignatureVerifier: A1UEChMLR29vZ2xlIEluYy4xEDAOBgNVBAsTB0FuZHJvaWQxEDAOBgNVBAMTB0FuZHJvaWSCCQDC
11-27 18:58:12.424 17250 17308 V GoogleSignatureVerifier: 4IdGZEowjTAMBgNVHRMEBTADAQH/MA0GCSqGSIb3DQEBBAUAA4IBAQBt0lLO74UwLDYKqs6Tm8/y
11-27 18:58:12.424 17250 17308 V GoogleSignatureVerifier: zKkEu116FmH4rkaymUIE0P9KaMftGlMexFlaYjzmB2OxZyl6euNXEsQH8gjwyxCUKRJNexBiGcCE
11-27 18:58:12.424 17250 17308 V GoogleSignatureVerifier: yj6z+a1fuHHvkiaai+KL8W1EyNmgjmyy8AW7P+LLlkR+ho5zEHatRbM/YAnqGcFh5iZBqpknHf1S
11-27 18:58:12.424 17250 17308 V GoogleSignatureVerifier: KMXFh4dd239FJ1jWYfbMDMy3NS5CTMQ2XFI1MvcyUTdZPErjQfTbQe3aDQsQcafEQPD+nqActifK
11-27 18:58:12.424 17250 17308 V GoogleSignatureVerifier: Z0Np0IS9L9kR/wbNvyz6ENwPiTrjV2KRkEjH78ZMcUQXg0L3BYHJ3lc69Vs5Ddf9uUGGMYldX3Wf
11-27 18:58:12.424 17250 17308 V GoogleSignatureVerifier: MBEmh/9iFBDAaTCK
11-27 18:58:12.426 17250 17250 I Finsky  : [1] com.google.android.finsky.installer.z.a(1287): Installer kick - no action, not running yet
11-27 18:58:12.449 17250 17250 I Finsky  : [1] com.google.android.finsky.l.j.run(206): Loaded library for account: [IX7bOSYXOX1sua39GvrDzzwCIDA]
11-27 18:58:12.450 17250 17250 I Finsky  : [1] com.google.android.finsky.l.j.run(212): Finished loading 1 libraries.
11-27 18:58:12.462 15240 15705 I GCoreUlr: WorldUpdater received intent Intent { act=com.google.android.location.reporting.ACTION_UPDATE_WORLD cmp=com.google.android.gms/com.google.android.location.reporting.service.DispatchingService (has extras) } with receiverAction android.location.PROVIDERS_CHANGED
11-27 18:58:12.464 15240 15240 I WearableService: Wear is not allowed to run on this device. Not starting Wear service.
11-27 18:58:12.467 17250 17250 I Finsky  : [1] com.google.android.finsky.c.l.a(250): result=false type=4
11-27 18:58:12.490 17250 17250 I Finsky  : [1] com.google.android.finsky.services.bd.a(1069): Restore complete with 0 success and 0 failed.
11-27 18:58:12.496 17250 17250 E Finsky  : [1] com.google.android.finsky.wear.bp.a(843): onConnectionFailed: ConnectionResult{statusCode=API_UNAVAILABLE, resolution=null, message=null}
11-27 18:58:12.496 17250 17250 I Finsky  : [1] com.google.android.finsky.wear.an.run(2399): Dropping command=send_installed_apps due to Gms not connected
11-27 18:58:12.677 15240 15705 I GCoreUlr: WorldUpdater:android.location.PROVIDERS_CHANGED: Ensuring that reporting is active for [account#-8#]
11-27 18:58:12.678 15240 15705 I GCoreUlr: Place inference reporting - stop
11-27 18:58:13.021  4489  4489 D wpa_supplicant: wlan0: Control interface command 'SIGNAL_POLL'
11-27 18:58:13.028  4489  4489 D wpa_supplicant: CTRL-DEBUG: global_ctrl_sock-sendto: sock=11 sndbuf=212992 outq=0 send_len=48
11-27 18:58:13.160  1202  5492 I ActivityManager: START u0 {act=com.android.systemui.recents.SHOW_RECENTS flg=0x10804000 cmp=com.android.systemui/.recents.RecentsActivity} from uid 10023 pid 4125 on display 0
11-27 18:58:13.233  4125  4125 D AppTracker: App Event: start
11-27 18:58:13.267  4125  4125 D AbstractTracker: Event success
11-27 18:58:13.269   357   357 W auditd  : type=1400 "Binder_3""socket:[813956]""sockfs"
11-27 18:58:13.269   357   357 W auditd  : type=1400 "Binder_3""socket:[813956]""sockfs"
11-27 18:58:13.593   563   563 I MSM-irqbalance: Decided to move IRQ51 from CPU0 to CPU2
11-27 18:58:14.473   445   445 D APM-AudioPolicyManager: getOutput() device 2, stream 1, samplingRate 0, format 0, channelMask 3, flags 0
11-27 18:58:14.473   445   445 D AudioPolicyManagerCustom: getOutput() The last flag  8
11-27 18:58:14.473   445   445 D AudioPolicyManagerCustom: getOutputForDevice() returns output 6
11-27 18:58:14.474   445 14994 D APM-AudioPolicyManager: getOutput() device 2, stream 1, samplingRate 0, format 0, channelMask 3, flags 0
11-27 18:58:14.474   445 14994 D AudioPolicyManagerCustom: getOutput() The last flag  8
11-27 18:58:14.474   445 14994 D AudioPolicyManagerCustom: getOutputForDevice() returns output 6
11-27 18:58:14.474   445  3756 D APM-AudioPolicyManager: startOutput() output 2, stream 1, session 18
11-27 18:58:14.474   445  3756 D AudioPolicyManagerCustom: getNewOutputDevice() selected device 2
11-27 18:58:14.474   445  3756 D APM-AudioPolicyManager: setOutputDevice() device 0002 delayMs 0
11-27 18:58:14.487   445  3759 D audio_hw_primary: out_set_parameters: enter: usecase(1: low-latency-playback) kvpairs: routing=2
11-27 18:58:14.487   445  3759 D audio_hw_extn: audio_extn_set_anc_parameters: anc_enabled:0
11-27 18:58:14.487   445  3756 D APM-AudioPolicyManager: startOutput()--
11-27 18:58:14.493  4125  4125 D AppTracker: App Event: stop
11-27 18:58:14.523   445  3759 D AudioFlinger: mixer(0xf22c0000) throttle end: throttle time(5)
11-27 18:58:14.541 16664 16664 I com.tenforwardconsulting.cordova.BackgroundGeolocationPlugin: App is visible
11-27 18:58:14.562 16664 16664 I com.tenforwardconsulting.cordova.BackgroundGeolocationPlugin: App will be resumed multitasking=true
11-27 18:58:14.571 16664 16664 D AppTracker: App Event: start
11-27 18:58:14.588  4125  4125 D AbstractTracker: Event success
11-27 18:58:14.630   357   357 W auditd  : type=1400 "Binder_C""socket:[737051]""sockfs"
11-27 18:58:14.630   357   357 W auditd  : type=1400 "Binder_C""socket:[737051]""sockfs"
11-27 18:58:14.633  1202  4159 W InputMethodManagerService: Starting input on non-focused client com.android.internal.view.IInputMethodClient$Stub$Proxy@5266cb3 (uid=10023 pid=4125)
11-27 18:58:14.635 16664 16664 D AbstractTracker: Event success
11-27 18:58:14.734   445  3756 D APM-AudioPolicyManager: stopOutput() output 2, stream 1, session 18
11-27 18:58:14.734   445  3756 D AudioPolicyManagerCustom: getNewOutputDevice() selected device 0
11-27 18:58:14.734   445  3756 D APM-AudioPolicyManager: setOutputDevice() device 0000 delayMs 96
11-27 18:58:15.858  1202  1389 I ActivityManager: Start proc 17331:com.google.android.googlequicksearchbox:interactor/u0a24 for service com.google.android.googlequicksearchbox/com.google.android.voiceinteraction.GsaVoiceInteractionService
11-27 18:58:16.006 17331 17331 W KeyphraseEnrollmentInfo: Enrollment application doesn't support keyphrases
11-27 18:58:16.040  4489  4489 D wpa_supplicant: wlan0: Control interface command 'SIGNAL_POLL'
11-27 18:58:16.043  4489  4489 D wpa_supplicant: CTRL-DEBUG: global_ctrl_sock-sendto: sock=11 sndbuf=212992 outq=0 send_len=48
11-27 18:58:16.230   445 14994 D APM-AudioPolicyManager: getOutput() device 2, stream 1, samplingRate 0, format 0, channelMask 3, flags 0
11-27 18:58:16.230   445 14994 D AudioPolicyManagerCustom: getOutput() The last flag  8
11-27 18:58:16.230   445 14994 D AudioPolicyManagerCustom: getOutputForDevice() returns output 6
11-27 18:58:16.266 15375 15465 I GrammarCompilationSvcCt: Grammar compilation alarm set for interval 604800000
11-27 18:58:16.637  1202  1202 I DeviceIdleController: updateChargingLocked: charging=true
11-27 18:58:16.637  1202  1202 I DeviceIdleController: becomeActiveLocked, reason = charging
11-27 18:58:17.660   445  3759 D audio_hw_primary: out_standby: enter: stream (0xf2d47f00) usecase(1: low-latency-playback)
11-27 18:58:17.734   445  3759 D audio_hw_primary: disable_audio_route: reset and update mixer path: low-latency-playback speaker
11-27 18:58:17.737   445  3759 D soundtrigger: audio_extn_sound_trigger_update_stream_status: uc_id 1 of type 0 for Event 2, with Raise=0
11-27 18:58:17.737   445  3759 D hardware_info: hw_info_append_hw_type : device_name = speaker
11-27 18:58:17.737   445  3759 D audio_hw_primary: disable_snd_device: snd_device(2: speaker)
11-27 18:58:17.737   445  3759 I soundtrigger: audio_extn_sound_trigger_update_device_status: device 0x2 of type 0 for Event 0, with Raise=0
11-27 18:58:18.594   563   563 I MSM-irqbalance: Decided to move IRQ163 from CPU0 to CPU2
11-27 18:58:19.060  4489  4489 D wpa_supplicant: wlan0: Control interface command 'SIGNAL_POLL'
11-27 18:58:19.065  4489  4489 D wpa_supplicant: CTRL-DEBUG: global_ctrl_sock-sendto: sock=11 sndbuf=212992 outq=0 send_len=48
11-27 18:58:21.153   357   357 W auditd  : type=1400 "ipacm""/dev/socket/ipacm_log_file"
11-27 18:58:21.153   357   357 W auditd  : type=1400 "ipacm""/dev/socket/ipacm_log_file"
11-27 18:58:21.153   357   357 W auditd  : type=1400 "ipacm""/dev/socket/ipacm_log_file"
11-27 18:58:21.153   357   357 W auditd  : type=1400 "ipacm""/dev/socket/ipacm_log_file"
11-27 18:58:22.078  4489  4489 D wpa_supplicant: wlan0: Control interface command 'SIGNAL_POLL'
11-27 18:58:22.080  4489  4489 D wpa_supplicant: CTRL-DEBUG: global_ctrl_sock-sendto: sock=11 sndbuf=212992 outq=0 send_len=48
11-27 18:58:22.224  1202  1367 I chatty  : uid=1000(system) android.bg expire 37 lines
11-27 18:58:22.263 16664 16839 D com.tenforwardconsulting.bgloc.DistanceFilterLocationProvider: Exiting stationary region
11-27 18:58:22.274 16664 16839 I com.tenforwardconsulting.bgloc.DistanceFilterLocationProvider: Fetching last best location: radius=1.0 minTime=1480269497274
11-27 18:58:22.285 16664 16839 D com.tenforwardconsulting.bgloc.DistanceFilterLocationProvider: Test provider=passive lat=51.5343834 lon=9.9407504 acy=2.114 v=0.6664438m/s time=1480269502196
11-27 18:58:22.293 16664 16839 D com.tenforwardconsulting.bgloc.DistanceFilterLocationProvider: Test provider=gps lat=51.53438343283775 lon=9.940750401368582 acy=2.1135814 v=0.6664438m/s time=1480269502196
11-27 18:58:22.305 16664 16839 D com.tenforwardconsulting.bgloc.DistanceFilterLocationProvider: Test provider=network lat=51.534269629056936 lon=9.940697576928702 acy=2.387113 v=0.10067349m/s time=1480269502036
11-27 18:58:22.313 16664 16839 D com.tenforwardconsulting.bgloc.DistanceFilterLocationProvider: Best result found provider=gps lat=51.53438343283775 lon=9.940750401368582 acy=2.1135814 v=0.6664438m/s time=1480269502196
11-27 18:58:22.320 16664 16839 I com.tenforwardconsulting.bgloc.DistanceFilterLocationProvider: Exited stationary: lat=51.53438343283775 long=9.940750401368582 acy=2.1135814}'
11-27 18:58:22.331 16664 16839 I com.tenforwardconsulting.bgloc.DistanceFilterLocationProvider: Setting pace: true
11-27 18:58:22.342  1202  5586 I chatty  : uid=1000(system) Binder_D expire 1 line
11-27 18:58:22.344  1202  5587 I chatty  : uid=1000(system) Binder_E expire 1 line
11-27 18:58:22.534 16664 16839 D com.tenforwardconsulting.bgloc.DistanceFilterLocationProvider: Location change: Location[network 51,534283,9,940700 acc=3 et=+3h44m36s888ms alt=160.2516632080078 vel=0.10840569 mock] isMoving=true
11-27 18:58:22.562 16664 16839 D com.tenforwardconsulting.bgloc.DistanceFilterLocationProvider: Location change: Location[network 51,534283,9,940700 acc=3 et=+3h44m36s888ms alt=160.2516632080078 vel=0.10840569 mock {Bundle[mParcelledData.dataSize=664]}] isMoving=true
11-27 18:58:22.573 16664 16839 D com.tenforwardconsulting.bgloc.DistanceFilterLocationProvider: Location change: Location[gps 51,534395,9,940757 acc=1 et=+3h44m36s889ms alt=162.8603973388672 vel=0.59746224 mock] isMoving=true
11-27 18:58:22.581 16664 16839 I com.tenforwardconsulting.bgloc.DistanceFilterLocationProvider: Setting pace: true
11-27 18:58:22.591  1202  5301 I chatty  : uid=1000(system) Binder_A expire 1 line
11-27 18:58:22.593 16664 16839 D com.marianhello.bgloc.LocationService: New location BGLocation[gps 51,534395,9,940757 id=null acc=1 t=1480269502521 et=+3h44m36s889ms alt=162.8603973388672 vel=0.59746224 mock locprov=0]
11-27 18:58:22.607 16664 16839 D com.marianhello.bgloc.LocationService: Persisted location: BGLocation[gps 51,534395,9,940757 id=239 acc=1 t=1480269502521 et=+3h44m36s889ms alt=162.8603973388672 vel=0.59746224 mock locprov=0]
11-27 18:58:22.621 16664 16744 D com.tenforwardconsulting.cordova.BackgroundGeolocationPlugin: Sending location to webview
11-27 18:58:22.624 16664 16839 D com.tenforwardconsulting.bgloc.DistanceFilterLocationProvider: Location change: Location[gps 51,534395,9,940757 acc=1 et=+3h44m36s889ms alt=162.8603973388672 vel=0.59746224 mock {Bundle[mParcelledData.dataSize=664]}] isMoving=true
11-27 18:58:22.851 16664 16839 D com.tenforwardconsulting.bgloc.DistanceFilterLocationProvider: Location change: Location[gps 51,534405,9,940747 acc=6 et=+3h44m37s203ms alt=160.72767639160156 vel=0.67855847 mock] isMoving=true
11-27 18:58:22.873 16664 16839 D com.marianhello.bgloc.LocationService: New location BGLocation[gps 51,534405,9,940747 id=null acc=6 t=1480269502823 et=+3h44m37s203ms alt=160.72767639160156 vel=0.67855847 mock locprov=0]
11-27 18:58:22.898 16664 16839 D com.marianhello.bgloc.LocationService: Persisted location: BGLocation[gps 51,534405,9,940747 id=240 acc=6 t=1480269502823 et=+3h44m37s203ms alt=160.72767639160156 vel=0.67855847 mock locprov=0]
11-27 18:58:22.910 16664 16744 D com.tenforwardconsulting.cordova.BackgroundGeolocationPlugin: Sending location to webview
11-27 18:58:23.598   563   563 I MSM-irqbalance: Decided to move IRQ57 from CPU2 to CPU3
11-27 18:58:23.874  4489  4489 D wpa_supplicant: wlan0: Control interface command 'SCAN TYPE=ONLY freq=2472,5180'
11-27 18:58:23.874  4489  4489 D wpa_supplicant: wlan0: Setting scan request: 0.000000 sec
11-27 18:58:23.874  4489  4489 D wpa_supplicant: CTRL-DEBUG: global_ctrl_sock-sendto: sock=11 sndbuf=212992 outq=0 send_len=3
11-27 18:58:23.874  4489  4489 D wpa_supplicant: wlan0: Starting AP scan for wildcard SSID
11-27 18:58:23.874  4489  4489 D wpa_supplicant: wlan0: Limit manual scan to specified channels
11-27 18:58:23.874  4489  4489 D wpa_supplicant: wlan0: Add radio work 'scan'@0x7f8569c190
11-27 18:58:23.874  4489  4489 D wpa_supplicant: wlan0: First radio work item in the queue - schedule start immediately
11-27 18:58:23.874  4489  4489 D wpa_supplicant: wlan0: Starting radio work 'scan'@0x7f8569c190 after 0.000092 second wait
11-27 18:58:23.874  4489  4489 D wpa_supplicant: wlan0: nl80211: scan request
11-27 18:58:23.875  4489  4489 D wpa_supplicant: nl80211: Scan SSID - hexdump(len=0): [NULL]
11-27 18:58:23.875  4489  4489 D wpa_supplicant: nl80211: Scan extra IEs - hexdump(len=7): 7f 05 00 00 0a 02 01
11-27 18:58:23.875  4489  4489 D wpa_supplicant: nl80211: Scan frequency 2472 MHz
11-27 18:58:23.875  4489  4489 D wpa_supplicant: nl80211: Scan frequency 5180 MHz
11-27 18:58:23.876  4489  4489 D wpa_supplicant: Scan requested (ret=0) - scan timeout 30 seconds
11-27 18:58:23.876  4489  4489 D wpa_supplicant: nl80211: Event message available
11-27 18:58:23.876  4489  4489 D wpa_supplicant: nl80211: Drv Event 33 (NL80211_CMD_TRIGGER_SCAN) received for wlan0
11-27 18:58:23.876  4489  4489 D wpa_supplicant: wlan0: nl80211: Scan trigger
11-27 18:58:23.876  4489  4489 D wpa_supplicant: wlan0: Event SCAN_STARTED (47) received
11-27 18:58:23.876  4489  4489 D wpa_supplicant: wlan0: Own scan request started a scan in 0.000229 seconds
11-27 18:58:23.876  4489  4489 D wpa_supplicant: CTRL-DEBUG: ctrl_sock-sendmsg: sock=11 sndbuf=212992 outq=768 send_len=24
11-27 18:58:23.876  4489  4489 D wpa_supplicant: CTRL_IFACE monitor sent successfully to /data/misc/wifi/sockets/wpa_ctrl_1202-2\x00
11-27 18:58:24.115  4489  4489 D wpa_supplicant: nl80211: Event message available
11-27 18:58:24.115  4489  4489 D wpa_supplicant: nl80211: Drv Event 34 (NL80211_CMD_NEW_SCAN_RESULTS) received for wlan0
11-27 18:58:24.115  4489  4489 D wpa_supplicant: wlan0: nl80211: New scan results available
11-27 18:58:24.115  4489  4489 D wpa_supplicant: nl80211: Scan included frequencies: 2472 5180
11-27 18:58:24.115  4489  4489 D wpa_supplicant: wlan0: Event SCAN_RESULTS (3) received
11-27 18:58:24.115  4489  4489 D wpa_supplicant: wlan0: Scan completed in 0.239463 seconds
11-27 18:58:24.116  4489  4489 D wpa_supplicant: nl80211: Associated on 2472 MHz
11-27 18:58:24.116  4489  4489 D wpa_supplicant: nl80211: Associated with e8:37:7a:ce:2b:89
11-27 18:58:24.116  4489  4489 D wpa_supplicant: nl80211: Received scan results (11 BSSes)
11-27 18:58:24.116  4489  4489 D wpa_supplicant: nl80211: Scan results indicate BSS status with e8:37:7a:ce:2b:89 as associated
11-27 18:58:24.116  4489  4489 D wpa_supplicant: wlan0: BSS: Start scan result update 734
11-27 18:58:24.116  4489  4489 D wpa_supplicant: BSS: last_scan_res_used=11/32
11-27 18:58:24.116  4489  4489 D wpa_supplicant: wlan0: Scan-only results received
11-27 18:58:24.116  4489  4489 D wpa_supplicant: CTRL-DEBUG: ctrl_sock-sendmsg: sock=11 sndbuf=212992 outq=0 send_len=24
11-27 18:58:24.116  4489  4489 D wpa_supplicant: CTRL_IFACE monitor sent successfully to /data/misc/wifi/sockets/wpa_ctrl_1202-2\x00
11-27 18:58:24.116  4489  4489 D wpa_supplicant: wlan0: Radio work 'scan'@0x7f8569c190 done in 0.241859 seconds
11-27 18:58:24.125  4489  4489 D wpa_supplicant: CTRL-DEBUG: global_ctrl_sock-sendto: sock=11 sndbuf=212992 outq=0 send_len=3725
11-27 18:58:24.128  4489  4489 D wpa_supplicant: CTRL-DEBUG: global_ctrl_sock-sendto: sock=11 sndbuf=212992 outq=0 send_len=3927
11-27 18:58:24.131  4489  4489 D wpa_supplicant: CTRL-DEBUG: global_ctrl_sock-sendto: sock=11 sndbuf=212992 outq=0 send_len=1743
11-27 18:58:24.139  4489  4489 D wpa_supplicant: EAPOL: EAP Session-Id not available
11-27 18:58:24.140  4489  4489 D wpa_supplicant: CTRL-DEBUG: global_ctrl_sock-sendto: sock=11 sndbuf=212992 outq=0 send_len=272
11-27 18:58:25.094  4489  4489 D wpa_supplicant: wlan0: Control interface command 'SIGNAL_POLL'
11-27 18:58:25.098  4489  4489 D wpa_supplicant: CTRL-DEBUG: global_ctrl_sock-sendto: sock=11 sndbuf=212992 outq=0 send_len=48
11-27 18:58:25.099  1202  3987 D ConnectivityService: rematching NetworkAgentInfo [WIFI () - 101]
11-27 18:58:25.100  1202  3987 D ConnectivityService:  network has: [ Transports: WIFI Capabilities: INTERNET&NOT_RESTRICTED&TRUSTED&NOT_VPN&VALIDATED LinkUpBandwidth>=1048576Kbps LinkDnBandwidth>=1048576Kbps SignalStrength: -65]
11-27 18:58:25.100  1202  3987 D ConnectivityService: Network NetworkAgentInfo [WIFI () - 101] was already satisfying request 1. No change.
11-27 18:58:25.100  1202  3987 D ConnectivityService:   checking if request is satisfied: NetworkRequest [ id=53, legacyType=-1, [ Capabilities: INTERNET&NOT_RESTRICTED&TRUSTED] ]
11-27 18:58:25.100  1202  3987 D ConnectivityService:   checking if request is satisfied: NetworkRequest [ id=3, legacyType=-1, [] ]
11-27 18:58:25.100  1202  3987 D ConnectivityService: notifyType CAP_CHANGED for NetworkAgentInfo [WIFI () - 101]
11-27 18:58:25.101  1202  3987 D ConnectivityService:  sending notification for NetworkRequest [ id=1, legacyType=-1, [ Capabilities: INTERNET&NOT_RESTRICTED&TRUSTED&NOT_VPN] ]
11-27 18:58:25.101  1202  3987 D ConnectivityService:  sending notification for NetworkRequest [ id=3, legacyType=-1, [] ]
11-27 18:58:25.102  1202  3987 D ConnectivityService: sending notification CAP_CHANGED for NetworkRequest [ id=3, legacyType=-1, [] ]
11-27 18:58:25.103  1202  3987 D ConnectivityService:  sending notification for NetworkRequest [ id=53, legacyType=-1, [ Capabilities: INTERNET&NOT_RESTRICTED&TRUSTED] ]
11-27 18:58:25.104  1202  3987 D ConnectivityService: sending notification CAP_CHANGED for NetworkRequest [ id=53, legacyType=-1, [ Capabilities: INTERNET&NOT_RESTRICTED&TRUSTED] ]
11-27 18:58:26.390   406   406 I rmt_storage: rmt_storage_connect_cb: clnt_h=0x17 conn_h=0x7f9237a000
11-27 18:58:26.391   406   406 I rmt_storage: rmt_storage_rw_iovec_cb: /boot/modem_fs1: clnt_h=0x17: req_h=0x17 msg_id=3: R/W request received
11-27 18:58:26.391   406   406 I rmt_storage: wakelock acquired: 1, error no: 42
11-27 18:58:26.391   406   930 I rmt_storage: rmt_storage_client_thread: /boot/modem_fs1: clnt_h=0x17 Unblock worker thread (th_id: 547893539904)
11-27 18:58:26.526   406   930 I rmt_storage: rmt_storage_client_thread: /boot/modem_fs1: clnt_h=0x17: req_h=0x17 msg_id=3: Bytes written = 1572864
11-27 18:58:26.527   406   930 I rmt_storage: rmt_storage_client_thread: /boot/modem_fs1: clnt_h=0x17: req_h=0x17 msg_id=3: Send response: res=0 err=0
11-27 18:58:26.527   406   930 I rmt_storage: rmt_storage_client_thread: /boot/modem_fs1: clnt_h=0x17 About to block rmt_storage client thread (th_id: 547893539904) wakelock released: 1, error no: 0
11-27 18:58:26.527   406   930 I rmt_storage: 
11-27 18:58:26.527   406   406 I rmt_storage: rmt_storage_disconnect_cb: clnt_h=0x17 conn_h=0x7f9237a000
11-27 18:58:26.557 15240 15705 I GCoreUlr: Filtering location: Location[fused 51,534427,9,940737 acc=4 et=+3h44m40s881ms alt=163.91021728515625 vel=0.123241596 mock {Bundle[{mockLocation=true, noGPSLocation=Location[fused 51,527870,9,933994 acc=20 et=+3h43m22s59ms {Bundle[mParcelledData.dataSize=204]}], locationType=1}]}]
11-27 18:58:26.557 15240 15705 I GCoreUlr: No valid location reports to store
11-27 18:58:28.063 16664 16839 D com.tenforwardconsulting.bgloc.DistanceFilterLocationProvider: Location change: Location[gps 51,534423,9,940753 acc=3 et=+3h44m42s409ms alt=164.24969482421875 vel=0.18645349 mock] isMoving=true
11-27 18:58:28.084 16664 16839 D com.marianhello.bgloc.LocationService: New location BGLocation[gps 51,534423,9,940753 id=null acc=3 t=1480269507965 et=+3h44m42s409ms alt=164.24969482421875 vel=0.18645349 mock locprov=0]
11-27 18:58:28.112  4489  4489 D wpa_supplicant: wlan0: Control interface command 'SIGNAL_POLL'
11-27 18:58:28.114  4489  4489 D wpa_supplicant: CTRL-DEBUG: global_ctrl_sock-sendto: sock=11 sndbuf=212992 outq=0 send_len=48
11-27 18:58:28.118 16664 16839 D com.marianhello.bgloc.LocationService: Persisted location: BGLocation[gps 51,534423,9,940753 id=241 acc=3 t=1480269507965 et=+3h44m42s409ms alt=164.24969482421875 vel=0.18645349 mock locprov=0]
11-27 18:58:28.133 16664 16744 D com.tenforwardconsulting.cordova.BackgroundGeolocationPlugin: Sending location to webview
11-27 18:58:28.646  1202  1202 I DeviceIdleController: updateChargingLocked: charging=true
11-27 18:58:28.646  1202  1202 I DeviceIdleController: becomeActiveLocked, reason = charging
11-27 18:58:31.130  4489  4489 D wpa_supplicant: wlan0: Control interface command 'SIGNAL_POLL'
11-27 18:58:31.135  4489  4489 D wpa_supplicant: CTRL-DEBUG: global_ctrl_sock-sendto: sock=11 sndbuf=212992 outq=0 send_len=48
11-27 18:58:31.137  1202  3987 D ConnectivityService: rematching NetworkAgentInfo [WIFI () - 101]
11-27 18:58:31.138  1202  3987 D ConnectivityService:  network has: [ Transports: WIFI Capabilities: INTERNET&NOT_RESTRICTED&TRUSTED&NOT_VPN&VALIDATED LinkUpBandwidth>=1048576Kbps LinkDnBandwidth>=1048576Kbps SignalStrength: -64]
11-27 18:58:31.138  1202  3987 D ConnectivityService: Network NetworkAgentInfo [WIFI () - 101] was already satisfying request 1. No change.
11-27 18:58:31.138  1202  3987 D ConnectivityService:   checking if request is satisfied: NetworkRequest [ id=53, legacyType=-1, [ Capabilities: INTERNET&NOT_RESTRICTED&TRUSTED] ]
11-27 18:58:31.138  1202  3987 D ConnectivityService:   checking if request is satisfied: NetworkRequest [ id=3, legacyType=-1, [] ]
11-27 18:58:31.138  1202  3987 D ConnectivityService: notifyType CAP_CHANGED for NetworkAgentInfo [WIFI () - 101]
11-27 18:58:31.139  1202  3987 D ConnectivityService:  sending notification for NetworkRequest [ id=1, legacyType=-1, [ Capabilities: INTERNET&NOT_RESTRICTED&TRUSTED&NOT_VPN] ]
11-27 18:58:31.139  1202  3987 D ConnectivityService:  sending notification for NetworkRequest [ id=3, legacyType=-1, [] ]
11-27 18:58:31.140  1202  3987 D ConnectivityService: sending notification CAP_CHANGED for NetworkRequest [ id=3, legacyType=-1, [] ]
11-27 18:58:31.141  1202  3987 D ConnectivityService:  sending notification for NetworkRequest [ id=53, legacyType=-1, [ Capabilities: INTERNET&NOT_RESTRICTED&TRUSTED] ]
11-27 18:58:31.144  1202  3987 D ConnectivityService: sending notification CAP_CHANGED for NetworkRequest [ id=53, legacyType=-1, [ Capabilities: INTERNET&NOT_RESTRICTED&TRUSTED] ]
11-27 18:58:33.624 16664 16839 D com.tenforwardconsulting.bgloc.DistanceFilterLocationProvider: Location change: Location[gps 51,534406,9,940750 acc=4 et=+3h44m47s981ms alt=162.47471618652344 vel=0.102935806 mock] isMoving=true
11-27 18:58:33.651  1202  1367 I chatty  : uid=1000(system) android.bg expire 34 lines
11-27 18:58:33.652 16664 16839 D com.marianhello.bgloc.LocationService: New location BGLocation[gps 51,534406,9,940750 id=null acc=4 t=1480269513605 et=+3h44m47s981ms alt=162.47471618652344 vel=0.102935806 mock locprov=0]
11-27 18:58:33.676 16664 16839 D com.marianhello.bgloc.LocationService: Persisted location: BGLocation[gps 51,534406,9,940750 id=242 acc=4 t=1480269513605 et=+3h44m47s981ms alt=162.47471618652344 vel=0.102935806 mock locprov=0]
11-27 18:58:33.684 16664 16744 D com.tenforwardconsulting.cordova.BackgroundGeolocationPlugin: Sending location to webview
11-27 18:58:34.156  4489  4489 D wpa_supplicant: wlan0: Control interface command 'SIGNAL_POLL'
11-27 18:58:34.158  4489  4489 D wpa_supplicant: CTRL-DEBUG: global_ctrl_sock-sendto: sock=11 sndbuf=212992 outq=0 send_len=48
11-27 18:58:34.638  1202  1202 I DeviceIdleController: updateChargingLocked: charging=true
11-27 18:58:34.638  1202  1202 I DeviceIdleController: becomeActiveLocked, reason = charging
11-27 18:58:36.915   357   357 W auditd  : type=1400 "ipacm""/dev/socket/ipacm_log_file"
11-27 18:58:36.915   357   357 W auditd  : type=1400 "ipacm""/dev/socket/ipacm_log_file"
11-27 18:58:36.916   357   357 W auditd  : type=1400 "ipacm""/dev/socket/ipacm_log_file"
11-27 18:58:36.917   357   357 W auditd  : type=1400 "ipacm""/dev/socket/ipacm_log_file"
11-27 18:58:37.176  4489  4489 D wpa_supplicant: wlan0: Control interface command 'SIGNAL_POLL'
11-27 18:58:37.180  4489  4489 D wpa_supplicant: CTRL-DEBUG: global_ctrl_sock-sendto: sock=11 sndbuf=212992 outq=0 send_len=48
11-27 18:58:38.494   357   357 W auditd  : type=1400 "ipacm""/dev/socket/ipacm_log_file"
11-27 18:58:38.495   357   357 W auditd  : type=1400 "ipacm""/dev/socket/ipacm_log_file"
11-27 18:58:38.495   357   357 W auditd  : type=1400 "ipacm""/dev/socket/ipacm_log_file"
11-27 18:58:38.495   357   357 W auditd  : type=1400 "ipacm""/dev/socket/ipacm_log_file"
11-27 18:58:38.495   357   357 W auditd  : type=1400 "ipacm""/dev/socket/ipacm_log_file"
11-27 18:58:38.534 16664 16839 D com.tenforwardconsulting.bgloc.DistanceFilterLocationProvider: Location change: Location[gps 51,534415,9,940701 acc=3 et=+3h44m52s885ms alt=164.23927307128906 vel=0.537593 mock] isMoving=true
11-27 18:58:38.565 16664 16839 D com.marianhello.bgloc.LocationService: New location BGLocation[gps 51,534415,9,940701 id=null acc=3 t=1480269518500 et=+3h44m52s885ms alt=164.23927307128906 vel=0.537593 mock locprov=0]
11-27 18:58:38.587 16664 16839 D com.marianhello.bgloc.LocationService: Persisted location: BGLocation[gps 51,534415,9,940701 id=243 acc=3 t=1480269518500 et=+3h44m52s885ms alt=164.23927307128906 vel=0.537593 mock locprov=0]
11-27 18:58:38.596 16664 16744 D com.tenforwardconsulting.cordova.BackgroundGeolocationPlugin: Sending location to webview
11-27 18:58:40.195  4489  4489 D wpa_supplicant: wlan0: Control interface command 'SIGNAL_POLL'
11-27 18:58:40.199  4489  4489 D wpa_supplicant: CTRL-DEBUG: global_ctrl_sock-sendto: sock=11 sndbuf=212992 outq=0 send_len=48
11-27 18:58:40.642  1202  1202 I DeviceIdleController: updateChargingLocked: charging=true
11-27 18:58:40.643  1202  1202 I DeviceIdleController: becomeActiveLocked, reason = charging
11-27 18:58:41.633 15240 15705 I GCoreUlr: Filtering location: Location[fused 51,534391,9,940713 acc=4 et=+3h44m55s956ms alt=161.783447265625 vel=0.40191948 mock {Bundle[{mockLocation=true, noGPSLocation=Location[fused 51,527870,9,933994 acc=20 et=+3h43m22s59ms {Bundle[mParcelledData.dataSize=204]}], locationType=1}]}]
11-27 18:58:41.633 15240 15705 I GCoreUlr: No valid location reports to store
11-27 18:58:43.210  4489  4489 D wpa_supplicant: wlan0: Control interface command 'SIGNAL_POLL'
11-27 18:58:43.212  4489  4489 D wpa_supplicant: CTRL-DEBUG: global_ctrl_sock-sendto: sock=11 sndbuf=212992 outq=0 send_len=48
11-27 18:58:43.451 16664 16839 D com.tenforwardconsulting.bgloc.DistanceFilterLocationProvider: Location change: Location[gps 51,534442,9,940746 acc=2 et=+3h44m57s808ms alt=162.56581115722656 vel=0.36895588 mock] isMoving=true
11-27 18:58:43.497 16664 16839 D com.marianhello.bgloc.LocationService: New location BGLocation[gps 51,534442,9,940746 id=null acc=2 t=1480269523289 et=+3h44m57s808ms alt=162.56581115722656 vel=0.36895588 mock locprov=0]
11-27 18:58:43.520 16664 16839 D com.marianhello.bgloc.LocationService: Persisted location: BGLocation[gps 51,534442,9,940746 id=244 acc=2 t=1480269523289 et=+3h44m57s808ms alt=162.56581115722656 vel=0.36895588 mock locprov=0]
11-27 18:58:43.528 16664 16744 D com.tenforwardconsulting.cordova.BackgroundGeolocationPlugin: Sending location to webview
11-27 18:58:43.876  4489  4489 D wpa_supplicant: wlan0: Control interface command 'SCAN TYPE=ONLY freq=2472,5180'
11-27 18:58:43.876  4489  4489 D wpa_supplicant: wlan0: Setting scan request: 0.000000 sec
11-27 18:58:43.876  4489  4489 D wpa_supplicant: CTRL-DEBUG: global_ctrl_sock-sendto: sock=11 sndbuf=212992 outq=0 send_len=3
11-27 18:58:43.877  4489  4489 D wpa_supplicant: wlan0: Starting AP scan for wildcard SSID
11-27 18:58:43.877  4489  4489 D wpa_supplicant: wlan0: Limit manual scan to specified channels
11-27 18:58:43.877  4489  4489 D wpa_supplicant: wlan0: Add radio work 'scan'@0x7f8569c280
11-27 18:58:43.877  4489  4489 D wpa_supplicant: wlan0: First radio work item in the queue - schedule start immediately
11-27 18:58:43.877  4489  4489 D wpa_supplicant: wlan0: Starting radio work 'scan'@0x7f8569c280 after 0.000159 second wait
11-27 18:58:43.877  4489  4489 D wpa_supplicant: wlan0: nl80211: scan request
11-27 18:58:43.877  4489  4489 D wpa_supplicant: nl80211: Scan SSID - hexdump(len=0): [NULL]
11-27 18:58:43.878  4489  4489 D wpa_supplicant: nl80211: Scan extra IEs - hexdump(len=7): 7f 05 00 00 0a 02 01
11-27 18:58:43.878  4489  4489 D wpa_supplicant: nl80211: Scan frequency 2472 MHz
11-27 18:58:43.878  4489  4489 D wpa_supplicant: nl80211: Scan frequency 5180 MHz
11-27 18:58:43.883  4489  4489 D wpa_supplicant: Scan requested (ret=0) - scan timeout 30 seconds
11-27 18:58:43.883  4489  4489 D wpa_supplicant: nl80211: Event message available
11-27 18:58:43.883  4489  4489 D wpa_supplicant: nl80211: Drv Event 33 (NL80211_CMD_TRIGGER_SCAN) received for wlan0
11-27 18:58:43.884  4489  4489 D wpa_supplicant: wlan0: nl80211: Scan trigger
11-27 18:58:43.885  4489  4489 D wpa_supplicant: wlan0: Event SCAN_STARTED (47) received
11-27 18:58:43.886  4489  4489 D wpa_supplicant: wlan0: Own scan request started a scan in 0.002587 seconds
11-27 18:58:43.886  4489  4489 D wpa_supplicant: CTRL-DEBUG: ctrl_sock-sendmsg: sock=11 sndbuf=212992 outq=0 send_len=24
11-27 18:58:43.886  4489  4489 D wpa_supplicant: CTRL_IFACE monitor sent successfully to /data/misc/wifi/sockets/wpa_ctrl_1202-2\x00
11-27 18:58:44.072  1202  1367 I chatty  : uid=1000(system) android.bg expire 37 lines
11-27 18:58:44.092  4489  4489 D wpa_supplicant: nl80211: Event message available
11-27 18:58:44.092  4489  4489 D wpa_supplicant: nl80211: Drv Event 34 (NL80211_CMD_NEW_SCAN_RESULTS) received for wlan0
11-27 18:58:44.092  4489  4489 D wpa_supplicant: wlan0: nl80211: New scan results available
11-27 18:58:44.093  4489  4489 D wpa_supplicant: nl80211: Scan included frequencies: 2472 5180
11-27 18:58:44.093  4489  4489 D wpa_supplicant: wlan0: Event SCAN_RESULTS (3) received
11-27 18:58:44.093  4489  4489 D wpa_supplicant: wlan0: Scan completed in 0.206842 seconds
11-27 18:58:44.093  4489  4489 D wpa_supplicant: nl80211: Associated on 2472 MHz
11-27 18:58:44.093  4489  4489 D wpa_supplicant: nl80211: Associated with e8:37:7a:ce:2b:89
11-27 18:58:44.093  4489  4489 D wpa_supplicant: nl80211: Received scan results (11 BSSes)
11-27 18:58:44.093  4489  4489 D wpa_supplicant: nl80211: Scan results indicate BSS status with e8:37:7a:ce:2b:89 as associated
11-27 18:58:44.093  4489  4489 D wpa_supplicant: wlan0: BSS: Start scan result update 735
11-27 18:58:44.093  4489  4489 D wpa_supplicant: BSS: last_scan_res_used=11/32
11-27 18:58:44.093  4489  4489 D wpa_supplicant: wlan0: Scan-only results received
11-27 18:58:44.093  4489  4489 D wpa_supplicant: CTRL-DEBUG: ctrl_sock-sendmsg: sock=11 sndbuf=212992 outq=0 send_len=24
11-27 18:58:44.093  4489  4489 D wpa_supplicant: CTRL_IFACE monitor sent successfully to /data/misc/wifi/sockets/wpa_ctrl_1202-2\x00
11-27 18:58:44.093  4489  4489 D wpa_supplicant: wlan0: Radio work 'scan'@0x7f8569c280 done in 0.216124 seconds
11-27 18:58:44.100  4489  4489 D wpa_supplicant: CTRL-DEBUG: global_ctrl_sock-sendto: sock=11 sndbuf=212992 outq=0 send_len=3725
11-27 18:58:44.103  4489  4489 D wpa_supplicant: CTRL-DEBUG: global_ctrl_sock-sendto: sock=11 sndbuf=212992 outq=0 send_len=3927
11-27 18:58:44.105  4489  4489 D wpa_supplicant: CTRL-DEBUG: global_ctrl_sock-sendto: sock=11 sndbuf=212992 outq=0 send_len=1743
11-27 18:58:44.113  4489  4489 D wpa_supplicant: EAPOL: EAP Session-Id not available
11-27 18:58:44.113  4489  4489 D wpa_supplicant: CTRL-DEBUG: global_ctrl_sock-sendto: sock=11 sndbuf=212992 outq=0 send_len=272
11-27 18:58:45.639  1202  3939 V AlarmManager: Triggering alarm #0: Alarm{2130aee type 2 when 13431922 com.instagram.android}operation =Intent { act=action_batch_upload cmp=com.instagram.android/com.instagram.common.analytics.AnalyticsUploadAlarmReceiver }
11-27 18:58:45.639  1202  3939 V AlarmManager: Triggering alarm #1: Alarm{1845b8f type 3 when 13457645 com.google.android.gms}operation =Intent { cmp=com.google.android.gms/.lockbox.LockboxAlarmReceiver }
11-27 18:58:45.640  1202  3939 V AlarmManager: Triggering alarm #2: Alarm{8dabe1c type 3 when 13500000 com.google.android.apps.fitness}operation =Intent { cmp=com.google.android.apps.fitness/.api.services.alarmreceivers.ActivityDetectionAlarmReceiver }
11-27 18:58:45.658  1202  1389 I ActivityManager: Start proc 17511:com.instagram.android/u0a394 for broadcast com.instagram.android/com.instagram.common.analytics.AnalyticsUploadAlarmReceiver
11-27 18:58:46.088 17511 17511 I IgDiscardableRuntime: JNI_OnLoad
11-27 18:58:46.121  1202  5587 I ActivityManager: Killing 15631:com.google.android.apps.fitness/u0a555 (adj 15): empty #11
11-27 18:58:46.121  1202  1367 V ActivityManager: killProcessGroupAsync took 0 ms for PID 15631 on thread 14
11-27 18:58:46.130 17511 17511 W ColdStartPerformanceTracer: .                   TOTAL   THREAD
11-27 18:58:46.130 17511 17511 W ColdStartPerformanceTracer: ____0 00.000 Start    ...     ...   ColdStartPerformanceTracer
11-27 18:58:46.130 17511 17511 W ColdStartPerformanceTracer: ___58 00.058 Comment  ...     ...   |  init_to_auth_helper_started
11-27 18:58:46.130 17511 17511 W ColdStartPerformanceTracer: __125 00.183 Comment  ...     ...   |  init_to_app_created
11-27 18:58:46.130 17511 17511 W ColdStartPerformanceTracer: -13500477 -13500.294 Done -13500294 ms __-95 ms ColdStartPerformanceTracer
11-27 18:58:46.134  1202  4874 I chatty  : uid=1000(system) Binder_7 expire 1 line
11-27 18:58:46.139  1202  4874 W BroadcastQueue: Exception when sending broadcast to ComponentInfo{com.google.android.apps.fitness/com.google.android.apps.fitness.api.services.alarmreceivers.ActivityDetectionAlarmReceiver}
11-27 18:58:46.139  1202  4874 W BroadcastQueue: android.os.DeadObjectException: Transaction failed on small parcel; remote process probably died
11-27 18:58:46.139  1202  4874 W BroadcastQueue: 	at android.os.BinderProxy.transactNative(Native Method)
11-27 18:58:46.139  1202  4874 W BroadcastQueue: 	at android.os.BinderProxy.transact(Binder.java:527)
11-27 18:58:46.139  1202  4874 W BroadcastQueue: 	at android.app.ApplicationThreadProxy.scheduleReceiver(ApplicationThreadNative.java:908)
11-27 18:58:46.139  1202  4874 W BroadcastQueue: 	at com.android.server.am.BroadcastQueue.processCurBroadcastLocked(BroadcastQueue.java:327)
11-27 18:58:46.139  1202  4874 W BroadcastQueue: 	at com.android.server.am.BroadcastQueue.processNextBroadcast(BroadcastQueue.java:1160)
11-27 18:58:46.139  1202  4874 W BroadcastQueue: 	at com.android.server.am.ActivityManagerService.finishReceiver(ActivityManagerService.java:18281)
11-27 18:58:46.139  1202  4874 W BroadcastQueue: 	at android.app.ActivityManagerNative.onTransact(ActivityManagerNative.java:496)
11-27 18:58:46.139  1202  4874 W BroadcastQueue: 	at com.android.server.am.ActivityManagerService.onTransact(ActivityManagerService.java:2868)
11-27 18:58:46.139  1202  4874 W BroadcastQueue: 	at android.os.Binder.execTransact(Binder.java:458)
11-27 18:58:46.139  1202  1367 V ActivityManager: killProcessGroupAsync took 0 ms for PID 15631 on thread 14
11-27 18:58:46.152  1202  4874 I ActivityManager: Start proc 17536:com.google.android.apps.fitness/u0a555 for broadcast com.google.android.apps.fitness/.api.services.alarmreceivers.ActivityDetectionAlarmReceiver
11-27 18:58:46.178  1202  6083 W libprocessgroup: failed to open /acct/uid_10555/pid_15631/cgroup.procs: No such file or directory
11-27 18:58:46.207 17536 17536 W System  : ClassLoader referenced unknown path: /data/app/com.google.android.apps.fitness-1/lib/arm64
11-27 18:58:46.213 17536 17536 I MultiDex: VM with version 2.1.0 has multidex support
11-27 18:58:46.213 17536 17536 I MultiDex: install
11-27 18:58:46.213 17536 17536 I MultiDex: VM has multidex support, MultiDex support library is disabled.
11-27 18:58:46.220  1202  5335 D ConnectivityService: listenForNetwork for Listen from uid/pid:10394/17511 for NetworkRequest [ id=54, legacyType=-1, [ Capabilities: INTERNET&NOT_RESTRICTED&TRUSTED&NOT_VPN] ]
11-27 18:58:46.221  1202  3987 D ConnectivityService: rematching NetworkAgentInfo [WIFI () - 101]
11-27 18:58:46.221  1202  3987 D ConnectivityService:  network has: [ Transports: WIFI Capabilities: INTERNET&NOT_RESTRICTED&TRUSTED&NOT_VPN&VALIDATED LinkUpBandwidth>=1048576Kbps LinkDnBandwidth>=1048576Kbps SignalStrength: -64]
11-27 18:58:46.221  1202  3987 D ConnectivityService: Network NetworkAgentInfo [WIFI () - 101] was already satisfying request 1. No change.
11-27 18:58:46.221  1202  3987 D ConnectivityService:   checking if request is satisfied: NetworkRequest [ id=54, legacyType=-1, [ Capabilities: INTERNET&NOT_RESTRICTED&TRUSTED&NOT_VPN] ]
11-27 18:58:46.221  1202  3987 D ConnectivityService:   checking if request is satisfied: NetworkRequest [ id=53, legacyType=-1, [ Capabilities: INTERNET&NOT_RESTRICTED&TRUSTED] ]
11-27 18:58:46.221  1202  3987 D ConnectivityService:   checking if request is satisfied: NetworkRequest [ id=3, legacyType=-1, [] ]
11-27 18:58:46.221  1202  3987 D ConnectivityService: sending notification AVAILABLE for NetworkRequest [ id=54, legacyType=-1, [ Capabilities: INTERNET&NOT_RESTRICTED&TRUSTED&NOT_VPN] ]
11-27 18:58:46.223  4489  4489 D wpa_supplicant: wlan0: Control interface command 'SIGNAL_POLL'
11-27 18:58:46.226  4489  4489 D wpa_supplicant: CTRL-DEBUG: global_ctrl_sock-sendto: sock=11 sndbuf=212992 outq=0 send_len=48
11-27 18:58:46.397 17536 17536 I Fit     : Initializing Google Cloud Messaging
11-27 18:58:46.418 17536 17536 I Fit     : FitnessPhenotype
11-27 18:58:46.488 17536 17536 I Fit     : ActivityDetectionAlarmReceiver
11-27 18:58:46.540  1202  4879 I ActivityManager: Killing 15687:com.google.process.gapps/u0a118 (adj 15): empty #11
11-27 18:58:46.542  1202  1367 V ActivityManager: killProcessGroupAsync took 0 ms for PID 15687 on thread 14
11-27 18:58:46.564 17536 17536 I Fit     : Phenotype register status = Status{statusCode=SUCCESS, resolution=null}
11-27 18:58:46.636  1202  1202 I DeviceIdleController: updateChargingLocked: charging=true
11-27 18:58:46.636  1202  1202 I DeviceIdleController: becomeActiveLocked, reason = charging
11-27 18:58:48.657 16664 16839 D com.tenforwardconsulting.bgloc.DistanceFilterLocationProvider: Location change: Location[gps 51,534415,9,940779 acc=6 et=+3h45m3s7ms alt=163.56430053710938 vel=0.63792145 mock] isMoving=true
11-27 18:58:48.684 16664 16839 D com.marianhello.bgloc.LocationService: New location BGLocation[gps 51,534415,9,940779 id=null acc=6 t=1480269528524 et=+3h45m3s7ms alt=163.56430053710938 vel=0.63792145 mock locprov=0]
11-27 18:58:48.702 16664 16839 D com.marianhello.bgloc.LocationService: Persisted location: BGLocation[gps 51,534415,9,940779 id=245 acc=6 t=1480269528524 et=+3h45m3s7ms alt=163.56430053710938 vel=0.63792145 mock locprov=0]
11-27 18:58:48.711 16664 16744 D com.tenforwardconsulting.cordova.BackgroundGeolocationPlugin: Sending location to webview
11-27 18:58:49.238  4489  4489 D wpa_supplicant: wlan0: Control interface command 'SIGNAL_POLL'
11-27 18:58:49.245  4489  4489 D wpa_supplicant: CTRL-DEBUG: global_ctrl_sock-sendto: sock=11 sndbuf=212992 outq=0 send_len=48
11-27 18:58:52.157 17511 17511 E ActivityThread: Failed to find provider info for com.facebook.katana.provider.AttributionIdProvider
11-27 18:58:52.195 17511 17529 E ActivityThread: Failed to find provider info for com.facebook.katana.provider.AttributionIdProvider
11-27 18:58:52.254  4489  4489 D wpa_supplicant: wlan0: Control interface command 'SIGNAL_POLL'
11-27 18:58:52.257  4489  4489 D wpa_supplicant: CTRL-DEBUG: global_ctrl_sock-sendto: sock=11 sndbuf=212992 outq=0 send_len=48
11-27 18:58:52.650  1202  1202 I DeviceIdleController: updateChargingLocked: charging=true
11-27 18:58:52.650  1202  1202 I DeviceIdleController: becomeActiveLocked, reason = charging
